load config file done!
Global random seed set to: 2026
>>>>>>>>>>B-I statistics>>>>>>>>>>
Average interactions 3.86061954498291
Non-zero rows 1.0
Non-zero columns 1.0
Matrix density 9.070365408454437e-05
>>>>>>>>>>U-I statistics>>>>>>>>>>
Average interactions 42.50041580200195
Non-zero rows 0.9989980889474368
Non-zero columns 0.9486643328712732
Matrix density 0.0009985296492948938
>>>>>>>>>>U-B statistics in train>>>>>>>>>>
Average interactions 22.5184326171875
Non-zero rows 1.0
Non-zero columns 1.0
Matrix density 0.0008131159568128954
>>>>>>>>>>U-B statistics in tune>>>>>>>>>>
Average interactions 2.764662265777588
Non-zero rows 1.0
Non-zero columns 0.8580558965840976
Matrix density 9.98289241748367e-05
>>>>>>>>>>U-B statistics in test>>>>>>>>>>
Average interactions 5.882052898406982
Non-zero rows 1.0
Non-zero columns 0.9736043908427818
Matrix density 0.00021239448271911793
{'data_path': './datasets', 'train_style': 'dwt', 'batch_size_train': 2048, 'batch_size_test': 2048, 'topk': [10, 20, 40, 80], 'neg_num': 1, 'seed': 2026, 'aug_type': 'Noise', 'ed_interval': 1, 'embedding_sizes': [64], 'num_layerss': [2], 'UB_ratios': [0.05], 'UI_ratios': [0.0], 'BI_ratios': [0.2], 'fusion_weights': {'modal_weight': [0.0, 0.5, 0.5], 'UB_layer': [0.5, 0.5, 0.0], 'UI_layer': [0.3, 0.4, 0.3], 'BI_layer': [0.5, 0.5, 0.0]}, 'lrs': [0.001], 'l2_regs': [1e-05], 'c_lambdas': [0.1], 'c_temps': [0.2], 'epochs': 30, 'test_interval': 5, 'dwt': {'rebuild_strategy': 'diffusion', 'use_latent_diffusion_rebuild': True, 'rebuild_k': 7, 'latent_diffusion_user_embedding_path': './datasets/iFashion_UB_emb/iFashion_UB-user-04261842.pt', 'latent_diffusion_bundle_embedding_path': './datasets/iFashion_UB_emb/iFashion_UB-bundle-04261842.pt', 'latent_diffusion_hidden_dim': 128, 'latent_diffusion_time_dim': 16, 'latent_diffusion_denoiser_layers': 2, 'latent_diffusion_dropout': 0.1, 'latent_diffusion_num_steps': 12, 'latent_diffusion_beta_start': 0.0001, 'latent_diffusion_beta_end': 0.02, 'latent_diffusion_set_loss_weight': 0.05, 'latent_diffusion_lr': 0.001, 'latent_diffusion_weight_decay': 1e-05, 'latent_diffusion_batch_size': 1024, 'latent_diffusion_infer_batch_size': 256, 'latent_diffusion_reset_after_epoch': -1, 'latent_diffusion_reset_optimizer': False, 'gamma_1': 0.3, 'gamma_2': 0.2, 'tau': 0.08, 'lambda_1': 0.3, 'lambda_2': 1e-06}, 'anchor_cl': {'enabled': False, 'anchor_cl_lambda': 0.07, 'temp': 0.2, 'user_cl': True, 'bundle_cl': True, 'ub_ui_user_weight': 1.0, 'ub_bi_user_weight': 1.0, 'ub_ui_bundle_weight': 1.0, 'ub_bi_bundle_weight': 1.0}, 'ui_bundle_user_agg_beta': 0, 'bi_user_bundle_agg_beta': 0, 'dataset': 'iFashion', 'model': 'AnchorViewBundleNet', 'gpu': '0', 'info': 'M1A_diff_k7', 'num_users': 53897, 'num_bundles': 27694, 'num_items': 42563, 'device': device(type='cuda', index=0)}
train_style: dwt
==================== DWT Module1 experiment: dataset=iFashion strategy=diffusion k=7 info=M1A_diff_k7 ====================
[Module1 Ablation] diffusion_rebuilder=enabled; ub_rebuild_schedule=latent diffusion train+rebuild every epoch
[Module1 Ablation] experiment=M1A_diff_k7 strategy=diffusion k=7 epoch=1/30
>>>>>>>>>>U-B statistics from Latent diffusion rebuild>>>>>>>>>>
Average interactions 7.0
Non-zero rows 1.0
Non-zero columns 0.3770852892323247
Matrix density 0.0002527623311908717
[ub_rebuild/diffusion] epoch=1 dataset=iFashion loss=0.080877 rebuilt_edges=377279 avg_user_edges=7.000000 user_coverage=1.000000 bundle_coverage=0.377085 density=0.0002527623
[Module1 Ablation] experiment=M1A_diff_k7 strategy=diffusion k=7 epoch=2/30
[ub_rebuild/diffusion] epoch=2 dataset=iFashion loss=0.040972 rebuilt_edges=377279 avg_user_edges=7.000000 user_coverage=1.000000 bundle_coverage=0.414530 density=0.0002527623
[Module1 Ablation] experiment=M1A_diff_k7 strategy=diffusion k=7 epoch=3/30
[ub_rebuild/diffusion] epoch=3 dataset=iFashion loss=0.035385 rebuilt_edges=377279 avg_user_edges=7.000000 user_coverage=1.000000 bundle_coverage=0.427818 density=0.0002527623
[Module1 Ablation] experiment=M1A_diff_k7 strategy=diffusion k=7 epoch=4/30
[ub_rebuild/diffusion] epoch=4 dataset=iFashion loss=0.033036 rebuilt_edges=377279 avg_user_edges=7.000000 user_coverage=1.000000 bundle_coverage=0.433199 density=0.0002527623
[Module1 Ablation] experiment=M1A_diff_k7 strategy=diffusion k=7 epoch=5/30
[ub_rebuild/diffusion] epoch=5 dataset=iFashion loss=0.031726 rebuilt_edges=377279 avg_user_edges=7.000000 user_coverage=1.000000 bundle_coverage=0.444067 density=0.0002527623
2026-06-16 05:11:26, Top_10, Val:  recall: 0.094030, ndcg: 0.074110
2026-06-16 05:11:26, Top_10, Test: recall: 0.095993, ndcg: 0.100141
--------------------
2026-06-16 05:11:26, Top_20, Val:  recall: 0.125003, ndcg: 0.084336
2026-06-16 05:11:26, Top_20, Test: recall: 0.126817, ndcg: 0.112441
--------------------
2026-06-16 05:11:26, Top_40, Val:  recall: 0.161872, ndcg: 0.094327
2026-06-16 05:11:26, Top_40, Test: recall: 0.164000, ndcg: 0.125490
--------------------
2026-06-16 05:11:26, Top_80, Val:  recall: 0.205982, ndcg: 0.104359
2026-06-16 05:11:26, Top_80, Test: recall: 0.207014, ndcg: 0.138312
--------------------
top20 as the final evaluation standard
褰撳墠缃戞牸鍙傛暟: 0.00 + 0.00
2026-06-16 05:11:26, Best in epoch 4, TOP 10: REC_V=0.09403, NDCG_V=0.07411
2026-06-16 05:11:26, Best in epoch 4, TOP 10: REC_T=0.09599, NDCG_T=0.10014
2026-06-16 05:11:26, Best in epoch 4, TOP 20: REC_V=0.12500, NDCG_V=0.08434
2026-06-16 05:11:26, Best in epoch 4, TOP 20: REC_T=0.12682, NDCG_T=0.11244
2026-06-16 05:11:26, Best in epoch 4, TOP 40: REC_V=0.16187, NDCG_V=0.09433
2026-06-16 05:11:26, Best in epoch 4, TOP 40: REC_T=0.16400, NDCG_T=0.12549
2026-06-16 05:11:26, Best in epoch 4, TOP 80: REC_V=0.20598, NDCG_V=0.10436
2026-06-16 05:11:26, Best in epoch 4, TOP 80: REC_T=0.20701, NDCG_T=0.13831
[Module1 Ablation] experiment=M1A_diff_k7 strategy=diffusion k=7 epoch=6/30
[ub_rebuild/diffusion] epoch=6 dataset=iFashion loss=0.030863 rebuilt_edges=377279 avg_user_edges=7.000000 user_coverage=1.000000 bundle_coverage=0.442912 density=0.0002527623
[Module1 Ablation] experiment=M1A_diff_k7 strategy=diffusion k=7 epoch=7/30
[ub_rebuild/diffusion] epoch=7 dataset=iFashion loss=0.030328 rebuilt_edges=377279 avg_user_edges=7.000000 user_coverage=1.000000 bundle_coverage=0.443959 density=0.0002527623
[Module1 Ablation] experiment=M1A_diff_k7 strategy=diffusion k=7 epoch=8/30
[ub_rebuild/diffusion] epoch=8 dataset=iFashion loss=0.029869 rebuilt_edges=377279 avg_user_edges=7.000000 user_coverage=1.000000 bundle_coverage=0.448761 density=0.0002527623
[Module1 Ablation] experiment=M1A_diff_k7 strategy=diffusion k=7 epoch=9/30
[ub_rebuild/diffusion] epoch=9 dataset=iFashion loss=0.029543 rebuilt_edges=377279 avg_user_edges=7.000000 user_coverage=1.000000 bundle_coverage=0.449592 density=0.0002527623
[Module1 Ablation] experiment=M1A_diff_k7 strategy=diffusion k=7 epoch=10/30
[ub_rebuild/diffusion] epoch=10 dataset=iFashion loss=0.029281 rebuilt_edges=377279 avg_user_edges=7.000000 user_coverage=1.000000 bundle_coverage=0.452228 density=0.0002527623
2026-06-16 05:16:54, Top_10, Val:  recall: 0.108867, ndcg: 0.083887
2026-06-16 05:16:54, Top_10, Test: recall: 0.110208, ndcg: 0.112752
--------------------
2026-06-16 05:16:54, Top_20, Val:  recall: 0.145934, ndcg: 0.096129
2026-06-16 05:16:54, Top_20, Test: recall: 0.148218, ndcg: 0.127946
--------------------
2026-06-16 05:16:54, Top_40, Val:  recall: 0.191127, ndcg: 0.108388
2026-06-16 05:16:54, Top_40, Test: recall: 0.192529, ndcg: 0.143555
--------------------
2026-06-16 05:16:54, Top_80, Val:  recall: 0.243112, ndcg: 0.120242
2026-06-16 05:16:54, Top_80, Test: recall: 0.243743, ndcg: 0.158834
--------------------
top20 as the final evaluation standard
褰撳墠缃戞牸鍙傛暟: 0.00 + 0.00
2026-06-16 05:16:54, Best in epoch 9, TOP 10: REC_V=0.10887, NDCG_V=0.08389
2026-06-16 05:16:54, Best in epoch 9, TOP 10: REC_T=0.11021, NDCG_T=0.11275
2026-06-16 05:16:54, Best in epoch 9, TOP 20: REC_V=0.14593, NDCG_V=0.09613
2026-06-16 05:16:54, Best in epoch 9, TOP 20: REC_T=0.14822, NDCG_T=0.12795
2026-06-16 05:16:54, Best in epoch 9, TOP 40: REC_V=0.19113, NDCG_V=0.10839
2026-06-16 05:16:54, Best in epoch 9, TOP 40: REC_T=0.19253, NDCG_T=0.14355
2026-06-16 05:16:54, Best in epoch 9, TOP 80: REC_V=0.24311, NDCG_V=0.12024
2026-06-16 05:16:54, Best in epoch 9, TOP 80: REC_T=0.24374, NDCG_T=0.15883
[Module1 Ablation] experiment=M1A_diff_k7 strategy=diffusion k=7 epoch=11/30
[ub_rebuild/diffusion] epoch=11 dataset=iFashion loss=0.029114 rebuilt_edges=377279 avg_user_edges=7.000000 user_coverage=1.000000 bundle_coverage=0.449700 density=0.0002527623
[Module1 Ablation] experiment=M1A_diff_k7 strategy=diffusion k=7 epoch=12/30
[ub_rebuild/diffusion] epoch=12 dataset=iFashion loss=0.028972 rebuilt_edges=377279 avg_user_edges=7.000000 user_coverage=1.000000 bundle_coverage=0.458800 density=0.0002527623
[Module1 Ablation] experiment=M1A_diff_k7 strategy=diffusion k=7 epoch=13/30
[ub_rebuild/diffusion] epoch=13 dataset=iFashion loss=0.028755 rebuilt_edges=377279 avg_user_edges=7.000000 user_coverage=1.000000 bundle_coverage=0.456525 density=0.0002527623
[Module1 Ablation] experiment=M1A_diff_k7 strategy=diffusion k=7 epoch=14/30
[ub_rebuild/diffusion] epoch=14 dataset=iFashion loss=0.028642 rebuilt_edges=377279 avg_user_edges=7.000000 user_coverage=1.000000 bundle_coverage=0.452950 density=0.0002527623
[Module1 Ablation] experiment=M1A_diff_k7 strategy=diffusion k=7 epoch=15/30
[ub_rebuild/diffusion] epoch=15 dataset=iFashion loss=0.028544 rebuilt_edges=377279 avg_user_edges=7.000000 user_coverage=1.000000 bundle_coverage=0.453167 density=0.0002527623
2026-06-16 05:22:15, Top_10, Val:  recall: 0.111201, ndcg: 0.084445
2026-06-16 05:22:15, Top_10, Test: recall: 0.112591, ndcg: 0.113498
--------------------
2026-06-16 05:22:15, Top_20, Val:  recall: 0.152460, ndcg: 0.098085
2026-06-16 05:22:15, Top_20, Test: recall: 0.153916, ndcg: 0.130083
--------------------
2026-06-16 05:22:15, Top_40, Val:  recall: 0.200853, ndcg: 0.111210
2026-06-16 05:22:15, Top_40, Test: recall: 0.202372, ndcg: 0.147143
--------------------
2026-06-16 05:22:15, Top_80, Val:  recall: 0.256993, ndcg: 0.124024
2026-06-16 05:22:15, Top_80, Test: recall: 0.257481, ndcg: 0.163588
--------------------
top20 as the final evaluation standard
褰撳墠缃戞牸鍙傛暟: 0.00 + 0.00
2026-06-16 05:22:15, Best in epoch 14, TOP 10: REC_V=0.11120, NDCG_V=0.08444
2026-06-16 05:22:15, Best in epoch 14, TOP 10: REC_T=0.11259, NDCG_T=0.11350
2026-06-16 05:22:15, Best in epoch 14, TOP 20: REC_V=0.15246, NDCG_V=0.09808
2026-06-16 05:22:15, Best in epoch 14, TOP 20: REC_T=0.15392, NDCG_T=0.13008
2026-06-16 05:22:15, Best in epoch 14, TOP 40: REC_V=0.20085, NDCG_V=0.11121
2026-06-16 05:22:15, Best in epoch 14, TOP 40: REC_T=0.20237, NDCG_T=0.14714
2026-06-16 05:22:15, Best in epoch 14, TOP 80: REC_V=0.25699, NDCG_V=0.12402
2026-06-16 05:22:15, Best in epoch 14, TOP 80: REC_T=0.25748, NDCG_T=0.16359
[Module1 Ablation] experiment=M1A_diff_k7 strategy=diffusion k=7 epoch=16/30
[ub_rebuild/diffusion] epoch=16 dataset=iFashion loss=0.028429 rebuilt_edges=377279 avg_user_edges=7.000000 user_coverage=1.000000 bundle_coverage=0.460244 density=0.0002527623
[Module1 Ablation] experiment=M1A_diff_k7 strategy=diffusion k=7 epoch=17/30
[ub_rebuild/diffusion] epoch=17 dataset=iFashion loss=0.028350 rebuilt_edges=377279 avg_user_edges=7.000000 user_coverage=1.000000 bundle_coverage=0.459089 density=0.0002527623
[Module1 Ablation] experiment=M1A_diff_k7 strategy=diffusion k=7 epoch=18/30
[ub_rebuild/diffusion] epoch=18 dataset=iFashion loss=0.028288 rebuilt_edges=377279 avg_user_edges=7.000000 user_coverage=1.000000 bundle_coverage=0.454322 density=0.0002527623
[Module1 Ablation] experiment=M1A_diff_k7 strategy=diffusion k=7 epoch=19/30
[ub_rebuild/diffusion] epoch=19 dataset=iFashion loss=0.028227 rebuilt_edges=377279 avg_user_edges=7.000000 user_coverage=1.000000 bundle_coverage=0.451795 density=0.0002527623
[Module1 Ablation] experiment=M1A_diff_k7 strategy=diffusion k=7 epoch=20/30
[ub_rebuild/diffusion] epoch=20 dataset=iFashion loss=0.028173 rebuilt_edges=377279 avg_user_edges=7.000000 user_coverage=1.000000 bundle_coverage=0.452842 density=0.0002527623
2026-06-16 05:27:45, Top_10, Val:  recall: 0.111082, ndcg: 0.084075
2026-06-16 05:27:45, Top_10, Test: recall: 0.113065, ndcg: 0.113231
--------------------
2026-06-16 05:27:45, Top_20, Val:  recall: 0.153681, ndcg: 0.098170
2026-06-16 05:27:45, Top_20, Test: recall: 0.155500, ndcg: 0.130317
--------------------
2026-06-16 05:27:45, Top_40, Val:  recall: 0.204152, ndcg: 0.111865
2026-06-16 05:27:45, Top_40, Test: recall: 0.205638, ndcg: 0.147943
--------------------
2026-06-16 05:27:45, Top_80, Val:  recall: 0.262012, ndcg: 0.125061
2026-06-16 05:27:45, Top_80, Test: recall: 0.262578, ndcg: 0.164948
--------------------
top20 as the final evaluation standard
褰撳墠缃戞牸鍙傛暟: 0.00 + 0.00
2026-06-16 05:27:45, Best in epoch 19, TOP 10: REC_V=0.11108, NDCG_V=0.08407
2026-06-16 05:27:45, Best in epoch 19, TOP 10: REC_T=0.11307, NDCG_T=0.11323
2026-06-16 05:27:45, Best in epoch 19, TOP 20: REC_V=0.15368, NDCG_V=0.09817
2026-06-16 05:27:45, Best in epoch 19, TOP 20: REC_T=0.15550, NDCG_T=0.13032
2026-06-16 05:27:45, Best in epoch 19, TOP 40: REC_V=0.20415, NDCG_V=0.11186
2026-06-16 05:27:45, Best in epoch 19, TOP 40: REC_T=0.20564, NDCG_T=0.14794
2026-06-16 05:27:45, Best in epoch 19, TOP 80: REC_V=0.26201, NDCG_V=0.12506
2026-06-16 05:27:45, Best in epoch 19, TOP 80: REC_T=0.26258, NDCG_T=0.16495
[Module1 Ablation] experiment=M1A_diff_k7 strategy=diffusion k=7 epoch=21/30
[ub_rebuild/diffusion] epoch=21 dataset=iFashion loss=0.028191 rebuilt_edges=377279 avg_user_edges=7.000000 user_coverage=1.000000 bundle_coverage=0.459341 density=0.0002527623
[Module1 Ablation] experiment=M1A_diff_k7 strategy=diffusion k=7 epoch=22/30
[ub_rebuild/diffusion] epoch=22 dataset=iFashion loss=0.028049 rebuilt_edges=377279 avg_user_edges=7.000000 user_coverage=1.000000 bundle_coverage=0.456128 density=0.0002527623
[Module1 Ablation] experiment=M1A_diff_k7 strategy=diffusion k=7 epoch=23/30
[ub_rebuild/diffusion] epoch=23 dataset=iFashion loss=0.028029 rebuilt_edges=377279 avg_user_edges=7.000000 user_coverage=1.000000 bundle_coverage=0.457825 density=0.0002527623
[Module1 Ablation] experiment=M1A_diff_k7 strategy=diffusion k=7 epoch=24/30
[ub_rebuild/diffusion] epoch=24 dataset=iFashion loss=0.027936 rebuilt_edges=377279 avg_user_edges=7.000000 user_coverage=1.000000 bundle_coverage=0.458294 density=0.0002527623
[Module1 Ablation] experiment=M1A_diff_k7 strategy=diffusion k=7 epoch=25/30
[ub_rebuild/diffusion] epoch=25 dataset=iFashion loss=0.027893 rebuilt_edges=377279 avg_user_edges=7.000000 user_coverage=1.000000 bundle_coverage=0.463711 density=0.0002527623
2026-06-16 05:33:13, Top_10, Val:  recall: 0.111423, ndcg: 0.083810
2026-06-16 05:33:13, Top_10, Test: recall: 0.113410, ndcg: 0.113427
--------------------
2026-06-16 05:33:13, Top_20, Val:  recall: 0.154402, ndcg: 0.097997
2026-06-16 05:33:13, Top_20, Test: recall: 0.156304, ndcg: 0.130681
--------------------
2026-06-16 05:33:13, Top_40, Val:  recall: 0.205600, ndcg: 0.111929
2026-06-16 05:33:13, Top_40, Test: recall: 0.207275, ndcg: 0.148603
--------------------
2026-06-16 05:33:13, Top_80, Val:  recall: 0.264474, ndcg: 0.125332
2026-06-16 05:33:13, Top_80, Test: recall: 0.264591, ndcg: 0.165726
--------------------
top20 as the final evaluation standard
褰撳墠缃戞牸鍙傛暟: 0.00 + 0.00
2026-06-16 05:33:13, Best in epoch 24, TOP 10: REC_V=0.11142, NDCG_V=0.08381
2026-06-16 05:33:13, Best in epoch 24, TOP 10: REC_T=0.11341, NDCG_T=0.11343
2026-06-16 05:33:13, Best in epoch 24, TOP 20: REC_V=0.15440, NDCG_V=0.09800
2026-06-16 05:33:13, Best in epoch 24, TOP 20: REC_T=0.15630, NDCG_T=0.13068
2026-06-16 05:33:13, Best in epoch 24, TOP 40: REC_V=0.20560, NDCG_V=0.11193
2026-06-16 05:33:13, Best in epoch 24, TOP 40: REC_T=0.20727, NDCG_T=0.14860
2026-06-16 05:33:13, Best in epoch 24, TOP 80: REC_V=0.26447, NDCG_V=0.12533
2026-06-16 05:33:13, Best in epoch 24, TOP 80: REC_T=0.26459, NDCG_T=0.16573
[Module1 Ablation] experiment=M1A_diff_k7 strategy=diffusion k=7 epoch=26/30
[ub_rebuild/diffusion] epoch=26 dataset=iFashion loss=0.027926 rebuilt_edges=377279 avg_user_edges=7.000000 user_coverage=1.000000 bundle_coverage=0.461580 density=0.0002527623
[Module1 Ablation] experiment=M1A_diff_k7 strategy=diffusion k=7 epoch=27/30
[ub_rebuild/diffusion] epoch=27 dataset=iFashion loss=0.027842 rebuilt_edges=377279 avg_user_edges=7.000000 user_coverage=1.000000 bundle_coverage=0.461797 density=0.0002527623
[Module1 Ablation] experiment=M1A_diff_k7 strategy=diffusion k=7 epoch=28/30
[ub_rebuild/diffusion] epoch=28 dataset=iFashion loss=0.027845 rebuilt_edges=377279 avg_user_edges=7.000000 user_coverage=1.000000 bundle_coverage=0.460533 density=0.0002527623
[Module1 Ablation] experiment=M1A_diff_k7 strategy=diffusion k=7 epoch=29/30
[ub_rebuild/diffusion] epoch=29 dataset=iFashion loss=0.027825 rebuilt_edges=377279 avg_user_edges=7.000000 user_coverage=1.000000 bundle_coverage=0.458764 density=0.0002527623
[Module1 Ablation] experiment=M1A_diff_k7 strategy=diffusion k=7 epoch=30/30
[ub_rebuild/diffusion] epoch=30 dataset=iFashion loss=0.027815 rebuilt_edges=377279 avg_user_edges=7.000000 user_coverage=1.000000 bundle_coverage=0.463422 density=0.0002527623
2026-06-16 05:38:37, Top_10, Val:  recall: 0.111943, ndcg: 0.083685
2026-06-16 05:38:37, Top_10, Test: recall: 0.113469, ndcg: 0.113280
--------------------
2026-06-16 05:38:37, Top_20, Val:  recall: 0.155520, ndcg: 0.098128
2026-06-16 05:38:37, Top_20, Test: recall: 0.156506, ndcg: 0.130558
--------------------
2026-06-16 05:38:37, Top_40, Val:  recall: 0.206618, ndcg: 0.112009
2026-06-16 05:38:37, Top_40, Test: recall: 0.207304, ndcg: 0.148429
--------------------
2026-06-16 05:38:37, Top_80, Val:  recall: 0.264745, ndcg: 0.125238
2026-06-16 05:38:37, Top_80, Test: recall: 0.264925, ndcg: 0.165669
--------------------
top20 as the final evaluation standard
褰撳墠缃戞牸鍙傛暟: 0.00 + 0.00
2026-06-16 05:38:38, Best in epoch 29, TOP 10: REC_V=0.11194, NDCG_V=0.08368
2026-06-16 05:38:38, Best in epoch 29, TOP 10: REC_T=0.11347, NDCG_T=0.11328
2026-06-16 05:38:38, Best in epoch 29, TOP 20: REC_V=0.15552, NDCG_V=0.09813
2026-06-16 05:38:38, Best in epoch 29, TOP 20: REC_T=0.15651, NDCG_T=0.13056
2026-06-16 05:38:38, Best in epoch 29, TOP 40: REC_V=0.20662, NDCG_V=0.11201
2026-06-16 05:38:38, Best in epoch 29, TOP 40: REC_T=0.20730, NDCG_T=0.14843
2026-06-16 05:38:38, Best in epoch 29, TOP 80: REC_V=0.26474, NDCG_V=0.12524
2026-06-16 05:38:38, Best in epoch 29, TOP 80: REC_T=0.26493, NDCG_T=0.16567
