load config file done!
Global random seed set to: 2026
>>>>>>>>>>B-I statistics>>>>>>>>>>
Average interactions 3.86061954498291
Non-zero rows 1.0
Non-zero columns 1.0
Matrix density 9.070365408454437e-05
>>>>>>>>>>U-I statistics>>>>>>>>>>
Average interactions 42.50041580200195
Non-zero rows 0.9989980889474368
Non-zero columns 0.9486643328712732
Matrix density 0.0009985296492948938
>>>>>>>>>>U-B statistics in train>>>>>>>>>>
Average interactions 22.5184326171875
Non-zero rows 1.0
Non-zero columns 1.0
Matrix density 0.0008131159568128954
>>>>>>>>>>U-B statistics in tune>>>>>>>>>>
Average interactions 2.764662265777588
Non-zero rows 1.0
Non-zero columns 0.8580558965840976
Matrix density 9.98289241748367e-05
>>>>>>>>>>U-B statistics in test>>>>>>>>>>
Average interactions 5.882052898406982
Non-zero rows 1.0
Non-zero columns 0.9736043908427818
Matrix density 0.00021239448271911793
{'data_path': './datasets', 'train_style': 'dwt', 'batch_size_train': 2048, 'batch_size_test': 2048, 'topk': [10, 20, 40, 80], 'neg_num': 1, 'seed': 2026, 'aug_type': 'Noise', 'ed_interval': 1, 'embedding_sizes': [64], 'num_layerss': [2], 'UB_ratios': [0.05], 'UI_ratios': [0.0], 'BI_ratios': [0.2], 'fusion_weights': {'modal_weight': [0.0, 0.5, 0.5], 'UB_layer': [0.5, 0.5, 0.0], 'UI_layer': [0.3, 0.4, 0.3], 'BI_layer': [0.5, 0.5, 0.0]}, 'lrs': [0.001], 'l2_regs': [1e-05], 'c_lambdas': [0.1], 'c_temps': [0.2], 'epochs': 30, 'test_interval': 5, 'dwt': {'rebuild_strategy': 'diffusion', 'use_latent_diffusion_rebuild': True, 'rebuild_k': 5, 'latent_diffusion_user_embedding_path': './datasets/iFashion_UB_emb/iFashion_UB-user-04261842.pt', 'latent_diffusion_bundle_embedding_path': './datasets/iFashion_UB_emb/iFashion_UB-bundle-04261842.pt', 'latent_diffusion_hidden_dim': 128, 'latent_diffusion_time_dim': 16, 'latent_diffusion_denoiser_layers': 2, 'latent_diffusion_dropout': 0.1, 'latent_diffusion_num_steps': 12, 'latent_diffusion_beta_start': 0.0001, 'latent_diffusion_beta_end': 0.02, 'latent_diffusion_set_loss_weight': 0.05, 'latent_diffusion_lr': 0.001, 'latent_diffusion_weight_decay': 1e-05, 'latent_diffusion_batch_size': 1024, 'latent_diffusion_infer_batch_size': 256, 'latent_diffusion_reset_after_epoch': -1, 'latent_diffusion_reset_optimizer': False, 'gamma_1': 0.3, 'gamma_2': 0.2, 'tau': 0.08, 'lambda_1': 0.3, 'lambda_2': 1e-06}, 'anchor_cl': {'enabled': False, 'anchor_cl_lambda': 0.07, 'temp': 0.2, 'user_cl': True, 'bundle_cl': True, 'ub_ui_user_weight': 1.0, 'ub_bi_user_weight': 1.0, 'ub_ui_bundle_weight': 1.0, 'ub_bi_bundle_weight': 1.0}, 'ui_bundle_user_agg_beta': 0, 'bi_user_bundle_agg_beta': 0, 'dataset': 'iFashion', 'model': 'AnchorViewBundleNet', 'gpu': '0', 'info': 'M1A_diff_k5', 'num_users': 53897, 'num_bundles': 27694, 'num_items': 42563, 'device': device(type='cuda', index=0)}
train_style: dwt
==================== DWT Module1 experiment: dataset=iFashion strategy=diffusion k=5 info=M1A_diff_k5 ====================
[Module1 Ablation] diffusion_rebuilder=enabled; ub_rebuild_schedule=latent diffusion train+rebuild every epoch
[Module1 Ablation] experiment=M1A_diff_k5 strategy=diffusion k=5 epoch=1/30
>>>>>>>>>>U-B statistics from Latent diffusion rebuild>>>>>>>>>>
Average interactions 5.0
Non-zero rows 1.0
Non-zero columns 0.276883079367372
Matrix density 0.00018054452227919405
[ub_rebuild/diffusion] epoch=1 dataset=iFashion loss=0.080877 rebuilt_edges=269485 avg_user_edges=5.000000 user_coverage=1.000000 bundle_coverage=0.276883 density=0.0001805445
[Module1 Ablation] experiment=M1A_diff_k5 strategy=diffusion k=5 epoch=2/30
[ub_rebuild/diffusion] epoch=2 dataset=iFashion loss=0.040972 rebuilt_edges=269485 avg_user_edges=5.000000 user_coverage=1.000000 bundle_coverage=0.313570 density=0.0001805445
[Module1 Ablation] experiment=M1A_diff_k5 strategy=diffusion k=5 epoch=3/30
[ub_rebuild/diffusion] epoch=3 dataset=iFashion loss=0.035385 rebuilt_edges=269485 avg_user_edges=5.000000 user_coverage=1.000000 bundle_coverage=0.327147 density=0.0001805445
[Module1 Ablation] experiment=M1A_diff_k5 strategy=diffusion k=5 epoch=4/30
[ub_rebuild/diffusion] epoch=4 dataset=iFashion loss=0.033036 rebuilt_edges=269485 avg_user_edges=5.000000 user_coverage=1.000000 bundle_coverage=0.333755 density=0.0001805445
[Module1 Ablation] experiment=M1A_diff_k5 strategy=diffusion k=5 epoch=5/30
[ub_rebuild/diffusion] epoch=5 dataset=iFashion loss=0.031726 rebuilt_edges=269485 avg_user_edges=5.000000 user_coverage=1.000000 bundle_coverage=0.343071 density=0.0001805445
2026-06-16 04:38:33, Top_10, Val:  recall: 0.091963, ndcg: 0.072839
2026-06-16 04:38:33, Top_10, Test: recall: 0.092242, ndcg: 0.096988
--------------------
2026-06-16 04:38:33, Top_20, Val:  recall: 0.121118, ndcg: 0.082453
2026-06-16 04:38:33, Top_20, Test: recall: 0.121883, ndcg: 0.108778
--------------------
2026-06-16 04:38:33, Top_40, Val:  recall: 0.156411, ndcg: 0.092012
2026-06-16 04:38:33, Top_40, Test: recall: 0.157644, ndcg: 0.121314
--------------------
2026-06-16 04:38:33, Top_80, Val:  recall: 0.197733, ndcg: 0.101417
2026-06-16 04:38:33, Top_80, Test: recall: 0.199326, ndcg: 0.133708
--------------------
top20 as the final evaluation standard
褰撳墠缃戞牸鍙傛暟: 0.00 + 0.00
2026-06-16 04:38:34, Best in epoch 4, TOP 10: REC_V=0.09196, NDCG_V=0.07284
2026-06-16 04:38:34, Best in epoch 4, TOP 10: REC_T=0.09224, NDCG_T=0.09699
2026-06-16 04:38:34, Best in epoch 4, TOP 20: REC_V=0.12112, NDCG_V=0.08245
2026-06-16 04:38:34, Best in epoch 4, TOP 20: REC_T=0.12188, NDCG_T=0.10878
2026-06-16 04:38:34, Best in epoch 4, TOP 40: REC_V=0.15641, NDCG_V=0.09201
2026-06-16 04:38:34, Best in epoch 4, TOP 40: REC_T=0.15764, NDCG_T=0.12131
2026-06-16 04:38:34, Best in epoch 4, TOP 80: REC_V=0.19773, NDCG_V=0.10142
2026-06-16 04:38:34, Best in epoch 4, TOP 80: REC_T=0.19933, NDCG_T=0.13371
[Module1 Ablation] experiment=M1A_diff_k5 strategy=diffusion k=5 epoch=6/30
[ub_rebuild/diffusion] epoch=6 dataset=iFashion loss=0.030863 rebuilt_edges=269485 avg_user_edges=5.000000 user_coverage=1.000000 bundle_coverage=0.341554 density=0.0001805445
[Module1 Ablation] experiment=M1A_diff_k5 strategy=diffusion k=5 epoch=7/30
[ub_rebuild/diffusion] epoch=7 dataset=iFashion loss=0.030328 rebuilt_edges=269485 avg_user_edges=5.000000 user_coverage=1.000000 bundle_coverage=0.344082 density=0.0001805445
[Module1 Ablation] experiment=M1A_diff_k5 strategy=diffusion k=5 epoch=8/30
[ub_rebuild/diffusion] epoch=8 dataset=iFashion loss=0.029869 rebuilt_edges=269485 avg_user_edges=5.000000 user_coverage=1.000000 bundle_coverage=0.348090 density=0.0001805445
[Module1 Ablation] experiment=M1A_diff_k5 strategy=diffusion k=5 epoch=9/30
[ub_rebuild/diffusion] epoch=9 dataset=iFashion loss=0.029542 rebuilt_edges=269485 avg_user_edges=5.000000 user_coverage=1.000000 bundle_coverage=0.349462 density=0.0001805445
[Module1 Ablation] experiment=M1A_diff_k5 strategy=diffusion k=5 epoch=10/30
[ub_rebuild/diffusion] epoch=10 dataset=iFashion loss=0.029281 rebuilt_edges=269485 avg_user_edges=5.000000 user_coverage=1.000000 bundle_coverage=0.350437 density=0.0001805445
2026-06-16 04:43:57, Top_10, Val:  recall: 0.108256, ndcg: 0.083910
2026-06-16 04:43:57, Top_10, Test: recall: 0.108785, ndcg: 0.111928
--------------------
2026-06-16 04:43:57, Top_20, Val:  recall: 0.145483, ndcg: 0.096214
2026-06-16 04:43:57, Top_20, Test: recall: 0.145649, ndcg: 0.126651
--------------------
2026-06-16 04:43:57, Top_40, Val:  recall: 0.188356, ndcg: 0.107852
2026-06-16 04:43:57, Top_40, Test: recall: 0.189026, ndcg: 0.141899
--------------------
2026-06-16 04:43:57, Top_80, Val:  recall: 0.238473, ndcg: 0.119275
2026-06-16 04:43:57, Top_80, Test: recall: 0.239741, ndcg: 0.157033
--------------------
top20 as the final evaluation standard
褰撳墠缃戞牸鍙傛暟: 0.00 + 0.00
2026-06-16 04:43:58, Best in epoch 9, TOP 10: REC_V=0.10826, NDCG_V=0.08391
2026-06-16 04:43:58, Best in epoch 9, TOP 10: REC_T=0.10879, NDCG_T=0.11193
2026-06-16 04:43:58, Best in epoch 9, TOP 20: REC_V=0.14548, NDCG_V=0.09621
2026-06-16 04:43:58, Best in epoch 9, TOP 20: REC_T=0.14565, NDCG_T=0.12665
2026-06-16 04:43:58, Best in epoch 9, TOP 40: REC_V=0.18836, NDCG_V=0.10785
2026-06-16 04:43:58, Best in epoch 9, TOP 40: REC_T=0.18903, NDCG_T=0.14190
2026-06-16 04:43:58, Best in epoch 9, TOP 80: REC_V=0.23847, NDCG_V=0.11928
2026-06-16 04:43:58, Best in epoch 9, TOP 80: REC_T=0.23974, NDCG_T=0.15703
[Module1 Ablation] experiment=M1A_diff_k5 strategy=diffusion k=5 epoch=11/30
[ub_rebuild/diffusion] epoch=11 dataset=iFashion loss=0.029113 rebuilt_edges=269485 avg_user_edges=5.000000 user_coverage=1.000000 bundle_coverage=0.347837 density=0.0001805445
[Module1 Ablation] experiment=M1A_diff_k5 strategy=diffusion k=5 epoch=12/30
[ub_rebuild/diffusion] epoch=12 dataset=iFashion loss=0.028973 rebuilt_edges=269485 avg_user_edges=5.000000 user_coverage=1.000000 bundle_coverage=0.356828 density=0.0001805445
[Module1 Ablation] experiment=M1A_diff_k5 strategy=diffusion k=5 epoch=13/30
[ub_rebuild/diffusion] epoch=13 dataset=iFashion loss=0.028755 rebuilt_edges=269485 avg_user_edges=5.000000 user_coverage=1.000000 bundle_coverage=0.356792 density=0.0001805445
[Module1 Ablation] experiment=M1A_diff_k5 strategy=diffusion k=5 epoch=14/30
[ub_rebuild/diffusion] epoch=14 dataset=iFashion loss=0.028642 rebuilt_edges=269485 avg_user_edges=5.000000 user_coverage=1.000000 bundle_coverage=0.353470 density=0.0001805445
[Module1 Ablation] experiment=M1A_diff_k5 strategy=diffusion k=5 epoch=15/30
[ub_rebuild/diffusion] epoch=15 dataset=iFashion loss=0.028545 rebuilt_edges=269485 avg_user_edges=5.000000 user_coverage=1.000000 bundle_coverage=0.352351 density=0.0001805445
2026-06-16 04:49:21, Top_10, Val:  recall: 0.111384, ndcg: 0.085215
2026-06-16 04:49:21, Top_10, Test: recall: 0.112706, ndcg: 0.113927
--------------------
2026-06-16 04:49:21, Top_20, Val:  recall: 0.151719, ndcg: 0.098560
2026-06-16 04:49:21, Top_20, Test: recall: 0.153655, ndcg: 0.130312
--------------------
2026-06-16 04:49:21, Top_40, Val:  recall: 0.198975, ndcg: 0.111417
2026-06-16 04:49:21, Top_40, Test: recall: 0.201199, ndcg: 0.147016
--------------------
2026-06-16 04:49:21, Top_80, Val:  recall: 0.253329, ndcg: 0.123808
2026-06-16 04:49:21, Top_80, Test: recall: 0.255048, ndcg: 0.163135
--------------------
top20 as the final evaluation standard
褰撳墠缃戞牸鍙傛暟: 0.00 + 0.00
2026-06-16 04:49:21, Best in epoch 14, TOP 10: REC_V=0.11138, NDCG_V=0.08522
2026-06-16 04:49:21, Best in epoch 14, TOP 10: REC_T=0.11271, NDCG_T=0.11393
2026-06-16 04:49:21, Best in epoch 14, TOP 20: REC_V=0.15172, NDCG_V=0.09856
2026-06-16 04:49:21, Best in epoch 14, TOP 20: REC_T=0.15366, NDCG_T=0.13031
2026-06-16 04:49:21, Best in epoch 14, TOP 40: REC_V=0.19898, NDCG_V=0.11142
2026-06-16 04:49:21, Best in epoch 14, TOP 40: REC_T=0.20120, NDCG_T=0.14702
2026-06-16 04:49:21, Best in epoch 14, TOP 80: REC_V=0.25333, NDCG_V=0.12381
2026-06-16 04:49:21, Best in epoch 14, TOP 80: REC_T=0.25505, NDCG_T=0.16313
[Module1 Ablation] experiment=M1A_diff_k5 strategy=diffusion k=5 epoch=16/30
[ub_rebuild/diffusion] epoch=16 dataset=iFashion loss=0.028430 rebuilt_edges=269485 avg_user_edges=5.000000 user_coverage=1.000000 bundle_coverage=0.360620 density=0.0001805445
[Module1 Ablation] experiment=M1A_diff_k5 strategy=diffusion k=5 epoch=17/30
[ub_rebuild/diffusion] epoch=17 dataset=iFashion loss=0.028350 rebuilt_edges=269485 avg_user_edges=5.000000 user_coverage=1.000000 bundle_coverage=0.360078 density=0.0001805445
[Module1 Ablation] experiment=M1A_diff_k5 strategy=diffusion k=5 epoch=18/30
[ub_rebuild/diffusion] epoch=18 dataset=iFashion loss=0.028288 rebuilt_edges=269485 avg_user_edges=5.000000 user_coverage=1.000000 bundle_coverage=0.354264 density=0.0001805445
[Module1 Ablation] experiment=M1A_diff_k5 strategy=diffusion k=5 epoch=19/30
[ub_rebuild/diffusion] epoch=19 dataset=iFashion loss=0.028227 rebuilt_edges=269485 avg_user_edges=5.000000 user_coverage=1.000000 bundle_coverage=0.351267 density=0.0001805445
[Module1 Ablation] experiment=M1A_diff_k5 strategy=diffusion k=5 epoch=20/30
[ub_rebuild/diffusion] epoch=20 dataset=iFashion loss=0.028172 rebuilt_edges=269485 avg_user_edges=5.000000 user_coverage=1.000000 bundle_coverage=0.354012 density=0.0001805445
2026-06-16 04:54:52, Top_10, Val:  recall: 0.111961, ndcg: 0.085301
2026-06-16 04:54:52, Top_10, Test: recall: 0.114018, ndcg: 0.114594
--------------------
2026-06-16 04:54:52, Top_20, Val:  recall: 0.153801, ndcg: 0.099131
2026-06-16 04:54:52, Top_20, Test: recall: 0.155501, ndcg: 0.131233
--------------------
2026-06-16 04:54:52, Top_40, Val:  recall: 0.202862, ndcg: 0.112449
2026-06-16 04:54:52, Top_40, Test: recall: 0.204369, ndcg: 0.148427
--------------------
2026-06-16 04:54:52, Top_80, Val:  recall: 0.258166, ndcg: 0.125079
2026-06-16 04:54:52, Top_80, Test: recall: 0.260558, ndcg: 0.165201
--------------------
top20 as the final evaluation standard
褰撳墠缃戞牸鍙傛暟: 0.00 + 0.00
2026-06-16 04:54:52, Best in epoch 19, TOP 10: REC_V=0.11196, NDCG_V=0.08530
2026-06-16 04:54:52, Best in epoch 19, TOP 10: REC_T=0.11402, NDCG_T=0.11459
2026-06-16 04:54:52, Best in epoch 19, TOP 20: REC_V=0.15380, NDCG_V=0.09913
2026-06-16 04:54:52, Best in epoch 19, TOP 20: REC_T=0.15550, NDCG_T=0.13123
2026-06-16 04:54:52, Best in epoch 19, TOP 40: REC_V=0.20286, NDCG_V=0.11245
2026-06-16 04:54:52, Best in epoch 19, TOP 40: REC_T=0.20437, NDCG_T=0.14843
2026-06-16 04:54:52, Best in epoch 19, TOP 80: REC_V=0.25817, NDCG_V=0.12508
2026-06-16 04:54:52, Best in epoch 19, TOP 80: REC_T=0.26056, NDCG_T=0.16520
[Module1 Ablation] experiment=M1A_diff_k5 strategy=diffusion k=5 epoch=21/30
[ub_rebuild/diffusion] epoch=21 dataset=iFashion loss=0.028189 rebuilt_edges=269485 avg_user_edges=5.000000 user_coverage=1.000000 bundle_coverage=0.357767 density=0.0001805445
[Module1 Ablation] experiment=M1A_diff_k5 strategy=diffusion k=5 epoch=22/30
[ub_rebuild/diffusion] epoch=22 dataset=iFashion loss=0.028047 rebuilt_edges=269485 avg_user_edges=5.000000 user_coverage=1.000000 bundle_coverage=0.354662 density=0.0001805445
[Module1 Ablation] experiment=M1A_diff_k5 strategy=diffusion k=5 epoch=23/30
[ub_rebuild/diffusion] epoch=23 dataset=iFashion loss=0.028028 rebuilt_edges=269485 avg_user_edges=5.000000 user_coverage=1.000000 bundle_coverage=0.358200 density=0.0001805445
[Module1 Ablation] experiment=M1A_diff_k5 strategy=diffusion k=5 epoch=24/30
[ub_rebuild/diffusion] epoch=24 dataset=iFashion loss=0.027936 rebuilt_edges=269485 avg_user_edges=5.000000 user_coverage=1.000000 bundle_coverage=0.359284 density=0.0001805445
[Module1 Ablation] experiment=M1A_diff_k5 strategy=diffusion k=5 epoch=25/30
[ub_rebuild/diffusion] epoch=25 dataset=iFashion loss=0.027893 rebuilt_edges=269485 avg_user_edges=5.000000 user_coverage=1.000000 bundle_coverage=0.364014 density=0.0001805445
2026-06-16 05:00:20, Top_10, Val:  recall: 0.113458, ndcg: 0.085270
2026-06-16 05:00:20, Top_10, Test: recall: 0.114065, ndcg: 0.114764
--------------------
2026-06-16 05:00:20, Top_20, Val:  recall: 0.154988, ndcg: 0.098990
2026-06-16 05:00:20, Top_20, Test: recall: 0.156233, ndcg: 0.131696
--------------------
2026-06-16 05:00:20, Top_40, Val:  recall: 0.205285, ndcg: 0.112634
2026-06-16 05:00:20, Top_40, Test: recall: 0.205711, ndcg: 0.149103
--------------------
2026-06-16 05:00:20, Top_80, Val:  recall: 0.260817, ndcg: 0.125317
2026-06-16 05:00:20, Top_80, Test: recall: 0.262668, ndcg: 0.166112
--------------------
top20 as the final evaluation standard
褰撳墠缃戞牸鍙傛暟: 0.00 + 0.00
2026-06-16 05:00:20, Best in epoch 24, TOP 10: REC_V=0.11346, NDCG_V=0.08527
2026-06-16 05:00:20, Best in epoch 24, TOP 10: REC_T=0.11406, NDCG_T=0.11476
2026-06-16 05:00:20, Best in epoch 24, TOP 20: REC_V=0.15499, NDCG_V=0.09899
2026-06-16 05:00:20, Best in epoch 24, TOP 20: REC_T=0.15623, NDCG_T=0.13170
2026-06-16 05:00:20, Best in epoch 24, TOP 40: REC_V=0.20529, NDCG_V=0.11263
2026-06-16 05:00:20, Best in epoch 24, TOP 40: REC_T=0.20571, NDCG_T=0.14910
2026-06-16 05:00:20, Best in epoch 24, TOP 80: REC_V=0.26082, NDCG_V=0.12532
2026-06-16 05:00:20, Best in epoch 24, TOP 80: REC_T=0.26267, NDCG_T=0.16611
[Module1 Ablation] experiment=M1A_diff_k5 strategy=diffusion k=5 epoch=26/30
[ub_rebuild/diffusion] epoch=26 dataset=iFashion loss=0.027926 rebuilt_edges=269485 avg_user_edges=5.000000 user_coverage=1.000000 bundle_coverage=0.362245 density=0.0001805445
[Module1 Ablation] experiment=M1A_diff_k5 strategy=diffusion k=5 epoch=27/30
[ub_rebuild/diffusion] epoch=27 dataset=iFashion loss=0.027842 rebuilt_edges=269485 avg_user_edges=5.000000 user_coverage=1.000000 bundle_coverage=0.361595 density=0.0001805445
[Module1 Ablation] experiment=M1A_diff_k5 strategy=diffusion k=5 epoch=28/30
[ub_rebuild/diffusion] epoch=28 dataset=iFashion loss=0.027845 rebuilt_edges=269485 avg_user_edges=5.000000 user_coverage=1.000000 bundle_coverage=0.360584 density=0.0001805445
[Module1 Ablation] experiment=M1A_diff_k5 strategy=diffusion k=5 epoch=29/30
[ub_rebuild/diffusion] epoch=29 dataset=iFashion loss=0.027825 rebuilt_edges=269485 avg_user_edges=5.000000 user_coverage=1.000000 bundle_coverage=0.358273 density=0.0001805445
[Module1 Ablation] experiment=M1A_diff_k5 strategy=diffusion k=5 epoch=30/30
[ub_rebuild/diffusion] epoch=30 dataset=iFashion loss=0.027815 rebuilt_edges=269485 avg_user_edges=5.000000 user_coverage=1.000000 bundle_coverage=0.361992 density=0.0001805445
2026-06-16 05:05:45, Top_10, Val:  recall: 0.113268, ndcg: 0.085156
2026-06-16 05:05:45, Top_10, Test: recall: 0.114687, ndcg: 0.115093
--------------------
2026-06-16 05:05:45, Top_20, Val:  recall: 0.155438, ndcg: 0.099120
2026-06-16 05:05:45, Top_20, Test: recall: 0.157158, ndcg: 0.132126
--------------------
2026-06-16 05:05:45, Top_40, Val:  recall: 0.205888, ndcg: 0.112798
2026-06-16 05:05:45, Top_40, Test: recall: 0.206830, ndcg: 0.149622
--------------------
2026-06-16 05:05:45, Top_80, Val:  recall: 0.262707, ndcg: 0.125755
2026-06-16 05:05:45, Top_80, Test: recall: 0.263728, ndcg: 0.166628
--------------------
top20 as the final evaluation standard
褰撳墠缃戞牸鍙傛暟: 0.00 + 0.00
2026-06-16 05:05:45, Best in epoch 29, TOP 10: REC_V=0.11327, NDCG_V=0.08516
2026-06-16 05:05:45, Best in epoch 29, TOP 10: REC_T=0.11469, NDCG_T=0.11509
2026-06-16 05:05:45, Best in epoch 29, TOP 20: REC_V=0.15544, NDCG_V=0.09912
2026-06-16 05:05:45, Best in epoch 29, TOP 20: REC_T=0.15716, NDCG_T=0.13213
2026-06-16 05:05:45, Best in epoch 29, TOP 40: REC_V=0.20589, NDCG_V=0.11280
2026-06-16 05:05:45, Best in epoch 29, TOP 40: REC_T=0.20683, NDCG_T=0.14962
2026-06-16 05:05:45, Best in epoch 29, TOP 80: REC_V=0.26271, NDCG_V=0.12576
2026-06-16 05:05:45, Best in epoch 29, TOP 80: REC_T=0.26373, NDCG_T=0.16663
