load config file done!
Global random seed set to: 2026
>>>>>>>>>>B-I statistics>>>>>>>>>>
Average interactions 3.86061954498291
Non-zero rows 1.0
Non-zero columns 1.0
Matrix density 9.070365408454437e-05
>>>>>>>>>>U-I statistics>>>>>>>>>>
Average interactions 42.50041580200195
Non-zero rows 0.9989980889474368
Non-zero columns 0.9486643328712732
Matrix density 0.0009985296492948938
>>>>>>>>>>U-B statistics in train>>>>>>>>>>
Average interactions 22.5184326171875
Non-zero rows 1.0
Non-zero columns 1.0
Matrix density 0.0008131159568128954
>>>>>>>>>>U-B statistics in tune>>>>>>>>>>
Average interactions 2.764662265777588
Non-zero rows 1.0
Non-zero columns 0.8580558965840976
Matrix density 9.98289241748367e-05
>>>>>>>>>>U-B statistics in test>>>>>>>>>>
Average interactions 5.882052898406982
Non-zero rows 1.0
Non-zero columns 0.9736043908427818
Matrix density 0.00021239448271911793
{'data_path': './datasets', 'train_style': 'dwt', 'batch_size_train': 2048, 'batch_size_test': 2048, 'topk': [10, 20, 40, 80], 'neg_num': 1, 'seed': 2026, 'aug_type': 'Noise', 'ed_interval': 1, 'embedding_sizes': [64], 'num_layerss': [2], 'UB_ratios': [0.05], 'UI_ratios': [0.0], 'BI_ratios': [0.2], 'fusion_weights': {'modal_weight': [0.0, 0.5, 0.5], 'UB_layer': [0.5, 0.5, 0.0], 'UI_layer': [0.3, 0.4, 0.3], 'BI_layer': [0.5, 0.5, 0.0]}, 'lrs': [0.001], 'l2_regs': [1e-05], 'c_lambdas': [0.1], 'c_temps': [0.2], 'epochs': 30, 'test_interval': 5, 'dwt': {'rebuild_strategy': 'diffusion', 'use_latent_diffusion_rebuild': True, 'rebuild_k': 1, 'latent_diffusion_user_embedding_path': './datasets/iFashion_UB_emb/iFashion_UB-user-04261842.pt', 'latent_diffusion_bundle_embedding_path': './datasets/iFashion_UB_emb/iFashion_UB-bundle-04261842.pt', 'latent_diffusion_hidden_dim': 128, 'latent_diffusion_time_dim': 16, 'latent_diffusion_denoiser_layers': 2, 'latent_diffusion_dropout': 0.1, 'latent_diffusion_num_steps': 12, 'latent_diffusion_beta_start': 0.0001, 'latent_diffusion_beta_end': 0.02, 'latent_diffusion_set_loss_weight': 0.05, 'latent_diffusion_lr': 0.001, 'latent_diffusion_weight_decay': 1e-05, 'latent_diffusion_batch_size': 1024, 'latent_diffusion_infer_batch_size': 256, 'latent_diffusion_reset_after_epoch': -1, 'latent_diffusion_reset_optimizer': False, 'gamma_1': 0.3, 'gamma_2': 0.2, 'tau': 0.08, 'lambda_1': 0.3, 'lambda_2': 1e-06}, 'anchor_cl': {'enabled': False, 'anchor_cl_lambda': 0.07, 'temp': 0.2, 'user_cl': True, 'bundle_cl': True, 'ub_ui_user_weight': 1.0, 'ub_bi_user_weight': 1.0, 'ub_ui_bundle_weight': 1.0, 'ub_bi_bundle_weight': 1.0}, 'ui_bundle_user_agg_beta': 0, 'bi_user_bundle_agg_beta': 0, 'dataset': 'iFashion', 'model': 'AnchorViewBundleNet', 'gpu': '0', 'info': 'M1A_diff_k1', 'num_users': 53897, 'num_bundles': 27694, 'num_items': 42563, 'device': device(type='cuda', index=0)}
train_style: dwt
==================== DWT Module1 experiment: dataset=iFashion strategy=diffusion k=1 info=M1A_diff_k1 ====================
[Module1 Ablation] diffusion_rebuilder=enabled; ub_rebuild_schedule=latent diffusion train+rebuild every epoch
[Module1 Ablation] experiment=M1A_diff_k1 strategy=diffusion k=1 epoch=1/30
>>>>>>>>>>U-B statistics from Latent diffusion rebuild>>>>>>>>>>
Average interactions 1.0
Non-zero rows 1.0
Non-zero columns 0.09872174478226331
Matrix density 3.610890445583881e-05
[ub_rebuild/diffusion] epoch=1 dataset=iFashion loss=0.080877 rebuilt_edges=53897 avg_user_edges=1.000000 user_coverage=1.000000 bundle_coverage=0.098722 density=0.0000361089
[Module1 Ablation] experiment=M1A_diff_k1 strategy=diffusion k=1 epoch=2/30
[ub_rebuild/diffusion] epoch=2 dataset=iFashion loss=0.040972 rebuilt_edges=53897 avg_user_edges=1.000000 user_coverage=1.000000 bundle_coverage=0.123817 density=0.0000361089
[Module1 Ablation] experiment=M1A_diff_k1 strategy=diffusion k=1 epoch=3/30
[ub_rebuild/diffusion] epoch=3 dataset=iFashion loss=0.035385 rebuilt_edges=53897 avg_user_edges=1.000000 user_coverage=1.000000 bundle_coverage=0.131111 density=0.0000361089
[Module1 Ablation] experiment=M1A_diff_k1 strategy=diffusion k=1 epoch=4/30
[ub_rebuild/diffusion] epoch=4 dataset=iFashion loss=0.033036 rebuilt_edges=53897 avg_user_edges=1.000000 user_coverage=1.000000 bundle_coverage=0.133386 density=0.0000361089
[Module1 Ablation] experiment=M1A_diff_k1 strategy=diffusion k=1 epoch=5/30
[ub_rebuild/diffusion] epoch=5 dataset=iFashion loss=0.031727 rebuilt_edges=53897 avg_user_edges=1.000000 user_coverage=1.000000 bundle_coverage=0.139705 density=0.0000361089
2026-06-16 03:34:25, Top_10, Val:  recall: 0.082408, ndcg: 0.065693
2026-06-16 03:34:25, Top_10, Test: recall: 0.082533, ndcg: 0.086980
--------------------
2026-06-16 03:34:25, Top_20, Val:  recall: 0.109494, ndcg: 0.074637
2026-06-16 03:34:25, Top_20, Test: recall: 0.109508, ndcg: 0.097711
--------------------
2026-06-16 03:34:25, Top_40, Val:  recall: 0.142263, ndcg: 0.083513
2026-06-16 03:34:25, Top_40, Test: recall: 0.142423, ndcg: 0.109259
--------------------
2026-06-16 03:34:25, Top_80, Val:  recall: 0.181944, ndcg: 0.092525
2026-06-16 03:34:25, Top_80, Test: recall: 0.181048, ndcg: 0.120737
--------------------
top20 as the final evaluation standard
褰撳墠缃戞牸鍙傛暟: 0.00 + 0.00
2026-06-16 03:34:26, Best in epoch 4, TOP 10: REC_V=0.08241, NDCG_V=0.06569
2026-06-16 03:34:26, Best in epoch 4, TOP 10: REC_T=0.08253, NDCG_T=0.08698
2026-06-16 03:34:26, Best in epoch 4, TOP 20: REC_V=0.10949, NDCG_V=0.07464
2026-06-16 03:34:26, Best in epoch 4, TOP 20: REC_T=0.10951, NDCG_T=0.09771
2026-06-16 03:34:26, Best in epoch 4, TOP 40: REC_V=0.14226, NDCG_V=0.08351
2026-06-16 03:34:26, Best in epoch 4, TOP 40: REC_T=0.14242, NDCG_T=0.10926
2026-06-16 03:34:26, Best in epoch 4, TOP 80: REC_V=0.18194, NDCG_V=0.09253
2026-06-16 03:34:26, Best in epoch 4, TOP 80: REC_T=0.18105, NDCG_T=0.12074
[Module1 Ablation] experiment=M1A_diff_k1 strategy=diffusion k=1 epoch=6/30
[ub_rebuild/diffusion] epoch=6 dataset=iFashion loss=0.030864 rebuilt_edges=53897 avg_user_edges=1.000000 user_coverage=1.000000 bundle_coverage=0.138550 density=0.0000361089
[Module1 Ablation] experiment=M1A_diff_k1 strategy=diffusion k=1 epoch=7/30
[ub_rebuild/diffusion] epoch=7 dataset=iFashion loss=0.030328 rebuilt_edges=53897 avg_user_edges=1.000000 user_coverage=1.000000 bundle_coverage=0.139633 density=0.0000361089
[Module1 Ablation] experiment=M1A_diff_k1 strategy=diffusion k=1 epoch=8/30
[ub_rebuild/diffusion] epoch=8 dataset=iFashion loss=0.029869 rebuilt_edges=53897 avg_user_edges=1.000000 user_coverage=1.000000 bundle_coverage=0.141655 density=0.0000361089
[Module1 Ablation] experiment=M1A_diff_k1 strategy=diffusion k=1 epoch=9/30
[ub_rebuild/diffusion] epoch=9 dataset=iFashion loss=0.029543 rebuilt_edges=53897 avg_user_edges=1.000000 user_coverage=1.000000 bundle_coverage=0.142666 density=0.0000361089
[Module1 Ablation] experiment=M1A_diff_k1 strategy=diffusion k=1 epoch=10/30
[ub_rebuild/diffusion] epoch=10 dataset=iFashion loss=0.029281 rebuilt_edges=53897 avg_user_edges=1.000000 user_coverage=1.000000 bundle_coverage=0.143497 density=0.0000361089
2026-06-16 03:39:35, Top_10, Val:  recall: 0.105770, ndcg: 0.081308
2026-06-16 03:39:35, Top_10, Test: recall: 0.106123, ndcg: 0.108781
--------------------
2026-06-16 03:39:35, Top_20, Val:  recall: 0.142962, ndcg: 0.093595
2026-06-16 03:39:35, Top_20, Test: recall: 0.143572, ndcg: 0.123748
--------------------
2026-06-16 03:39:35, Top_40, Val:  recall: 0.187211, ndcg: 0.105597
2026-06-16 03:39:35, Top_40, Test: recall: 0.187380, ndcg: 0.139144
--------------------
2026-06-16 03:39:35, Top_80, Val:  recall: 0.237865, ndcg: 0.117138
2026-06-16 03:39:35, Top_80, Test: recall: 0.237963, ndcg: 0.154223
--------------------
top20 as the final evaluation standard
褰撳墠缃戞牸鍙傛暟: 0.00 + 0.00
2026-06-16 03:39:35, Best in epoch 9, TOP 10: REC_V=0.10577, NDCG_V=0.08131
2026-06-16 03:39:35, Best in epoch 9, TOP 10: REC_T=0.10612, NDCG_T=0.10878
2026-06-16 03:39:35, Best in epoch 9, TOP 20: REC_V=0.14296, NDCG_V=0.09360
2026-06-16 03:39:35, Best in epoch 9, TOP 20: REC_T=0.14357, NDCG_T=0.12375
2026-06-16 03:39:35, Best in epoch 9, TOP 40: REC_V=0.18721, NDCG_V=0.10560
2026-06-16 03:39:35, Best in epoch 9, TOP 40: REC_T=0.18738, NDCG_T=0.13914
2026-06-16 03:39:35, Best in epoch 9, TOP 80: REC_V=0.23786, NDCG_V=0.11714
2026-06-16 03:39:35, Best in epoch 9, TOP 80: REC_T=0.23796, NDCG_T=0.15422
[Module1 Ablation] experiment=M1A_diff_k1 strategy=diffusion k=1 epoch=11/30
[ub_rebuild/diffusion] epoch=11 dataset=iFashion loss=0.029113 rebuilt_edges=53897 avg_user_edges=1.000000 user_coverage=1.000000 bundle_coverage=0.139994 density=0.0000361089
[Module1 Ablation] experiment=M1A_diff_k1 strategy=diffusion k=1 epoch=12/30
[ub_rebuild/diffusion] epoch=12 dataset=iFashion loss=0.028972 rebuilt_edges=53897 avg_user_edges=1.000000 user_coverage=1.000000 bundle_coverage=0.146747 density=0.0000361089
[Module1 Ablation] experiment=M1A_diff_k1 strategy=diffusion k=1 epoch=13/30
[ub_rebuild/diffusion] epoch=13 dataset=iFashion loss=0.028754 rebuilt_edges=53897 avg_user_edges=1.000000 user_coverage=1.000000 bundle_coverage=0.147433 density=0.0000361089
[Module1 Ablation] experiment=M1A_diff_k1 strategy=diffusion k=1 epoch=14/30
[ub_rebuild/diffusion] epoch=14 dataset=iFashion loss=0.028642 rebuilt_edges=53897 avg_user_edges=1.000000 user_coverage=1.000000 bundle_coverage=0.144255 density=0.0000361089
[Module1 Ablation] experiment=M1A_diff_k1 strategy=diffusion k=1 epoch=15/30
[ub_rebuild/diffusion] epoch=15 dataset=iFashion loss=0.028544 rebuilt_edges=53897 avg_user_edges=1.000000 user_coverage=1.000000 bundle_coverage=0.144688 density=0.0000361089
2026-06-16 03:44:46, Top_10, Val:  recall: 0.110773, ndcg: 0.083511
2026-06-16 03:44:46, Top_10, Test: recall: 0.111258, ndcg: 0.111867
--------------------
2026-06-16 03:44:46, Top_20, Val:  recall: 0.152505, ndcg: 0.097304
2026-06-16 03:44:46, Top_20, Test: recall: 0.153273, ndcg: 0.128754
--------------------
2026-06-16 03:44:46, Top_40, Val:  recall: 0.202897, ndcg: 0.110964
2026-06-16 03:44:46, Top_40, Test: recall: 0.203226, ndcg: 0.146315
--------------------
2026-06-16 03:44:46, Top_80, Val:  recall: 0.259708, ndcg: 0.123938
2026-06-16 03:44:46, Top_80, Test: recall: 0.260020, ndcg: 0.163294
--------------------
top20 as the final evaluation standard
褰撳墠缃戞牸鍙傛暟: 0.00 + 0.00
2026-06-16 03:44:46, Best in epoch 14, TOP 10: REC_V=0.11077, NDCG_V=0.08351
2026-06-16 03:44:46, Best in epoch 14, TOP 10: REC_T=0.11126, NDCG_T=0.11187
2026-06-16 03:44:46, Best in epoch 14, TOP 20: REC_V=0.15251, NDCG_V=0.09730
2026-06-16 03:44:46, Best in epoch 14, TOP 20: REC_T=0.15327, NDCG_T=0.12875
2026-06-16 03:44:46, Best in epoch 14, TOP 40: REC_V=0.20290, NDCG_V=0.11096
2026-06-16 03:44:46, Best in epoch 14, TOP 40: REC_T=0.20323, NDCG_T=0.14631
2026-06-16 03:44:46, Best in epoch 14, TOP 80: REC_V=0.25971, NDCG_V=0.12394
2026-06-16 03:44:46, Best in epoch 14, TOP 80: REC_T=0.26002, NDCG_T=0.16329
[Module1 Ablation] experiment=M1A_diff_k1 strategy=diffusion k=1 epoch=16/30
[ub_rebuild/diffusion] epoch=16 dataset=iFashion loss=0.028430 rebuilt_edges=53897 avg_user_edges=1.000000 user_coverage=1.000000 bundle_coverage=0.148733 density=0.0000361089
[Module1 Ablation] experiment=M1A_diff_k1 strategy=diffusion k=1 epoch=17/30
[ub_rebuild/diffusion] epoch=17 dataset=iFashion loss=0.028350 rebuilt_edges=53897 avg_user_edges=1.000000 user_coverage=1.000000 bundle_coverage=0.147830 density=0.0000361089
[Module1 Ablation] experiment=M1A_diff_k1 strategy=diffusion k=1 epoch=18/30
[ub_rebuild/diffusion] epoch=18 dataset=iFashion loss=0.028289 rebuilt_edges=53897 avg_user_edges=1.000000 user_coverage=1.000000 bundle_coverage=0.144761 density=0.0000361089
[Module1 Ablation] experiment=M1A_diff_k1 strategy=diffusion k=1 epoch=19/30
[ub_rebuild/diffusion] epoch=19 dataset=iFashion loss=0.028227 rebuilt_edges=53897 avg_user_edges=1.000000 user_coverage=1.000000 bundle_coverage=0.143605 density=0.0000361089
[Module1 Ablation] experiment=M1A_diff_k1 strategy=diffusion k=1 epoch=20/30
[ub_rebuild/diffusion] epoch=20 dataset=iFashion loss=0.028172 rebuilt_edges=53897 avg_user_edges=1.000000 user_coverage=1.000000 bundle_coverage=0.143533 density=0.0000361089
2026-06-16 03:49:59, Top_10, Val:  recall: 0.110084, ndcg: 0.082004
2026-06-16 03:49:59, Top_10, Test: recall: 0.111421, ndcg: 0.110511
--------------------
2026-06-16 03:49:59, Top_20, Val:  recall: 0.153732, ndcg: 0.096449
2026-06-16 03:49:59, Top_20, Test: recall: 0.155387, ndcg: 0.128222
--------------------
2026-06-16 03:49:59, Top_40, Val:  recall: 0.206044, ndcg: 0.110661
2026-06-16 03:49:59, Top_40, Test: recall: 0.207433, ndcg: 0.146569
--------------------
2026-06-16 03:49:59, Top_80, Val:  recall: 0.266061, ndcg: 0.124349
2026-06-16 03:49:59, Top_80, Test: recall: 0.266863, ndcg: 0.164363
--------------------
top20 as the final evaluation standard
褰撳墠缃戞牸鍙傛暟: 0.00 + 0.00
2026-06-16 03:49:59, Best in epoch 19, TOP 10: REC_V=0.11008, NDCG_V=0.08200
2026-06-16 03:49:59, Best in epoch 19, TOP 10: REC_T=0.11142, NDCG_T=0.11051
2026-06-16 03:49:59, Best in epoch 19, TOP 20: REC_V=0.15373, NDCG_V=0.09645
2026-06-16 03:49:59, Best in epoch 19, TOP 20: REC_T=0.15539, NDCG_T=0.12822
2026-06-16 03:49:59, Best in epoch 19, TOP 40: REC_V=0.20604, NDCG_V=0.11066
2026-06-16 03:49:59, Best in epoch 19, TOP 40: REC_T=0.20743, NDCG_T=0.14657
2026-06-16 03:49:59, Best in epoch 19, TOP 80: REC_V=0.26606, NDCG_V=0.12435
2026-06-16 03:49:59, Best in epoch 19, TOP 80: REC_T=0.26686, NDCG_T=0.16436
[Module1 Ablation] experiment=M1A_diff_k1 strategy=diffusion k=1 epoch=21/30
[ub_rebuild/diffusion] epoch=21 dataset=iFashion loss=0.028190 rebuilt_edges=53897 avg_user_edges=1.000000 user_coverage=1.000000 bundle_coverage=0.145988 density=0.0000361089
[Module1 Ablation] experiment=M1A_diff_k1 strategy=diffusion k=1 epoch=22/30
[ub_rebuild/diffusion] epoch=22 dataset=iFashion loss=0.028047 rebuilt_edges=53897 avg_user_edges=1.000000 user_coverage=1.000000 bundle_coverage=0.144327 density=0.0000361089
[Module1 Ablation] experiment=M1A_diff_k1 strategy=diffusion k=1 epoch=23/30
[ub_rebuild/diffusion] epoch=23 dataset=iFashion loss=0.028029 rebuilt_edges=53897 avg_user_edges=1.000000 user_coverage=1.000000 bundle_coverage=0.145627 density=0.0000361089
[Module1 Ablation] experiment=M1A_diff_k1 strategy=diffusion k=1 epoch=24/30
[ub_rebuild/diffusion] epoch=24 dataset=iFashion loss=0.027936 rebuilt_edges=53897 avg_user_edges=1.000000 user_coverage=1.000000 bundle_coverage=0.146205 density=0.0000361089
[Module1 Ablation] experiment=M1A_diff_k1 strategy=diffusion k=1 epoch=25/30
[ub_rebuild/diffusion] epoch=25 dataset=iFashion loss=0.027893 rebuilt_edges=53897 avg_user_edges=1.000000 user_coverage=1.000000 bundle_coverage=0.148913 density=0.0000361089
2026-06-16 03:55:07, Top_10, Val:  recall: 0.110079, ndcg: 0.081490
2026-06-16 03:55:07, Top_10, Test: recall: 0.111089, ndcg: 0.109536
--------------------
2026-06-16 03:55:07, Top_20, Val:  recall: 0.154224, ndcg: 0.096102
2026-06-16 03:55:07, Top_20, Test: recall: 0.155388, ndcg: 0.127431
--------------------
2026-06-16 03:55:07, Top_40, Val:  recall: 0.208489, ndcg: 0.110832
2026-06-16 03:55:07, Top_40, Test: recall: 0.209092, ndcg: 0.146333
--------------------
2026-06-16 03:55:07, Top_80, Val:  recall: 0.268856, ndcg: 0.124612
2026-06-16 03:55:07, Top_80, Test: recall: 0.269679, ndcg: 0.164471
--------------------
top20 as the final evaluation standard
褰撳墠缃戞牸鍙傛暟: 0.00 + 0.00
2026-06-16 03:55:07, Best in epoch 24, TOP 10: REC_V=0.11008, NDCG_V=0.08149
2026-06-16 03:55:07, Best in epoch 24, TOP 10: REC_T=0.11109, NDCG_T=0.10954
2026-06-16 03:55:07, Best in epoch 24, TOP 20: REC_V=0.15422, NDCG_V=0.09610
2026-06-16 03:55:07, Best in epoch 24, TOP 20: REC_T=0.15539, NDCG_T=0.12743
2026-06-16 03:55:07, Best in epoch 24, TOP 40: REC_V=0.20849, NDCG_V=0.11083
2026-06-16 03:55:07, Best in epoch 24, TOP 40: REC_T=0.20909, NDCG_T=0.14633
2026-06-16 03:55:07, Best in epoch 24, TOP 80: REC_V=0.26886, NDCG_V=0.12461
2026-06-16 03:55:07, Best in epoch 24, TOP 80: REC_T=0.26968, NDCG_T=0.16447
[Module1 Ablation] experiment=M1A_diff_k1 strategy=diffusion k=1 epoch=26/30
[ub_rebuild/diffusion] epoch=26 dataset=iFashion loss=0.027926 rebuilt_edges=53897 avg_user_edges=1.000000 user_coverage=1.000000 bundle_coverage=0.147758 density=0.0000361089
[Module1 Ablation] experiment=M1A_diff_k1 strategy=diffusion k=1 epoch=27/30
[ub_rebuild/diffusion] epoch=27 dataset=iFashion loss=0.027842 rebuilt_edges=53897 avg_user_edges=1.000000 user_coverage=1.000000 bundle_coverage=0.147144 density=0.0000361089
[Module1 Ablation] experiment=M1A_diff_k1 strategy=diffusion k=1 epoch=28/30
[ub_rebuild/diffusion] epoch=28 dataset=iFashion loss=0.027845 rebuilt_edges=53897 avg_user_edges=1.000000 user_coverage=1.000000 bundle_coverage=0.146205 density=0.0000361089
[Module1 Ablation] experiment=M1A_diff_k1 strategy=diffusion k=1 epoch=29/30
[ub_rebuild/diffusion] epoch=29 dataset=iFashion loss=0.027825 rebuilt_edges=53897 avg_user_edges=1.000000 user_coverage=1.000000 bundle_coverage=0.145880 density=0.0000361089
[Module1 Ablation] experiment=M1A_diff_k1 strategy=diffusion k=1 epoch=30/30
[ub_rebuild/diffusion] epoch=30 dataset=iFashion loss=0.027815 rebuilt_edges=53897 avg_user_edges=1.000000 user_coverage=1.000000 bundle_coverage=0.148083 density=0.0000361089
2026-06-16 04:00:16, Top_10, Val:  recall: 0.110061, ndcg: 0.081121
2026-06-16 04:00:16, Top_10, Test: recall: 0.110788, ndcg: 0.108990
--------------------
2026-06-16 04:00:16, Top_20, Val:  recall: 0.155008, ndcg: 0.096026
2026-06-16 04:00:16, Top_20, Test: recall: 0.156000, ndcg: 0.127272
--------------------
2026-06-16 04:00:16, Top_40, Val:  recall: 0.208700, ndcg: 0.110630
2026-06-16 04:00:16, Top_40, Test: recall: 0.210176, ndcg: 0.146337
--------------------
2026-06-16 04:00:16, Top_80, Val:  recall: 0.270200, ndcg: 0.124648
2026-06-16 04:00:16, Top_80, Test: recall: 0.271083, ndcg: 0.164561
--------------------
top20 as the final evaluation standard
褰撳墠缃戞牸鍙傛暟: 0.00 + 0.00
2026-06-16 04:00:16, Best in epoch 29, TOP 10: REC_V=0.11006, NDCG_V=0.08112
2026-06-16 04:00:16, Best in epoch 29, TOP 10: REC_T=0.11079, NDCG_T=0.10899
2026-06-16 04:00:16, Best in epoch 29, TOP 20: REC_V=0.15501, NDCG_V=0.09603
2026-06-16 04:00:16, Best in epoch 29, TOP 20: REC_T=0.15600, NDCG_T=0.12727
2026-06-16 04:00:16, Best in epoch 29, TOP 40: REC_V=0.20870, NDCG_V=0.11063
2026-06-16 04:00:16, Best in epoch 29, TOP 40: REC_T=0.21018, NDCG_T=0.14634
2026-06-16 04:00:16, Best in epoch 29, TOP 80: REC_V=0.27020, NDCG_V=0.12465
2026-06-16 04:00:16, Best in epoch 29, TOP 80: REC_T=0.27108, NDCG_T=0.16456
