load config file done!
Global random seed set to: 2026
>>>>>>>>>>B-I statistics>>>>>>>>>>
Average interactions 3.86061954498291
Non-zero rows 1.0
Non-zero columns 1.0
Matrix density 9.070365408454437e-05
>>>>>>>>>>U-I statistics>>>>>>>>>>
Average interactions 42.50041580200195
Non-zero rows 0.9989980889474368
Non-zero columns 0.9486643328712732
Matrix density 0.0009985296492948938
>>>>>>>>>>U-B statistics in train>>>>>>>>>>
Average interactions 22.5184326171875
Non-zero rows 1.0
Non-zero columns 1.0
Matrix density 0.0008131159568128954
>>>>>>>>>>U-B statistics in tune>>>>>>>>>>
Average interactions 2.764662265777588
Non-zero rows 1.0
Non-zero columns 0.8580558965840976
Matrix density 9.98289241748367e-05
>>>>>>>>>>U-B statistics in test>>>>>>>>>>
Average interactions 5.882052898406982
Non-zero rows 1.0
Non-zero columns 0.9736043908427818
Matrix density 0.00021239448271911793
{'data_path': './datasets', 'train_style': 'dwt', 'batch_size_train': 2048, 'batch_size_test': 2048, 'topk': [10, 20, 40, 80], 'neg_num': 1, 'seed': 2026, 'aug_type': 'Noise', 'ed_interval': 1, 'embedding_sizes': [64], 'num_layerss': [2], 'UB_ratios': [0.05], 'UI_ratios': [0.0], 'BI_ratios': [0.2], 'fusion_weights': {'modal_weight': [0.0, 0.5, 0.5], 'UB_layer': [0.5, 0.5, 0.0], 'UI_layer': [0.3, 0.4, 0.3], 'BI_layer': [0.5, 0.5, 0.0]}, 'lrs': [0.001], 'l2_regs': [1e-05], 'c_lambdas': [0.1], 'c_temps': [0.2], 'epochs': 30, 'test_interval': 5, 'dwt': {'rebuild_strategy': 'diffusion', 'use_latent_diffusion_rebuild': True, 'rebuild_k': 9, 'latent_diffusion_user_embedding_path': './datasets/iFashion_UB_emb/iFashion_UB-user-04261842.pt', 'latent_diffusion_bundle_embedding_path': './datasets/iFashion_UB_emb/iFashion_UB-bundle-04261842.pt', 'latent_diffusion_hidden_dim': 128, 'latent_diffusion_time_dim': 16, 'latent_diffusion_denoiser_layers': 2, 'latent_diffusion_dropout': 0.1, 'latent_diffusion_num_steps': 12, 'latent_diffusion_beta_start': 0.0001, 'latent_diffusion_beta_end': 0.02, 'latent_diffusion_set_loss_weight': 0.05, 'latent_diffusion_lr': 0.001, 'latent_diffusion_weight_decay': 1e-05, 'latent_diffusion_batch_size': 1024, 'latent_diffusion_infer_batch_size': 256, 'latent_diffusion_reset_after_epoch': -1, 'latent_diffusion_reset_optimizer': False, 'gamma_1': 0.3, 'gamma_2': 0.2, 'tau': 0.08, 'lambda_1': 0.3, 'lambda_2': 1e-06}, 'anchor_cl': {'enabled': False, 'anchor_cl_lambda': 0.07, 'temp': 0.2, 'user_cl': True, 'bundle_cl': True, 'ub_ui_user_weight': 1.0, 'ub_bi_user_weight': 1.0, 'ub_ui_bundle_weight': 1.0, 'ub_bi_bundle_weight': 1.0}, 'ui_bundle_user_agg_beta': 0, 'bi_user_bundle_agg_beta': 0, 'dataset': 'iFashion', 'model': 'AnchorViewBundleNet', 'gpu': '0', 'info': 'M1A_diff_k9', 'num_users': 53897, 'num_bundles': 27694, 'num_items': 42563, 'device': device(type='cuda', index=0)}
train_style: dwt
==================== DWT Module1 experiment: dataset=iFashion strategy=diffusion k=9 info=M1A_diff_k9 ====================
[Module1 Ablation] diffusion_rebuilder=enabled; ub_rebuild_schedule=latent diffusion train+rebuild every epoch
[Module1 Ablation] experiment=M1A_diff_k9 strategy=diffusion k=9 epoch=1/30
>>>>>>>>>>U-B statistics from Latent diffusion rebuild>>>>>>>>>>
Average interactions 9.0
Non-zero rows 1.0
Non-zero columns 0.49277821910883224
Matrix density 0.0003249801401025493
[ub_rebuild/diffusion] epoch=1 dataset=iFashion loss=0.080877 rebuilt_edges=485073 avg_user_edges=9.000000 user_coverage=1.000000 bundle_coverage=0.492778 density=0.0003249801
[Module1 Ablation] experiment=M1A_diff_k9 strategy=diffusion k=9 epoch=2/30
[ub_rebuild/diffusion] epoch=2 dataset=iFashion loss=0.040972 rebuilt_edges=485073 avg_user_edges=9.000000 user_coverage=1.000000 bundle_coverage=0.527768 density=0.0003249801
[Module1 Ablation] experiment=M1A_diff_k9 strategy=diffusion k=9 epoch=3/30
[ub_rebuild/diffusion] epoch=3 dataset=iFashion loss=0.035385 rebuilt_edges=485073 avg_user_edges=9.000000 user_coverage=1.000000 bundle_coverage=0.540406 density=0.0003249801
[Module1 Ablation] experiment=M1A_diff_k9 strategy=diffusion k=9 epoch=4/30
[ub_rebuild/diffusion] epoch=4 dataset=iFashion loss=0.033036 rebuilt_edges=485073 avg_user_edges=9.000000 user_coverage=1.000000 bundle_coverage=0.546797 density=0.0003249801
[Module1 Ablation] experiment=M1A_diff_k9 strategy=diffusion k=9 epoch=5/30
[ub_rebuild/diffusion] epoch=5 dataset=iFashion loss=0.031726 rebuilt_edges=485073 avg_user_edges=9.000000 user_coverage=1.000000 bundle_coverage=0.555463 density=0.0003249801
2026-06-16 05:49:58, Top_10, Val:  recall: 0.096617, ndcg: 0.075763
2026-06-16 05:49:58, Top_10, Test: recall: 0.098364, ndcg: 0.101743
--------------------
2026-06-16 05:49:58, Top_20, Val:  recall: 0.128794, ndcg: 0.086408
2026-06-16 05:49:58, Top_20, Test: recall: 0.130703, ndcg: 0.114603
--------------------
2026-06-16 05:49:58, Top_40, Val:  recall: 0.166749, ndcg: 0.096681
2026-06-16 05:49:58, Top_40, Test: recall: 0.168512, ndcg: 0.127893
--------------------
2026-06-16 05:49:58, Top_80, Val:  recall: 0.211507, ndcg: 0.106858
2026-06-16 05:49:58, Top_80, Test: recall: 0.212881, ndcg: 0.141107
--------------------
top20 as the final evaluation standard
褰撳墠缃戞牸鍙傛暟: 0.00 + 0.00
2026-06-16 05:49:58, Best in epoch 4, TOP 10: REC_V=0.09662, NDCG_V=0.07576
2026-06-16 05:49:58, Best in epoch 4, TOP 10: REC_T=0.09836, NDCG_T=0.10174
2026-06-16 05:49:58, Best in epoch 4, TOP 20: REC_V=0.12879, NDCG_V=0.08641
2026-06-16 05:49:58, Best in epoch 4, TOP 20: REC_T=0.13070, NDCG_T=0.11460
2026-06-16 05:49:58, Best in epoch 4, TOP 40: REC_V=0.16675, NDCG_V=0.09668
2026-06-16 05:49:58, Best in epoch 4, TOP 40: REC_T=0.16851, NDCG_T=0.12789
2026-06-16 05:49:58, Best in epoch 4, TOP 80: REC_V=0.21151, NDCG_V=0.10686
2026-06-16 05:49:58, Best in epoch 4, TOP 80: REC_T=0.21288, NDCG_T=0.14111
[Module1 Ablation] experiment=M1A_diff_k9 strategy=diffusion k=9 epoch=6/30
[ub_rebuild/diffusion] epoch=6 dataset=iFashion loss=0.030863 rebuilt_edges=485073 avg_user_edges=9.000000 user_coverage=1.000000 bundle_coverage=0.554561 density=0.0003249801
[Module1 Ablation] experiment=M1A_diff_k9 strategy=diffusion k=9 epoch=7/30
[ub_rebuild/diffusion] epoch=7 dataset=iFashion loss=0.030328 rebuilt_edges=485073 avg_user_edges=9.000000 user_coverage=1.000000 bundle_coverage=0.557197 density=0.0003249801
[Module1 Ablation] experiment=M1A_diff_k9 strategy=diffusion k=9 epoch=8/30
[ub_rebuild/diffusion] epoch=8 dataset=iFashion loss=0.029869 rebuilt_edges=485073 avg_user_edges=9.000000 user_coverage=1.000000 bundle_coverage=0.559038 density=0.0003249801
[Module1 Ablation] experiment=M1A_diff_k9 strategy=diffusion k=9 epoch=9/30
[ub_rebuild/diffusion] epoch=9 dataset=iFashion loss=0.029543 rebuilt_edges=485073 avg_user_edges=9.000000 user_coverage=1.000000 bundle_coverage=0.560880 density=0.0003249801
[Module1 Ablation] experiment=M1A_diff_k9 strategy=diffusion k=9 epoch=10/30
[ub_rebuild/diffusion] epoch=10 dataset=iFashion loss=0.029282 rebuilt_edges=485073 avg_user_edges=9.000000 user_coverage=1.000000 bundle_coverage=0.563732 density=0.0003249801
2026-06-16 05:55:30, Top_10, Val:  recall: 0.108599, ndcg: 0.083354
2026-06-16 05:55:30, Top_10, Test: recall: 0.110010, ndcg: 0.112069
--------------------
2026-06-16 05:55:30, Top_20, Val:  recall: 0.147767, ndcg: 0.096247
2026-06-16 05:55:30, Top_20, Test: recall: 0.149505, ndcg: 0.127854
--------------------
2026-06-16 05:55:30, Top_40, Val:  recall: 0.193459, ndcg: 0.108653
2026-06-16 05:55:30, Top_40, Test: recall: 0.195564, ndcg: 0.144050
--------------------
2026-06-16 05:55:30, Top_80, Val:  recall: 0.246770, ndcg: 0.120775
2026-06-16 05:55:30, Top_80, Test: recall: 0.247930, ndcg: 0.159680
--------------------
top20 as the final evaluation standard
褰撳墠缃戞牸鍙傛暟: 0.00 + 0.00
2026-06-16 05:55:30, Best in epoch 9, TOP 10: REC_V=0.10860, NDCG_V=0.08335
2026-06-16 05:55:30, Best in epoch 9, TOP 10: REC_T=0.11001, NDCG_T=0.11207
2026-06-16 05:55:30, Best in epoch 9, TOP 20: REC_V=0.14777, NDCG_V=0.09625
2026-06-16 05:55:30, Best in epoch 9, TOP 20: REC_T=0.14950, NDCG_T=0.12785
2026-06-16 05:55:30, Best in epoch 9, TOP 40: REC_V=0.19346, NDCG_V=0.10865
2026-06-16 05:55:30, Best in epoch 9, TOP 40: REC_T=0.19556, NDCG_T=0.14405
2026-06-16 05:55:30, Best in epoch 9, TOP 80: REC_V=0.24677, NDCG_V=0.12078
2026-06-16 05:55:30, Best in epoch 9, TOP 80: REC_T=0.24793, NDCG_T=0.15968
[Module1 Ablation] experiment=M1A_diff_k9 strategy=diffusion k=9 epoch=11/30
[ub_rebuild/diffusion] epoch=11 dataset=iFashion loss=0.029114 rebuilt_edges=485073 avg_user_edges=9.000000 user_coverage=1.000000 bundle_coverage=0.562829 density=0.0003249801
[Module1 Ablation] experiment=M1A_diff_k9 strategy=diffusion k=9 epoch=12/30
[ub_rebuild/diffusion] epoch=12 dataset=iFashion loss=0.028973 rebuilt_edges=485073 avg_user_edges=9.000000 user_coverage=1.000000 bundle_coverage=0.569907 density=0.0003249801
[Module1 Ablation] experiment=M1A_diff_k9 strategy=diffusion k=9 epoch=13/30
[ub_rebuild/diffusion] epoch=13 dataset=iFashion loss=0.028754 rebuilt_edges=485073 avg_user_edges=9.000000 user_coverage=1.000000 bundle_coverage=0.566332 density=0.0003249801
[Module1 Ablation] experiment=M1A_diff_k9 strategy=diffusion k=9 epoch=14/30
[ub_rebuild/diffusion] epoch=14 dataset=iFashion loss=0.028642 rebuilt_edges=485073 avg_user_edges=9.000000 user_coverage=1.000000 bundle_coverage=0.564527 density=0.0003249801
[Module1 Ablation] experiment=M1A_diff_k9 strategy=diffusion k=9 epoch=15/30
[ub_rebuild/diffusion] epoch=15 dataset=iFashion loss=0.028544 rebuilt_edges=485073 avg_user_edges=9.000000 user_coverage=1.000000 bundle_coverage=0.564707 density=0.0003249801
2026-06-16 06:00:52, Top_10, Val:  recall: 0.111189, ndcg: 0.083225
2026-06-16 06:00:52, Top_10, Test: recall: 0.111699, ndcg: 0.112281
--------------------
2026-06-16 06:00:52, Top_20, Val:  recall: 0.152629, ndcg: 0.096923
2026-06-16 06:00:52, Top_20, Test: recall: 0.153452, ndcg: 0.129028
--------------------
2026-06-16 06:00:52, Top_40, Val:  recall: 0.201200, ndcg: 0.110108
2026-06-16 06:00:52, Top_40, Test: recall: 0.202991, ndcg: 0.146464
--------------------
2026-06-16 06:00:52, Top_80, Val:  recall: 0.257969, ndcg: 0.123059
2026-06-16 06:00:52, Top_80, Test: recall: 0.259980, ndcg: 0.163469
--------------------
top20 as the final evaluation standard
褰撳墠缃戞牸鍙傛暟: 0.00 + 0.00
2026-06-16 06:00:52, Best in epoch 14, TOP 10: REC_V=0.11119, NDCG_V=0.08323
2026-06-16 06:00:52, Best in epoch 14, TOP 10: REC_T=0.11170, NDCG_T=0.11228
2026-06-16 06:00:52, Best in epoch 14, TOP 20: REC_V=0.15263, NDCG_V=0.09692
2026-06-16 06:00:52, Best in epoch 14, TOP 20: REC_T=0.15345, NDCG_T=0.12903
2026-06-16 06:00:52, Best in epoch 14, TOP 40: REC_V=0.20120, NDCG_V=0.11011
2026-06-16 06:00:52, Best in epoch 14, TOP 40: REC_T=0.20299, NDCG_T=0.14646
2026-06-16 06:00:52, Best in epoch 14, TOP 80: REC_V=0.25797, NDCG_V=0.12306
2026-06-16 06:00:52, Best in epoch 14, TOP 80: REC_T=0.25998, NDCG_T=0.16347
[Module1 Ablation] experiment=M1A_diff_k9 strategy=diffusion k=9 epoch=16/30
[ub_rebuild/diffusion] epoch=16 dataset=iFashion loss=0.028429 rebuilt_edges=485073 avg_user_edges=9.000000 user_coverage=1.000000 bundle_coverage=0.571423 density=0.0003249801
[Module1 Ablation] experiment=M1A_diff_k9 strategy=diffusion k=9 epoch=17/30
[ub_rebuild/diffusion] epoch=17 dataset=iFashion loss=0.028350 rebuilt_edges=485073 avg_user_edges=9.000000 user_coverage=1.000000 bundle_coverage=0.572832 density=0.0003249801
[Module1 Ablation] experiment=M1A_diff_k9 strategy=diffusion k=9 epoch=18/30
[ub_rebuild/diffusion] epoch=18 dataset=iFashion loss=0.028289 rebuilt_edges=485073 avg_user_edges=9.000000 user_coverage=1.000000 bundle_coverage=0.566188 density=0.0003249801
[Module1 Ablation] experiment=M1A_diff_k9 strategy=diffusion k=9 epoch=19/30
[ub_rebuild/diffusion] epoch=19 dataset=iFashion loss=0.028227 rebuilt_edges=485073 avg_user_edges=9.000000 user_coverage=1.000000 bundle_coverage=0.565502 density=0.0003249801
[Module1 Ablation] experiment=M1A_diff_k9 strategy=diffusion k=9 epoch=20/30
[ub_rebuild/diffusion] epoch=20 dataset=iFashion loss=0.028173 rebuilt_edges=485073 avg_user_edges=9.000000 user_coverage=1.000000 bundle_coverage=0.566657 density=0.0003249801
2026-06-16 06:06:15, Top_10, Val:  recall: 0.110353, ndcg: 0.082826
2026-06-16 06:06:15, Top_10, Test: recall: 0.112016, ndcg: 0.111809
--------------------
2026-06-16 06:06:15, Top_20, Val:  recall: 0.152674, ndcg: 0.096806
2026-06-16 06:06:15, Top_20, Test: recall: 0.154936, ndcg: 0.129066
--------------------
2026-06-16 06:06:15, Top_40, Val:  recall: 0.204136, ndcg: 0.110743
2026-06-16 06:06:15, Top_40, Test: recall: 0.205658, ndcg: 0.146935
--------------------
2026-06-16 06:06:15, Top_80, Val:  recall: 0.262328, ndcg: 0.124040
2026-06-16 06:06:15, Top_80, Test: recall: 0.264026, ndcg: 0.164360
--------------------
top20 as the final evaluation standard
褰撳墠缃戞牸鍙傛暟: 0.00 + 0.00
2026-06-16 06:06:16, Best in epoch 19, TOP 10: REC_V=0.11035, NDCG_V=0.08283
2026-06-16 06:06:16, Best in epoch 19, TOP 10: REC_T=0.11202, NDCG_T=0.11181
2026-06-16 06:06:16, Best in epoch 19, TOP 20: REC_V=0.15267, NDCG_V=0.09681
2026-06-16 06:06:16, Best in epoch 19, TOP 20: REC_T=0.15494, NDCG_T=0.12907
2026-06-16 06:06:16, Best in epoch 19, TOP 40: REC_V=0.20414, NDCG_V=0.11074
2026-06-16 06:06:16, Best in epoch 19, TOP 40: REC_T=0.20566, NDCG_T=0.14694
2026-06-16 06:06:16, Best in epoch 19, TOP 80: REC_V=0.26233, NDCG_V=0.12404
2026-06-16 06:06:16, Best in epoch 19, TOP 80: REC_T=0.26403, NDCG_T=0.16436
[Module1 Ablation] experiment=M1A_diff_k9 strategy=diffusion k=9 epoch=21/30
[ub_rebuild/diffusion] epoch=21 dataset=iFashion loss=0.028191 rebuilt_edges=485073 avg_user_edges=9.000000 user_coverage=1.000000 bundle_coverage=0.572218 density=0.0003249801
[Module1 Ablation] experiment=M1A_diff_k9 strategy=diffusion k=9 epoch=22/30
[ub_rebuild/diffusion] epoch=22 dataset=iFashion loss=0.028048 rebuilt_edges=485073 avg_user_edges=9.000000 user_coverage=1.000000 bundle_coverage=0.568138 density=0.0003249801
[Module1 Ablation] experiment=M1A_diff_k9 strategy=diffusion k=9 epoch=23/30
[ub_rebuild/diffusion] epoch=23 dataset=iFashion loss=0.028029 rebuilt_edges=485073 avg_user_edges=9.000000 user_coverage=1.000000 bundle_coverage=0.570160 density=0.0003249801
[Module1 Ablation] experiment=M1A_diff_k9 strategy=diffusion k=9 epoch=24/30
[ub_rebuild/diffusion] epoch=24 dataset=iFashion loss=0.027936 rebuilt_edges=485073 avg_user_edges=9.000000 user_coverage=1.000000 bundle_coverage=0.571207 density=0.0003249801
[Module1 Ablation] experiment=M1A_diff_k9 strategy=diffusion k=9 epoch=25/30
[ub_rebuild/diffusion] epoch=25 dataset=iFashion loss=0.027893 rebuilt_edges=485073 avg_user_edges=9.000000 user_coverage=1.000000 bundle_coverage=0.575576 density=0.0003249801
2026-06-16 06:11:41, Top_10, Val:  recall: 0.110210, ndcg: 0.082388
2026-06-16 06:11:41, Top_10, Test: recall: 0.112172, ndcg: 0.111796
--------------------
2026-06-16 06:11:41, Top_20, Val:  recall: 0.153529, ndcg: 0.096665
2026-06-16 06:11:41, Top_20, Test: recall: 0.155495, ndcg: 0.129227
--------------------
2026-06-16 06:11:41, Top_40, Val:  recall: 0.205593, ndcg: 0.110802
2026-06-16 06:11:41, Top_40, Test: recall: 0.206624, ndcg: 0.147240
--------------------
2026-06-16 06:11:41, Top_80, Val:  recall: 0.264136, ndcg: 0.124167
2026-06-16 06:11:41, Top_80, Test: recall: 0.265705, ndcg: 0.164882
--------------------
top20 as the final evaluation standard
褰撳墠缃戞牸鍙傛暟: 0.00 + 0.00
2026-06-16 06:11:41, Best in epoch 24, TOP 10: REC_V=0.11021, NDCG_V=0.08239
2026-06-16 06:11:41, Best in epoch 24, TOP 10: REC_T=0.11217, NDCG_T=0.11180
2026-06-16 06:11:41, Best in epoch 24, TOP 20: REC_V=0.15353, NDCG_V=0.09666
2026-06-16 06:11:41, Best in epoch 24, TOP 20: REC_T=0.15550, NDCG_T=0.12923
2026-06-16 06:11:41, Best in epoch 24, TOP 40: REC_V=0.20559, NDCG_V=0.11080
2026-06-16 06:11:41, Best in epoch 24, TOP 40: REC_T=0.20662, NDCG_T=0.14724
2026-06-16 06:11:41, Best in epoch 24, TOP 80: REC_V=0.26414, NDCG_V=0.12417
2026-06-16 06:11:41, Best in epoch 24, TOP 80: REC_T=0.26570, NDCG_T=0.16488
[Module1 Ablation] experiment=M1A_diff_k9 strategy=diffusion k=9 epoch=26/30
[ub_rebuild/diffusion] epoch=26 dataset=iFashion loss=0.027926 rebuilt_edges=485073 avg_user_edges=9.000000 user_coverage=1.000000 bundle_coverage=0.573373 density=0.0003249801
[Module1 Ablation] experiment=M1A_diff_k9 strategy=diffusion k=9 epoch=27/30
[ub_rebuild/diffusion] epoch=27 dataset=iFashion loss=0.027842 rebuilt_edges=485073 avg_user_edges=9.000000 user_coverage=1.000000 bundle_coverage=0.574782 density=0.0003249801
[Module1 Ablation] experiment=M1A_diff_k9 strategy=diffusion k=9 epoch=28/30
[ub_rebuild/diffusion] epoch=28 dataset=iFashion loss=0.027844 rebuilt_edges=485073 avg_user_edges=9.000000 user_coverage=1.000000 bundle_coverage=0.572037 density=0.0003249801
[Module1 Ablation] experiment=M1A_diff_k9 strategy=diffusion k=9 epoch=29/30
[ub_rebuild/diffusion] epoch=29 dataset=iFashion loss=0.027824 rebuilt_edges=485073 avg_user_edges=9.000000 user_coverage=1.000000 bundle_coverage=0.572001 density=0.0003249801
[Module1 Ablation] experiment=M1A_diff_k9 strategy=diffusion k=9 epoch=30/30
[ub_rebuild/diffusion] epoch=30 dataset=iFashion loss=0.027815 rebuilt_edges=485073 avg_user_edges=9.000000 user_coverage=1.000000 bundle_coverage=0.572759 density=0.0003249801
2026-06-16 06:17:08, Top_10, Val:  recall: 0.110368, ndcg: 0.082474
2026-06-16 06:17:08, Top_10, Test: recall: 0.111635, ndcg: 0.111195
--------------------
2026-06-16 06:17:08, Top_20, Val:  recall: 0.154255, ndcg: 0.096972
2026-06-16 06:17:08, Top_20, Test: recall: 0.155279, ndcg: 0.128784
--------------------
2026-06-16 06:17:08, Top_40, Val:  recall: 0.205423, ndcg: 0.110865
2026-06-16 06:17:08, Top_40, Test: recall: 0.206854, ndcg: 0.146976
--------------------
2026-06-16 06:17:08, Top_80, Val:  recall: 0.263992, ndcg: 0.124213
2026-06-16 06:17:08, Top_80, Test: recall: 0.266238, ndcg: 0.164712
--------------------
top20 as the final evaluation standard
褰撳墠缃戞牸鍙傛暟: 0.00 + 0.00
2026-06-16 06:17:08, Best in epoch 29, TOP 10: REC_V=0.11037, NDCG_V=0.08247
2026-06-16 06:17:08, Best in epoch 29, TOP 10: REC_T=0.11163, NDCG_T=0.11120
2026-06-16 06:17:08, Best in epoch 29, TOP 20: REC_V=0.15426, NDCG_V=0.09697
2026-06-16 06:17:08, Best in epoch 29, TOP 20: REC_T=0.15528, NDCG_T=0.12878
2026-06-16 06:17:08, Best in epoch 29, TOP 40: REC_V=0.20542, NDCG_V=0.11086
2026-06-16 06:17:08, Best in epoch 29, TOP 40: REC_T=0.20685, NDCG_T=0.14698
2026-06-16 06:17:08, Best in epoch 29, TOP 80: REC_V=0.26399, NDCG_V=0.12421
2026-06-16 06:17:08, Best in epoch 29, TOP 80: REC_T=0.26624, NDCG_T=0.16471
