load config file done!
Global random seed set to: 2026
>>>>>>>>>>B-I statistics>>>>>>>>>>
Average interactions 3.86061954498291
Non-zero rows 1.0
Non-zero columns 1.0
Matrix density 9.070365408454437e-05
>>>>>>>>>>U-I statistics>>>>>>>>>>
Average interactions 42.50041580200195
Non-zero rows 0.9989980889474368
Non-zero columns 0.9486643328712732
Matrix density 0.0009985296492948938
>>>>>>>>>>U-B statistics in train>>>>>>>>>>
Average interactions 22.5184326171875
Non-zero rows 1.0
Non-zero columns 1.0
Matrix density 0.0008131159568128954
>>>>>>>>>>U-B statistics in tune>>>>>>>>>>
Average interactions 2.764662265777588
Non-zero rows 1.0
Non-zero columns 0.8580558965840976
Matrix density 9.98289241748367e-05
>>>>>>>>>>U-B statistics in test>>>>>>>>>>
Average interactions 5.882052898406982
Non-zero rows 1.0
Non-zero columns 0.9736043908427818
Matrix density 0.00021239448271911793
{'data_path': './datasets', 'train_style': 'dwt', 'batch_size_train': 2048, 'batch_size_test': 2048, 'topk': [10, 20, 40, 80], 'neg_num': 1, 'seed': 2026, 'aug_type': 'Noise', 'ed_interval': 1, 'embedding_sizes': [64], 'num_layerss': [2], 'UB_ratios': [0.05], 'UI_ratios': [0.0], 'BI_ratios': [0.2], 'fusion_weights': {'modal_weight': [0.0, 0.5, 0.5], 'UB_layer': [0.5, 0.5, 0.0], 'UI_layer': [0.3, 0.4, 0.3], 'BI_layer': [0.5, 0.5, 0.0]}, 'lrs': [0.001], 'l2_regs': [1e-05], 'c_lambdas': [0.1], 'c_temps': [0.2], 'epochs': 30, 'test_interval': 5, 'dwt': {'rebuild_strategy': 'random', 'use_latent_diffusion_rebuild': True, 'rebuild_k': 7, 'latent_diffusion_user_embedding_path': './datasets/iFashion_UB_emb/iFashion_UB-user-04261842.pt', 'latent_diffusion_bundle_embedding_path': './datasets/iFashion_UB_emb/iFashion_UB-bundle-04261842.pt', 'latent_diffusion_hidden_dim': 128, 'latent_diffusion_time_dim': 16, 'latent_diffusion_denoiser_layers': 2, 'latent_diffusion_dropout': 0.1, 'latent_diffusion_num_steps': 12, 'latent_diffusion_beta_start': 0.0001, 'latent_diffusion_beta_end': 0.02, 'latent_diffusion_set_loss_weight': 0.05, 'latent_diffusion_lr': 0.001, 'latent_diffusion_weight_decay': 1e-05, 'latent_diffusion_batch_size': 1024, 'latent_diffusion_infer_batch_size': 256, 'latent_diffusion_reset_after_epoch': -1, 'latent_diffusion_reset_optimizer': False, 'gamma_1': 0.3, 'gamma_2': 0.2, 'tau': 0.08, 'lambda_1': 0.3, 'lambda_2': 1e-06}, 'anchor_cl': {'enabled': False, 'anchor_cl_lambda': 0.07, 'temp': 0.2, 'user_cl': True, 'bundle_cl': True, 'ub_ui_user_weight': 1.0, 'ub_bi_user_weight': 1.0, 'ub_ui_bundle_weight': 1.0, 'ub_bi_bundle_weight': 1.0}, 'ui_bundle_user_agg_beta': 0, 'bi_user_bundle_agg_beta': 0, 'dataset': 'iFashion', 'model': 'AnchorViewBundleNet', 'gpu': '0', 'info': 'M1B_rand_k7', 'num_users': 53897, 'num_bundles': 27694, 'num_items': 42563, 'device': device(type='cuda', index=0)}
train_style: dwt
==================== DWT Module1 experiment: dataset=iFashion strategy=random k=7 info=M1B_rand_k7 ====================
[Module1 Ablation] diffusion_rebuilder=disabled; ub_rebuild_schedule=random Top-K UB graph, rebuilt every epoch
[Module1 Ablation] experiment=M1B_rand_k7 strategy=random k=7 epoch=1/30
>>>>>>>>>>U-B statistics from random Top-K rebuild>>>>>>>>>>
Average interactions 7.0
Non-zero rows 1.0
Non-zero columns 0.9823427457210948
Matrix density 0.0002527623311908717
[ub_rebuild/random] epoch=1 dataset=iFashion rebuilt_edges=377279 avg_user_edges=7.000000 user_coverage=1.000000 bundle_coverage=0.982343 density=0.0002527623
[Module1 Ablation] experiment=M1B_rand_k7 strategy=random k=7 epoch=2/30
[ub_rebuild/random] epoch=2 dataset=iFashion rebuilt_edges=377279 avg_user_edges=7.000000 user_coverage=1.000000 bundle_coverage=0.984618 density=0.0002527623
[Module1 Ablation] experiment=M1B_rand_k7 strategy=random k=7 epoch=3/30
[ub_rebuild/random] epoch=3 dataset=iFashion rebuilt_edges=377279 avg_user_edges=7.000000 user_coverage=1.000000 bundle_coverage=0.984293 density=0.0002527623
[Module1 Ablation] experiment=M1B_rand_k7 strategy=random k=7 epoch=4/30
[ub_rebuild/random] epoch=4 dataset=iFashion rebuilt_edges=377279 avg_user_edges=7.000000 user_coverage=1.000000 bundle_coverage=0.984040 density=0.0002527623
[Module1 Ablation] experiment=M1B_rand_k7 strategy=random k=7 epoch=5/30
[ub_rebuild/random] epoch=5 dataset=iFashion rebuilt_edges=377279 avg_user_edges=7.000000 user_coverage=1.000000 bundle_coverage=0.982848 density=0.0002527623
2026-06-16 07:45:37, Top_10, Val:  recall: 0.092174, ndcg: 0.071892
2026-06-16 07:45:37, Top_10, Test: recall: 0.092523, ndcg: 0.095897
--------------------
2026-06-16 07:45:37, Top_20, Val:  recall: 0.123736, ndcg: 0.082335
2026-06-16 07:45:37, Top_20, Test: recall: 0.124468, ndcg: 0.108612
--------------------
2026-06-16 07:45:37, Top_40, Val:  recall: 0.162236, ndcg: 0.092788
2026-06-16 07:45:37, Top_40, Test: recall: 0.163645, ndcg: 0.122379
--------------------
2026-06-16 07:45:37, Top_80, Val:  recall: 0.208465, ndcg: 0.103331
2026-06-16 07:45:37, Top_80, Test: recall: 0.209727, ndcg: 0.136114
--------------------
top20 as the final evaluation standard
褰撳墠缃戞牸鍙傛暟: 0.00 + 0.00
2026-06-16 07:45:37, Best in epoch 4, TOP 10: REC_V=0.09217, NDCG_V=0.07189
2026-06-16 07:45:37, Best in epoch 4, TOP 10: REC_T=0.09252, NDCG_T=0.09590
2026-06-16 07:45:37, Best in epoch 4, TOP 20: REC_V=0.12374, NDCG_V=0.08233
2026-06-16 07:45:37, Best in epoch 4, TOP 20: REC_T=0.12447, NDCG_T=0.10861
2026-06-16 07:45:37, Best in epoch 4, TOP 40: REC_V=0.16224, NDCG_V=0.09279
2026-06-16 07:45:37, Best in epoch 4, TOP 40: REC_T=0.16365, NDCG_T=0.12238
2026-06-16 07:45:37, Best in epoch 4, TOP 80: REC_V=0.20846, NDCG_V=0.10333
2026-06-16 07:45:37, Best in epoch 4, TOP 80: REC_T=0.20973, NDCG_T=0.13611
[Module1 Ablation] experiment=M1B_rand_k7 strategy=random k=7 epoch=6/30
[ub_rebuild/random] epoch=6 dataset=iFashion rebuilt_edges=377279 avg_user_edges=7.000000 user_coverage=1.000000 bundle_coverage=0.984148 density=0.0002527623
[Module1 Ablation] experiment=M1B_rand_k7 strategy=random k=7 epoch=7/30
[ub_rebuild/random] epoch=7 dataset=iFashion rebuilt_edges=377279 avg_user_edges=7.000000 user_coverage=1.000000 bundle_coverage=0.983029 density=0.0002527623
[Module1 Ablation] experiment=M1B_rand_k7 strategy=random k=7 epoch=8/30
[ub_rebuild/random] epoch=8 dataset=iFashion rebuilt_edges=377279 avg_user_edges=7.000000 user_coverage=1.000000 bundle_coverage=0.984148 density=0.0002527623
[Module1 Ablation] experiment=M1B_rand_k7 strategy=random k=7 epoch=9/30
[ub_rebuild/random] epoch=9 dataset=iFashion rebuilt_edges=377279 avg_user_edges=7.000000 user_coverage=1.000000 bundle_coverage=0.983968 density=0.0002527623
[Module1 Ablation] experiment=M1B_rand_k7 strategy=random k=7 epoch=10/30
[ub_rebuild/random] epoch=10 dataset=iFashion rebuilt_edges=377279 avg_user_edges=7.000000 user_coverage=1.000000 bundle_coverage=0.983426 density=0.0002527623
2026-06-16 07:50:21, Top_10, Val:  recall: 0.106903, ndcg: 0.080941
2026-06-16 07:50:21, Top_10, Test: recall: 0.106989, ndcg: 0.108011
--------------------
2026-06-16 07:50:21, Top_20, Val:  recall: 0.145387, ndcg: 0.093688
2026-06-16 07:50:21, Top_20, Test: recall: 0.146826, ndcg: 0.124050
--------------------
2026-06-16 07:50:21, Top_40, Val:  recall: 0.193936, ndcg: 0.106850
2026-06-16 07:50:21, Top_40, Test: recall: 0.194714, ndcg: 0.140902
--------------------
2026-06-16 07:50:21, Top_80, Val:  recall: 0.248504, ndcg: 0.119323
2026-06-16 07:50:21, Top_80, Test: recall: 0.249192, ndcg: 0.157170
--------------------
top20 as the final evaluation standard
褰撳墠缃戞牸鍙傛暟: 0.00 + 0.00
2026-06-16 07:50:21, Best in epoch 9, TOP 10: REC_V=0.10690, NDCG_V=0.08094
2026-06-16 07:50:21, Best in epoch 9, TOP 10: REC_T=0.10699, NDCG_T=0.10801
2026-06-16 07:50:21, Best in epoch 9, TOP 20: REC_V=0.14539, NDCG_V=0.09369
2026-06-16 07:50:21, Best in epoch 9, TOP 20: REC_T=0.14683, NDCG_T=0.12405
2026-06-16 07:50:21, Best in epoch 9, TOP 40: REC_V=0.19394, NDCG_V=0.10685
2026-06-16 07:50:21, Best in epoch 9, TOP 40: REC_T=0.19471, NDCG_T=0.14090
2026-06-16 07:50:21, Best in epoch 9, TOP 80: REC_V=0.24850, NDCG_V=0.11932
2026-06-16 07:50:21, Best in epoch 9, TOP 80: REC_T=0.24919, NDCG_T=0.15717
[Module1 Ablation] experiment=M1B_rand_k7 strategy=random k=7 epoch=11/30
[ub_rebuild/random] epoch=11 dataset=iFashion rebuilt_edges=377279 avg_user_edges=7.000000 user_coverage=1.000000 bundle_coverage=0.983029 density=0.0002527623
[Module1 Ablation] experiment=M1B_rand_k7 strategy=random k=7 epoch=12/30
[ub_rebuild/random] epoch=12 dataset=iFashion rebuilt_edges=377279 avg_user_edges=7.000000 user_coverage=1.000000 bundle_coverage=0.983895 density=0.0002527623
[Module1 Ablation] experiment=M1B_rand_k7 strategy=random k=7 epoch=13/30
[ub_rebuild/random] epoch=13 dataset=iFashion rebuilt_edges=377279 avg_user_edges=7.000000 user_coverage=1.000000 bundle_coverage=0.983679 density=0.0002527623
[Module1 Ablation] experiment=M1B_rand_k7 strategy=random k=7 epoch=14/30
[ub_rebuild/random] epoch=14 dataset=iFashion rebuilt_edges=377279 avg_user_edges=7.000000 user_coverage=1.000000 bundle_coverage=0.983137 density=0.0002527623
[Module1 Ablation] experiment=M1B_rand_k7 strategy=random k=7 epoch=15/30
[ub_rebuild/random] epoch=15 dataset=iFashion rebuilt_edges=377279 avg_user_edges=7.000000 user_coverage=1.000000 bundle_coverage=0.983354 density=0.0002527623
2026-06-16 07:55:06, Top_10, Val:  recall: 0.107069, ndcg: 0.080066
2026-06-16 07:55:06, Top_10, Test: recall: 0.108911, ndcg: 0.107711
--------------------
2026-06-16 07:55:06, Top_20, Val:  recall: 0.149777, ndcg: 0.094227
2026-06-16 07:55:06, Top_20, Test: recall: 0.151565, ndcg: 0.124930
--------------------
2026-06-16 07:55:06, Top_40, Val:  recall: 0.202162, ndcg: 0.108467
2026-06-16 07:55:06, Top_40, Test: recall: 0.203409, ndcg: 0.143216
--------------------
2026-06-16 07:55:06, Top_80, Val:  recall: 0.262636, ndcg: 0.122259
2026-06-16 07:55:06, Top_80, Test: recall: 0.263530, ndcg: 0.161168
--------------------
top20 as the final evaluation standard
褰撳墠缃戞牸鍙傛暟: 0.00 + 0.00
2026-06-16 07:55:06, Best in epoch 14, TOP 10: REC_V=0.10707, NDCG_V=0.08007
2026-06-16 07:55:06, Best in epoch 14, TOP 10: REC_T=0.10891, NDCG_T=0.10771
2026-06-16 07:55:06, Best in epoch 14, TOP 20: REC_V=0.14978, NDCG_V=0.09423
2026-06-16 07:55:06, Best in epoch 14, TOP 20: REC_T=0.15157, NDCG_T=0.12493
2026-06-16 07:55:06, Best in epoch 14, TOP 40: REC_V=0.20216, NDCG_V=0.10847
2026-06-16 07:55:06, Best in epoch 14, TOP 40: REC_T=0.20341, NDCG_T=0.14322
2026-06-16 07:55:06, Best in epoch 14, TOP 80: REC_V=0.26264, NDCG_V=0.12226
2026-06-16 07:55:06, Best in epoch 14, TOP 80: REC_T=0.26353, NDCG_T=0.16117
[Module1 Ablation] experiment=M1B_rand_k7 strategy=random k=7 epoch=16/30
[ub_rebuild/random] epoch=16 dataset=iFashion rebuilt_edges=377279 avg_user_edges=7.000000 user_coverage=1.000000 bundle_coverage=0.985737 density=0.0002527623
[Module1 Ablation] experiment=M1B_rand_k7 strategy=random k=7 epoch=17/30
[ub_rebuild/random] epoch=17 dataset=iFashion rebuilt_edges=377279 avg_user_edges=7.000000 user_coverage=1.000000 bundle_coverage=0.983173 density=0.0002527623
[Module1 Ablation] experiment=M1B_rand_k7 strategy=random k=7 epoch=18/30
[ub_rebuild/random] epoch=18 dataset=iFashion rebuilt_edges=377279 avg_user_edges=7.000000 user_coverage=1.000000 bundle_coverage=0.985015 density=0.0002527623
[Module1 Ablation] experiment=M1B_rand_k7 strategy=random k=7 epoch=19/30
[ub_rebuild/random] epoch=19 dataset=iFashion rebuilt_edges=377279 avg_user_edges=7.000000 user_coverage=1.000000 bundle_coverage=0.983715 density=0.0002527623
[Module1 Ablation] experiment=M1B_rand_k7 strategy=random k=7 epoch=20/30
[ub_rebuild/random] epoch=20 dataset=iFashion rebuilt_edges=377279 avg_user_edges=7.000000 user_coverage=1.000000 bundle_coverage=0.984834 density=0.0002527623
2026-06-16 07:59:53, Top_10, Val:  recall: 0.106826, ndcg: 0.079464
2026-06-16 07:59:53, Top_10, Test: recall: 0.108204, ndcg: 0.106897
--------------------
2026-06-16 07:59:53, Top_20, Val:  recall: 0.151120, ndcg: 0.094155
2026-06-16 07:59:53, Top_20, Test: recall: 0.151864, ndcg: 0.124581
--------------------
2026-06-16 07:59:53, Top_40, Val:  recall: 0.204744, ndcg: 0.108689
2026-06-16 07:59:53, Top_40, Test: recall: 0.205811, ndcg: 0.143611
--------------------
2026-06-16 07:59:53, Top_80, Val:  recall: 0.265738, ndcg: 0.122614
2026-06-16 07:59:53, Top_80, Test: recall: 0.267055, ndcg: 0.161919
--------------------
top20 as the final evaluation standard
褰撳墠缃戞牸鍙傛暟: 0.00 + 0.00
2026-06-16 07:59:53, Best in epoch 19, TOP 10: REC_V=0.10683, NDCG_V=0.07946
2026-06-16 07:59:53, Best in epoch 19, TOP 10: REC_T=0.10820, NDCG_T=0.10690
2026-06-16 07:59:53, Best in epoch 19, TOP 20: REC_V=0.15112, NDCG_V=0.09416
2026-06-16 07:59:53, Best in epoch 19, TOP 20: REC_T=0.15186, NDCG_T=0.12458
2026-06-16 07:59:53, Best in epoch 19, TOP 40: REC_V=0.20474, NDCG_V=0.10869
2026-06-16 07:59:53, Best in epoch 19, TOP 40: REC_T=0.20581, NDCG_T=0.14361
2026-06-16 07:59:53, Best in epoch 19, TOP 80: REC_V=0.26574, NDCG_V=0.12261
2026-06-16 07:59:53, Best in epoch 19, TOP 80: REC_T=0.26706, NDCG_T=0.16192
[Module1 Ablation] experiment=M1B_rand_k7 strategy=random k=7 epoch=21/30
[ub_rebuild/random] epoch=21 dataset=iFashion rebuilt_edges=377279 avg_user_edges=7.000000 user_coverage=1.000000 bundle_coverage=0.983607 density=0.0002527623
[Module1 Ablation] experiment=M1B_rand_k7 strategy=random k=7 epoch=22/30
[ub_rebuild/random] epoch=22 dataset=iFashion rebuilt_edges=377279 avg_user_edges=7.000000 user_coverage=1.000000 bundle_coverage=0.983570 density=0.0002527623
[Module1 Ablation] experiment=M1B_rand_k7 strategy=random k=7 epoch=23/30
[ub_rebuild/random] epoch=23 dataset=iFashion rebuilt_edges=377279 avg_user_edges=7.000000 user_coverage=1.000000 bundle_coverage=0.982993 density=0.0002527623
[Module1 Ablation] experiment=M1B_rand_k7 strategy=random k=7 epoch=24/30
[ub_rebuild/random] epoch=24 dataset=iFashion rebuilt_edges=377279 avg_user_edges=7.000000 user_coverage=1.000000 bundle_coverage=0.983426 density=0.0002527623
[Module1 Ablation] experiment=M1B_rand_k7 strategy=random k=7 epoch=25/30
[ub_rebuild/random] epoch=25 dataset=iFashion rebuilt_edges=377279 avg_user_edges=7.000000 user_coverage=1.000000 bundle_coverage=0.983534 density=0.0002527623
2026-06-16 08:04:39, Top_10, Val:  recall: 0.106825, ndcg: 0.079133
2026-06-16 08:04:39, Top_10, Test: recall: 0.108174, ndcg: 0.106785
--------------------
2026-06-16 08:04:39, Top_20, Val:  recall: 0.151112, ndcg: 0.093787
2026-06-16 08:04:39, Top_20, Test: recall: 0.152109, ndcg: 0.124508
--------------------
2026-06-16 08:04:39, Top_40, Val:  recall: 0.205373, ndcg: 0.108545
2026-06-16 08:04:39, Top_40, Test: recall: 0.206188, ndcg: 0.143618
--------------------
2026-06-16 08:04:39, Top_80, Val:  recall: 0.268175, ndcg: 0.122865
2026-06-16 08:04:39, Top_80, Test: recall: 0.268368, ndcg: 0.162206
--------------------
top20 as the final evaluation standard
褰撳墠缃戞牸鍙傛暟: 0.00 + 0.00
2026-06-16 08:04:40, Best in epoch 24, TOP 10: REC_V=0.10683, NDCG_V=0.07913
2026-06-16 08:04:40, Best in epoch 24, TOP 10: REC_T=0.10817, NDCG_T=0.10679
2026-06-16 08:04:40, Best in epoch 24, TOP 20: REC_V=0.15111, NDCG_V=0.09379
2026-06-16 08:04:40, Best in epoch 24, TOP 20: REC_T=0.15211, NDCG_T=0.12451
2026-06-16 08:04:40, Best in epoch 24, TOP 40: REC_V=0.20537, NDCG_V=0.10855
2026-06-16 08:04:40, Best in epoch 24, TOP 40: REC_T=0.20619, NDCG_T=0.14362
2026-06-16 08:04:40, Best in epoch 24, TOP 80: REC_V=0.26818, NDCG_V=0.12286
2026-06-16 08:04:40, Best in epoch 24, TOP 80: REC_T=0.26837, NDCG_T=0.16221
[Module1 Ablation] experiment=M1B_rand_k7 strategy=random k=7 epoch=26/30
[ub_rebuild/random] epoch=26 dataset=iFashion rebuilt_edges=377279 avg_user_edges=7.000000 user_coverage=1.000000 bundle_coverage=0.984618 density=0.0002527623
[Module1 Ablation] experiment=M1B_rand_k7 strategy=random k=7 epoch=27/30
[ub_rebuild/random] epoch=27 dataset=iFashion rebuilt_edges=377279 avg_user_edges=7.000000 user_coverage=1.000000 bundle_coverage=0.983570 density=0.0002527623
[Module1 Ablation] experiment=M1B_rand_k7 strategy=random k=7 epoch=28/30
[ub_rebuild/random] epoch=28 dataset=iFashion rebuilt_edges=377279 avg_user_edges=7.000000 user_coverage=1.000000 bundle_coverage=0.983679 density=0.0002527623
[Module1 Ablation] experiment=M1B_rand_k7 strategy=random k=7 epoch=29/30
[ub_rebuild/random] epoch=29 dataset=iFashion rebuilt_edges=377279 avg_user_edges=7.000000 user_coverage=1.000000 bundle_coverage=0.983101 density=0.0002527623
[Module1 Ablation] experiment=M1B_rand_k7 strategy=random k=7 epoch=30/30
[ub_rebuild/random] epoch=30 dataset=iFashion rebuilt_edges=377279 avg_user_edges=7.000000 user_coverage=1.000000 bundle_coverage=0.983065 density=0.0002527623
2026-06-16 08:09:30, Top_10, Val:  recall: 0.107322, ndcg: 0.079190
2026-06-16 08:09:30, Top_10, Test: recall: 0.108296, ndcg: 0.106518
--------------------
2026-06-16 08:09:30, Top_20, Val:  recall: 0.151785, ndcg: 0.093943
2026-06-16 08:09:30, Top_20, Test: recall: 0.152336, ndcg: 0.124310
--------------------
2026-06-16 08:09:30, Top_40, Val:  recall: 0.206166, ndcg: 0.108675
2026-06-16 08:09:30, Top_40, Test: recall: 0.207139, ndcg: 0.143614
--------------------
2026-06-16 08:09:30, Top_80, Val:  recall: 0.269074, ndcg: 0.123065
2026-06-16 08:09:30, Top_80, Test: recall: 0.269431, ndcg: 0.162233
--------------------
top20 as the final evaluation standard
褰撳墠缃戞牸鍙傛暟: 0.00 + 0.00
2026-06-16 08:09:31, Best in epoch 29, TOP 10: REC_V=0.10732, NDCG_V=0.07919
2026-06-16 08:09:31, Best in epoch 29, TOP 10: REC_T=0.10830, NDCG_T=0.10652
2026-06-16 08:09:31, Best in epoch 29, TOP 20: REC_V=0.15178, NDCG_V=0.09394
2026-06-16 08:09:31, Best in epoch 29, TOP 20: REC_T=0.15234, NDCG_T=0.12431
2026-06-16 08:09:31, Best in epoch 29, TOP 40: REC_V=0.20617, NDCG_V=0.10868
2026-06-16 08:09:31, Best in epoch 29, TOP 40: REC_T=0.20714, NDCG_T=0.14361
2026-06-16 08:09:31, Best in epoch 29, TOP 80: REC_V=0.26907, NDCG_V=0.12306
2026-06-16 08:09:31, Best in epoch 29, TOP 80: REC_T=0.26943, NDCG_T=0.16223
