load config file done!
Global random seed set to: 2026
>>>>>>>>>>B-I statistics>>>>>>>>>>
Average interactions 3.86061954498291
Non-zero rows 1.0
Non-zero columns 1.0
Matrix density 9.070365408454437e-05
>>>>>>>>>>U-I statistics>>>>>>>>>>
Average interactions 42.50041580200195
Non-zero rows 0.9989980889474368
Non-zero columns 0.9486643328712732
Matrix density 0.0009985296492948938
>>>>>>>>>>U-B statistics in train>>>>>>>>>>
Average interactions 22.5184326171875
Non-zero rows 1.0
Non-zero columns 1.0
Matrix density 0.0008131159568128954
>>>>>>>>>>U-B statistics in tune>>>>>>>>>>
Average interactions 2.764662265777588
Non-zero rows 1.0
Non-zero columns 0.8580558965840976
Matrix density 9.98289241748367e-05
>>>>>>>>>>U-B statistics in test>>>>>>>>>>
Average interactions 5.882052898406982
Non-zero rows 1.0
Non-zero columns 0.9736043908427818
Matrix density 0.00021239448271911793
{'data_path': './datasets', 'train_style': 'dwt', 'batch_size_train': 2048, 'batch_size_test': 2048, 'topk': [10, 20, 40, 80], 'neg_num': 1, 'seed': 2026, 'aug_type': 'Noise', 'ed_interval': 1, 'embedding_sizes': [64], 'num_layerss': [2], 'UB_ratios': [0.05], 'UI_ratios': [0.0], 'BI_ratios': [0.2], 'fusion_weights': {'modal_weight': [0.0, 0.5, 0.5], 'UB_layer': [0.5, 0.5, 0.0], 'UI_layer': [0.3, 0.4, 0.3], 'BI_layer': [0.5, 0.5, 0.0]}, 'lrs': [0.001], 'l2_regs': [1e-05], 'c_lambdas': [0.1], 'c_temps': [0.2], 'epochs': 30, 'test_interval': 5, 'dwt': {'rebuild_strategy': 'random', 'use_latent_diffusion_rebuild': True, 'rebuild_k': 5, 'latent_diffusion_user_embedding_path': './datasets/iFashion_UB_emb/iFashion_UB-user-04261842.pt', 'latent_diffusion_bundle_embedding_path': './datasets/iFashion_UB_emb/iFashion_UB-bundle-04261842.pt', 'latent_diffusion_hidden_dim': 128, 'latent_diffusion_time_dim': 16, 'latent_diffusion_denoiser_layers': 2, 'latent_diffusion_dropout': 0.1, 'latent_diffusion_num_steps': 12, 'latent_diffusion_beta_start': 0.0001, 'latent_diffusion_beta_end': 0.02, 'latent_diffusion_set_loss_weight': 0.05, 'latent_diffusion_lr': 0.001, 'latent_diffusion_weight_decay': 1e-05, 'latent_diffusion_batch_size': 1024, 'latent_diffusion_infer_batch_size': 256, 'latent_diffusion_reset_after_epoch': -1, 'latent_diffusion_reset_optimizer': False, 'gamma_1': 0.3, 'gamma_2': 0.2, 'tau': 0.08, 'lambda_1': 0.3, 'lambda_2': 1e-06}, 'anchor_cl': {'enabled': False, 'anchor_cl_lambda': 0.07, 'temp': 0.2, 'user_cl': True, 'bundle_cl': True, 'ub_ui_user_weight': 1.0, 'ub_bi_user_weight': 1.0, 'ub_ui_bundle_weight': 1.0, 'ub_bi_bundle_weight': 1.0}, 'ui_bundle_user_agg_beta': 0, 'bi_user_bundle_agg_beta': 0, 'dataset': 'iFashion', 'model': 'AnchorViewBundleNet', 'gpu': '0', 'info': 'M1B_rand_k5', 'num_users': 53897, 'num_bundles': 27694, 'num_items': 42563, 'device': device(type='cuda', index=0)}
train_style: dwt
==================== DWT Module1 experiment: dataset=iFashion strategy=random k=5 info=M1B_rand_k5 ====================
[Module1 Ablation] diffusion_rebuilder=disabled; ub_rebuild_schedule=random Top-K UB graph, rebuilt every epoch
[Module1 Ablation] experiment=M1B_rand_k5 strategy=random k=5 epoch=1/30
>>>>>>>>>>U-B statistics from random Top-K rebuild>>>>>>>>>>
Average interactions 5.0
Non-zero rows 1.0
Non-zero columns 0.9544305625767314
Matrix density 0.00018054452227919405
[ub_rebuild/random] epoch=1 dataset=iFashion rebuilt_edges=269485 avg_user_edges=5.000000 user_coverage=1.000000 bundle_coverage=0.954431 density=0.0001805445
[Module1 Ablation] experiment=M1B_rand_k5 strategy=random k=5 epoch=2/30
[ub_rebuild/random] epoch=2 dataset=iFashion rebuilt_edges=269485 avg_user_edges=5.000000 user_coverage=1.000000 bundle_coverage=0.956814 density=0.0001805445
[Module1 Ablation] experiment=M1B_rand_k5 strategy=random k=5 epoch=3/30
[ub_rebuild/random] epoch=3 dataset=iFashion rebuilt_edges=269485 avg_user_edges=5.000000 user_coverage=1.000000 bundle_coverage=0.957139 density=0.0001805445
[Module1 Ablation] experiment=M1B_rand_k5 strategy=random k=5 epoch=4/30
[ub_rebuild/random] epoch=4 dataset=iFashion rebuilt_edges=269485 avg_user_edges=5.000000 user_coverage=1.000000 bundle_coverage=0.957211 density=0.0001805445
[Module1 Ablation] experiment=M1B_rand_k5 strategy=random k=5 epoch=5/30
[ub_rebuild/random] epoch=5 dataset=iFashion rebuilt_edges=269485 avg_user_edges=5.000000 user_coverage=1.000000 bundle_coverage=0.952517 density=0.0001805445
2026-06-16 07:17:19, Top_10, Val:  recall: 0.087782, ndcg: 0.068862
2026-06-16 07:17:19, Top_10, Test: recall: 0.087949, ndcg: 0.091425
--------------------
2026-06-16 07:17:19, Top_20, Val:  recall: 0.117519, ndcg: 0.078696
2026-06-16 07:17:19, Top_20, Test: recall: 0.117798, ndcg: 0.103339
--------------------
2026-06-16 07:17:19, Top_40, Val:  recall: 0.154660, ndcg: 0.088732
2026-06-16 07:17:19, Top_40, Test: recall: 0.154528, ndcg: 0.116252
--------------------
2026-06-16 07:17:19, Top_80, Val:  recall: 0.198553, ndcg: 0.098720
2026-06-16 07:17:19, Top_80, Test: recall: 0.198725, ndcg: 0.129414
--------------------
top20 as the final evaluation standard
褰撳墠缃戞牸鍙傛暟: 0.00 + 0.00
2026-06-16 07:17:19, Best in epoch 4, TOP 10: REC_V=0.08778, NDCG_V=0.06886
2026-06-16 07:17:19, Best in epoch 4, TOP 10: REC_T=0.08795, NDCG_T=0.09142
2026-06-16 07:17:19, Best in epoch 4, TOP 20: REC_V=0.11752, NDCG_V=0.07870
2026-06-16 07:17:19, Best in epoch 4, TOP 20: REC_T=0.11780, NDCG_T=0.10334
2026-06-16 07:17:19, Best in epoch 4, TOP 40: REC_V=0.15466, NDCG_V=0.08873
2026-06-16 07:17:19, Best in epoch 4, TOP 40: REC_T=0.15453, NDCG_T=0.11625
2026-06-16 07:17:19, Best in epoch 4, TOP 80: REC_V=0.19855, NDCG_V=0.09872
2026-06-16 07:17:19, Best in epoch 4, TOP 80: REC_T=0.19872, NDCG_T=0.12941
[Module1 Ablation] experiment=M1B_rand_k5 strategy=random k=5 epoch=6/30
[ub_rebuild/random] epoch=6 dataset=iFashion rebuilt_edges=269485 avg_user_edges=5.000000 user_coverage=1.000000 bundle_coverage=0.955586 density=0.0001805445
[Module1 Ablation] experiment=M1B_rand_k5 strategy=random k=5 epoch=7/30
[ub_rebuild/random] epoch=7 dataset=iFashion rebuilt_edges=269485 avg_user_edges=5.000000 user_coverage=1.000000 bundle_coverage=0.954250 density=0.0001805445
[Module1 Ablation] experiment=M1B_rand_k5 strategy=random k=5 epoch=8/30
[ub_rebuild/random] epoch=8 dataset=iFashion rebuilt_edges=269485 avg_user_edges=5.000000 user_coverage=1.000000 bundle_coverage=0.955153 density=0.0001805445
[Module1 Ablation] experiment=M1B_rand_k5 strategy=random k=5 epoch=9/30
[ub_rebuild/random] epoch=9 dataset=iFashion rebuilt_edges=269485 avg_user_edges=5.000000 user_coverage=1.000000 bundle_coverage=0.955225 density=0.0001805445
[Module1 Ablation] experiment=M1B_rand_k5 strategy=random k=5 epoch=10/30
[ub_rebuild/random] epoch=10 dataset=iFashion rebuilt_edges=269485 avg_user_edges=5.000000 user_coverage=1.000000 bundle_coverage=0.956164 density=0.0001805445
2026-06-16 07:21:59, Top_10, Val:  recall: 0.105304, ndcg: 0.080365
2026-06-16 07:21:59, Top_10, Test: recall: 0.105897, ndcg: 0.107611
--------------------
2026-06-16 07:21:59, Top_20, Val:  recall: 0.142451, ndcg: 0.092625
2026-06-16 07:21:59, Top_20, Test: recall: 0.143735, ndcg: 0.122819
--------------------
2026-06-16 07:21:59, Top_40, Val:  recall: 0.188999, ndcg: 0.105250
2026-06-16 07:21:59, Top_40, Test: recall: 0.189033, ndcg: 0.138775
--------------------
2026-06-16 07:21:59, Top_80, Val:  recall: 0.241941, ndcg: 0.117316
2026-06-16 07:21:59, Top_80, Test: recall: 0.242861, ndcg: 0.154824
--------------------
top20 as the final evaluation standard
褰撳墠缃戞牸鍙傛暟: 0.00 + 0.00
2026-06-16 07:21:59, Best in epoch 9, TOP 10: REC_V=0.10530, NDCG_V=0.08036
2026-06-16 07:21:59, Best in epoch 9, TOP 10: REC_T=0.10590, NDCG_T=0.10761
2026-06-16 07:21:59, Best in epoch 9, TOP 20: REC_V=0.14245, NDCG_V=0.09263
2026-06-16 07:21:59, Best in epoch 9, TOP 20: REC_T=0.14374, NDCG_T=0.12282
2026-06-16 07:21:59, Best in epoch 9, TOP 40: REC_V=0.18900, NDCG_V=0.10525
2026-06-16 07:21:59, Best in epoch 9, TOP 40: REC_T=0.18903, NDCG_T=0.13878
2026-06-16 07:21:59, Best in epoch 9, TOP 80: REC_V=0.24194, NDCG_V=0.11732
2026-06-16 07:21:59, Best in epoch 9, TOP 80: REC_T=0.24286, NDCG_T=0.15482
[Module1 Ablation] experiment=M1B_rand_k5 strategy=random k=5 epoch=11/30
[ub_rebuild/random] epoch=11 dataset=iFashion rebuilt_edges=269485 avg_user_edges=5.000000 user_coverage=1.000000 bundle_coverage=0.955081 density=0.0001805445
[Module1 Ablation] experiment=M1B_rand_k5 strategy=random k=5 epoch=12/30
[ub_rebuild/random] epoch=12 dataset=iFashion rebuilt_edges=269485 avg_user_edges=5.000000 user_coverage=1.000000 bundle_coverage=0.954936 density=0.0001805445
[Module1 Ablation] experiment=M1B_rand_k5 strategy=random k=5 epoch=13/30
[ub_rebuild/random] epoch=13 dataset=iFashion rebuilt_edges=269485 avg_user_edges=5.000000 user_coverage=1.000000 bundle_coverage=0.955333 density=0.0001805445
[Module1 Ablation] experiment=M1B_rand_k5 strategy=random k=5 epoch=14/30
[ub_rebuild/random] epoch=14 dataset=iFashion rebuilt_edges=269485 avg_user_edges=5.000000 user_coverage=1.000000 bundle_coverage=0.953853 density=0.0001805445
[Module1 Ablation] experiment=M1B_rand_k5 strategy=random k=5 epoch=15/30
[ub_rebuild/random] epoch=15 dataset=iFashion rebuilt_edges=269485 avg_user_edges=5.000000 user_coverage=1.000000 bundle_coverage=0.955333 density=0.0001805445
2026-06-16 07:26:39, Top_10, Val:  recall: 0.108096, ndcg: 0.080580
2026-06-16 07:26:39, Top_10, Test: recall: 0.108936, ndcg: 0.108631
--------------------
2026-06-16 07:26:39, Top_20, Val:  recall: 0.151403, ndcg: 0.094884
2026-06-16 07:26:39, Top_20, Test: recall: 0.151203, ndcg: 0.125656
--------------------
2026-06-16 07:26:39, Top_40, Val:  recall: 0.201938, ndcg: 0.108624
2026-06-16 07:26:39, Top_40, Test: recall: 0.202235, ndcg: 0.143620
--------------------
2026-06-16 07:26:39, Top_80, Val:  recall: 0.259722, ndcg: 0.121814
2026-06-16 07:26:39, Top_80, Test: recall: 0.260580, ndcg: 0.161053
--------------------
top20 as the final evaluation standard
褰撳墠缃戞牸鍙傛暟: 0.00 + 0.00
2026-06-16 07:26:40, Best in epoch 14, TOP 10: REC_V=0.10810, NDCG_V=0.08058
2026-06-16 07:26:40, Best in epoch 14, TOP 10: REC_T=0.10894, NDCG_T=0.10863
2026-06-16 07:26:40, Best in epoch 14, TOP 20: REC_V=0.15140, NDCG_V=0.09488
2026-06-16 07:26:40, Best in epoch 14, TOP 20: REC_T=0.15120, NDCG_T=0.12566
2026-06-16 07:26:40, Best in epoch 14, TOP 40: REC_V=0.20194, NDCG_V=0.10862
2026-06-16 07:26:40, Best in epoch 14, TOP 40: REC_T=0.20223, NDCG_T=0.14362
2026-06-16 07:26:40, Best in epoch 14, TOP 80: REC_V=0.25972, NDCG_V=0.12181
2026-06-16 07:26:40, Best in epoch 14, TOP 80: REC_T=0.26058, NDCG_T=0.16105
[Module1 Ablation] experiment=M1B_rand_k5 strategy=random k=5 epoch=16/30
[ub_rebuild/random] epoch=16 dataset=iFashion rebuilt_edges=269485 avg_user_edges=5.000000 user_coverage=1.000000 bundle_coverage=0.957139 density=0.0001805445
[Module1 Ablation] experiment=M1B_rand_k5 strategy=random k=5 epoch=17/30
[ub_rebuild/random] epoch=17 dataset=iFashion rebuilt_edges=269485 avg_user_edges=5.000000 user_coverage=1.000000 bundle_coverage=0.955081 density=0.0001805445
[Module1 Ablation] experiment=M1B_rand_k5 strategy=random k=5 epoch=18/30
[ub_rebuild/random] epoch=18 dataset=iFashion rebuilt_edges=269485 avg_user_edges=5.000000 user_coverage=1.000000 bundle_coverage=0.958222 density=0.0001805445
[Module1 Ablation] experiment=M1B_rand_k5 strategy=random k=5 epoch=19/30
[ub_rebuild/random] epoch=19 dataset=iFashion rebuilt_edges=269485 avg_user_edges=5.000000 user_coverage=1.000000 bundle_coverage=0.955514 density=0.0001805445
[Module1 Ablation] experiment=M1B_rand_k5 strategy=random k=5 epoch=20/30
[ub_rebuild/random] epoch=20 dataset=iFashion rebuilt_edges=269485 avg_user_edges=5.000000 user_coverage=1.000000 bundle_coverage=0.955586 density=0.0001805445
2026-06-16 07:31:20, Top_10, Val:  recall: 0.107777, ndcg: 0.079758
2026-06-16 07:31:20, Top_10, Test: recall: 0.108560, ndcg: 0.107643
--------------------
2026-06-16 07:31:20, Top_20, Val:  recall: 0.151739, ndcg: 0.094296
2026-06-16 07:31:20, Top_20, Test: recall: 0.152109, ndcg: 0.125284
--------------------
2026-06-16 07:31:20, Top_40, Val:  recall: 0.203347, ndcg: 0.108333
2026-06-16 07:31:20, Top_40, Test: recall: 0.205302, ndcg: 0.143990
--------------------
2026-06-16 07:31:20, Top_80, Val:  recall: 0.263592, ndcg: 0.122072
2026-06-16 07:31:20, Top_80, Test: recall: 0.265929, ndcg: 0.162114
--------------------
top20 as the final evaluation standard
褰撳墠缃戞牸鍙傛暟: 0.00 + 0.00
2026-06-16 07:31:20, Best in epoch 19, TOP 10: REC_V=0.10778, NDCG_V=0.07976
2026-06-16 07:31:20, Best in epoch 19, TOP 10: REC_T=0.10856, NDCG_T=0.10764
2026-06-16 07:31:20, Best in epoch 19, TOP 20: REC_V=0.15174, NDCG_V=0.09430
2026-06-16 07:31:20, Best in epoch 19, TOP 20: REC_T=0.15211, NDCG_T=0.12528
2026-06-16 07:31:20, Best in epoch 19, TOP 40: REC_V=0.20335, NDCG_V=0.10833
2026-06-16 07:31:20, Best in epoch 19, TOP 40: REC_T=0.20530, NDCG_T=0.14399
2026-06-16 07:31:20, Best in epoch 19, TOP 80: REC_V=0.26359, NDCG_V=0.12207
2026-06-16 07:31:20, Best in epoch 19, TOP 80: REC_T=0.26593, NDCG_T=0.16211
[Module1 Ablation] experiment=M1B_rand_k5 strategy=random k=5 epoch=21/30
[ub_rebuild/random] epoch=21 dataset=iFashion rebuilt_edges=269485 avg_user_edges=5.000000 user_coverage=1.000000 bundle_coverage=0.955333 density=0.0001805445
[Module1 Ablation] experiment=M1B_rand_k5 strategy=random k=5 epoch=22/30
[ub_rebuild/random] epoch=22 dataset=iFashion rebuilt_edges=269485 avg_user_edges=5.000000 user_coverage=1.000000 bundle_coverage=0.957644 density=0.0001805445
[Module1 Ablation] experiment=M1B_rand_k5 strategy=random k=5 epoch=23/30
[ub_rebuild/random] epoch=23 dataset=iFashion rebuilt_edges=269485 avg_user_edges=5.000000 user_coverage=1.000000 bundle_coverage=0.954394 density=0.0001805445
[Module1 Ablation] experiment=M1B_rand_k5 strategy=random k=5 epoch=24/30
[ub_rebuild/random] epoch=24 dataset=iFashion rebuilt_edges=269485 avg_user_edges=5.000000 user_coverage=1.000000 bundle_coverage=0.954142 density=0.0001805445
[Module1 Ablation] experiment=M1B_rand_k5 strategy=random k=5 epoch=25/30
[ub_rebuild/random] epoch=25 dataset=iFashion rebuilt_edges=269485 avg_user_edges=5.000000 user_coverage=1.000000 bundle_coverage=0.954792 density=0.0001805445
2026-06-16 07:36:00, Top_10, Val:  recall: 0.107900, ndcg: 0.079791
2026-06-16 07:36:00, Top_10, Test: recall: 0.108889, ndcg: 0.107335
--------------------
2026-06-16 07:36:00, Top_20, Val:  recall: 0.152577, ndcg: 0.094564
2026-06-16 07:36:00, Top_20, Test: recall: 0.152768, ndcg: 0.125072
--------------------
2026-06-16 07:36:00, Top_40, Val:  recall: 0.205808, ndcg: 0.109013
2026-06-16 07:36:00, Top_40, Test: recall: 0.206788, ndcg: 0.144097
--------------------
2026-06-16 07:36:00, Top_80, Val:  recall: 0.266516, ndcg: 0.122894
2026-06-16 07:36:00, Top_80, Test: recall: 0.267768, ndcg: 0.162305
--------------------
top20 as the final evaluation standard
褰撳墠缃戞牸鍙傛暟: 0.00 + 0.00
2026-06-16 07:36:00, Best in epoch 24, TOP 10: REC_V=0.10790, NDCG_V=0.07979
2026-06-16 07:36:00, Best in epoch 24, TOP 10: REC_T=0.10889, NDCG_T=0.10734
2026-06-16 07:36:00, Best in epoch 24, TOP 20: REC_V=0.15258, NDCG_V=0.09456
2026-06-16 07:36:00, Best in epoch 24, TOP 20: REC_T=0.15277, NDCG_T=0.12507
2026-06-16 07:36:00, Best in epoch 24, TOP 40: REC_V=0.20581, NDCG_V=0.10901
2026-06-16 07:36:00, Best in epoch 24, TOP 40: REC_T=0.20679, NDCG_T=0.14410
2026-06-16 07:36:00, Best in epoch 24, TOP 80: REC_V=0.26652, NDCG_V=0.12289
2026-06-16 07:36:00, Best in epoch 24, TOP 80: REC_T=0.26777, NDCG_T=0.16230
[Module1 Ablation] experiment=M1B_rand_k5 strategy=random k=5 epoch=26/30
[ub_rebuild/random] epoch=26 dataset=iFashion rebuilt_edges=269485 avg_user_edges=5.000000 user_coverage=1.000000 bundle_coverage=0.955261 density=0.0001805445
[Module1 Ablation] experiment=M1B_rand_k5 strategy=random k=5 epoch=27/30
[ub_rebuild/random] epoch=27 dataset=iFashion rebuilt_edges=269485 avg_user_edges=5.000000 user_coverage=1.000000 bundle_coverage=0.955514 density=0.0001805445
[Module1 Ablation] experiment=M1B_rand_k5 strategy=random k=5 epoch=28/30
[ub_rebuild/random] epoch=28 dataset=iFashion rebuilt_edges=269485 avg_user_edges=5.000000 user_coverage=1.000000 bundle_coverage=0.955514 density=0.0001805445
[Module1 Ablation] experiment=M1B_rand_k5 strategy=random k=5 epoch=29/30
[ub_rebuild/random] epoch=29 dataset=iFashion rebuilt_edges=269485 avg_user_edges=5.000000 user_coverage=1.000000 bundle_coverage=0.955730 density=0.0001805445
[Module1 Ablation] experiment=M1B_rand_k5 strategy=random k=5 epoch=30/30
[ub_rebuild/random] epoch=30 dataset=iFashion rebuilt_edges=269485 avg_user_edges=5.000000 user_coverage=1.000000 bundle_coverage=0.955008 density=0.0001805445
2026-06-16 07:40:41, Top_10, Val:  recall: 0.107550, ndcg: 0.079457
2026-06-16 07:40:41, Top_10, Test: recall: 0.109010, ndcg: 0.107353
--------------------
2026-06-16 07:40:41, Top_20, Val:  recall: 0.152402, ndcg: 0.094299
2026-06-16 07:40:41, Top_20, Test: recall: 0.153057, ndcg: 0.125120
--------------------
2026-06-16 07:40:41, Top_40, Val:  recall: 0.206364, ndcg: 0.108964
2026-06-16 07:40:41, Top_40, Test: recall: 0.206840, ndcg: 0.144086
--------------------
2026-06-16 07:40:41, Top_80, Val:  recall: 0.266961, ndcg: 0.122817
2026-06-16 07:40:41, Top_80, Test: recall: 0.268610, ndcg: 0.162540
--------------------
top20 as the final evaluation standard
褰撳墠缃戞牸鍙傛暟: 0.00 + 0.00
2026-06-16 07:40:41, Best in epoch 29, TOP 10: REC_V=0.10755, NDCG_V=0.07946
2026-06-16 07:40:41, Best in epoch 29, TOP 10: REC_T=0.10901, NDCG_T=0.10735
2026-06-16 07:40:41, Best in epoch 29, TOP 20: REC_V=0.15240, NDCG_V=0.09430
2026-06-16 07:40:41, Best in epoch 29, TOP 20: REC_T=0.15306, NDCG_T=0.12512
2026-06-16 07:40:41, Best in epoch 29, TOP 40: REC_V=0.20636, NDCG_V=0.10896
2026-06-16 07:40:41, Best in epoch 29, TOP 40: REC_T=0.20684, NDCG_T=0.14409
2026-06-16 07:40:41, Best in epoch 29, TOP 80: REC_V=0.26696, NDCG_V=0.12282
2026-06-16 07:40:41, Best in epoch 29, TOP 80: REC_T=0.26861, NDCG_T=0.16254
