load config file done!
Global random seed set to: 2026
>>>>>>>>>>B-I statistics>>>>>>>>>>
Average interactions 3.86061954498291
Non-zero rows 1.0
Non-zero columns 1.0
Matrix density 9.070365408454437e-05
>>>>>>>>>>U-I statistics>>>>>>>>>>
Average interactions 42.50041580200195
Non-zero rows 0.9989980889474368
Non-zero columns 0.9486643328712732
Matrix density 0.0009985296492948938
>>>>>>>>>>U-B statistics in train>>>>>>>>>>
Average interactions 22.5184326171875
Non-zero rows 1.0
Non-zero columns 1.0
Matrix density 0.0008131159568128954
>>>>>>>>>>U-B statistics in tune>>>>>>>>>>
Average interactions 2.764662265777588
Non-zero rows 1.0
Non-zero columns 0.8580558965840976
Matrix density 9.98289241748367e-05
>>>>>>>>>>U-B statistics in test>>>>>>>>>>
Average interactions 5.882052898406982
Non-zero rows 1.0
Non-zero columns 0.9736043908427818
Matrix density 0.00021239448271911793
{'data_path': './datasets', 'train_style': 'dwt', 'batch_size_train': 2048, 'batch_size_test': 2048, 'topk': [10, 20, 40, 80], 'neg_num': 1, 'seed': 2026, 'aug_type': 'Noise', 'ed_interval': 1, 'embedding_sizes': [64], 'num_layerss': [2], 'UB_ratios': [0.05], 'UI_ratios': [0.0], 'BI_ratios': [0.2], 'fusion_weights': {'modal_weight': [0.0, 0.5, 0.5], 'UB_layer': [0.5, 0.5, 0.0], 'UI_layer': [0.3, 0.4, 0.3], 'BI_layer': [0.5, 0.5, 0.0]}, 'lrs': [0.001], 'l2_regs': [1e-05], 'c_lambdas': [0.1], 'c_temps': [0.2], 'epochs': 30, 'test_interval': 5, 'dwt': {'rebuild_strategy': 'random', 'use_latent_diffusion_rebuild': True, 'rebuild_k': 9, 'latent_diffusion_user_embedding_path': './datasets/iFashion_UB_emb/iFashion_UB-user-04261842.pt', 'latent_diffusion_bundle_embedding_path': './datasets/iFashion_UB_emb/iFashion_UB-bundle-04261842.pt', 'latent_diffusion_hidden_dim': 128, 'latent_diffusion_time_dim': 16, 'latent_diffusion_denoiser_layers': 2, 'latent_diffusion_dropout': 0.1, 'latent_diffusion_num_steps': 12, 'latent_diffusion_beta_start': 0.0001, 'latent_diffusion_beta_end': 0.02, 'latent_diffusion_set_loss_weight': 0.05, 'latent_diffusion_lr': 0.001, 'latent_diffusion_weight_decay': 1e-05, 'latent_diffusion_batch_size': 1024, 'latent_diffusion_infer_batch_size': 256, 'latent_diffusion_reset_after_epoch': -1, 'latent_diffusion_reset_optimizer': False, 'gamma_1': 0.3, 'gamma_2': 0.2, 'tau': 0.08, 'lambda_1': 0.3, 'lambda_2': 1e-06}, 'anchor_cl': {'enabled': False, 'anchor_cl_lambda': 0.07, 'temp': 0.2, 'user_cl': True, 'bundle_cl': True, 'ub_ui_user_weight': 1.0, 'ub_bi_user_weight': 1.0, 'ub_ui_bundle_weight': 1.0, 'ub_bi_bundle_weight': 1.0}, 'ui_bundle_user_agg_beta': 0, 'bi_user_bundle_agg_beta': 0, 'dataset': 'iFashion', 'model': 'AnchorViewBundleNet', 'gpu': '0', 'info': 'M1B_rand_k9', 'num_users': 53897, 'num_bundles': 27694, 'num_items': 42563, 'device': device(type='cuda', index=0)}
train_style: dwt
==================== DWT Module1 experiment: dataset=iFashion strategy=random k=9 info=M1B_rand_k9 ====================
[Module1 Ablation] diffusion_rebuilder=disabled; ub_rebuild_schedule=random Top-K UB graph, rebuilt every epoch
[Module1 Ablation] experiment=M1B_rand_k9 strategy=random k=9 epoch=1/30
>>>>>>>>>>U-B statistics from random Top-K rebuild>>>>>>>>>>
Average interactions 9.0
Non-zero rows 1.0
Non-zero columns 0.993500397197949
Matrix density 0.0003249801401025493
[ub_rebuild/random] epoch=1 dataset=iFashion rebuilt_edges=485073 avg_user_edges=9.000000 user_coverage=1.000000 bundle_coverage=0.993500 density=0.0003249801
[Module1 Ablation] experiment=M1B_rand_k9 strategy=random k=9 epoch=2/30
[ub_rebuild/random] epoch=2 dataset=iFashion rebuilt_edges=485073 avg_user_edges=9.000000 user_coverage=1.000000 bundle_coverage=0.994475 density=0.0003249801
[Module1 Ablation] experiment=M1B_rand_k9 strategy=random k=9 epoch=3/30
[ub_rebuild/random] epoch=3 dataset=iFashion rebuilt_edges=485073 avg_user_edges=9.000000 user_coverage=1.000000 bundle_coverage=0.995089 density=0.0003249801
[Module1 Ablation] experiment=M1B_rand_k9 strategy=random k=9 epoch=4/30
[ub_rebuild/random] epoch=4 dataset=iFashion rebuilt_edges=485073 avg_user_edges=9.000000 user_coverage=1.000000 bundle_coverage=0.993789 density=0.0003249801
[Module1 Ablation] experiment=M1B_rand_k9 strategy=random k=9 epoch=5/30
[ub_rebuild/random] epoch=5 dataset=iFashion rebuilt_edges=485073 avg_user_edges=9.000000 user_coverage=1.000000 bundle_coverage=0.993753 density=0.0003249801
2026-06-16 08:14:35, Top_10, Val:  recall: 0.094656, ndcg: 0.073529
2026-06-16 08:14:35, Top_10, Test: recall: 0.095731, ndcg: 0.099207
--------------------
2026-06-16 08:14:35, Top_20, Val:  recall: 0.128113, ndcg: 0.084581
2026-06-16 08:14:35, Top_20, Test: recall: 0.128746, ndcg: 0.112396
--------------------
2026-06-16 08:14:35, Top_40, Val:  recall: 0.168777, ndcg: 0.095603
2026-06-16 08:14:35, Top_40, Test: recall: 0.169146, ndcg: 0.126571
--------------------
2026-06-16 08:14:35, Top_80, Val:  recall: 0.215702, ndcg: 0.106305
2026-06-16 08:14:35, Top_80, Test: recall: 0.216555, ndcg: 0.140709
--------------------
top20 as the final evaluation standard
褰撳墠缃戞牸鍙傛暟: 0.00 + 0.00
2026-06-16 08:14:36, Best in epoch 4, TOP 10: REC_V=0.09466, NDCG_V=0.07353
2026-06-16 08:14:36, Best in epoch 4, TOP 10: REC_T=0.09573, NDCG_T=0.09921
2026-06-16 08:14:36, Best in epoch 4, TOP 20: REC_V=0.12811, NDCG_V=0.08458
2026-06-16 08:14:36, Best in epoch 4, TOP 20: REC_T=0.12875, NDCG_T=0.11240
2026-06-16 08:14:36, Best in epoch 4, TOP 40: REC_V=0.16878, NDCG_V=0.09560
2026-06-16 08:14:36, Best in epoch 4, TOP 40: REC_T=0.16915, NDCG_T=0.12657
2026-06-16 08:14:36, Best in epoch 4, TOP 80: REC_V=0.21570, NDCG_V=0.10631
2026-06-16 08:14:36, Best in epoch 4, TOP 80: REC_T=0.21656, NDCG_T=0.14071
[Module1 Ablation] experiment=M1B_rand_k9 strategy=random k=9 epoch=6/30
[ub_rebuild/random] epoch=6 dataset=iFashion rebuilt_edges=485073 avg_user_edges=9.000000 user_coverage=1.000000 bundle_coverage=0.994150 density=0.0003249801
[Module1 Ablation] experiment=M1B_rand_k9 strategy=random k=9 epoch=7/30
[ub_rebuild/random] epoch=7 dataset=iFashion rebuilt_edges=485073 avg_user_edges=9.000000 user_coverage=1.000000 bundle_coverage=0.994186 density=0.0003249801
[Module1 Ablation] experiment=M1B_rand_k9 strategy=random k=9 epoch=8/30
[ub_rebuild/random] epoch=8 dataset=iFashion rebuilt_edges=485073 avg_user_edges=9.000000 user_coverage=1.000000 bundle_coverage=0.993970 density=0.0003249801
[Module1 Ablation] experiment=M1B_rand_k9 strategy=random k=9 epoch=9/30
[ub_rebuild/random] epoch=9 dataset=iFashion rebuilt_edges=485073 avg_user_edges=9.000000 user_coverage=1.000000 bundle_coverage=0.994909 density=0.0003249801
[Module1 Ablation] experiment=M1B_rand_k9 strategy=random k=9 epoch=10/30
[ub_rebuild/random] epoch=10 dataset=iFashion rebuilt_edges=485073 avg_user_edges=9.000000 user_coverage=1.000000 bundle_coverage=0.993825 density=0.0003249801
2026-06-16 08:19:25, Top_10, Val:  recall: 0.106960, ndcg: 0.080527
2026-06-16 08:19:25, Top_10, Test: recall: 0.107825, ndcg: 0.108479
--------------------
2026-06-16 08:19:25, Top_20, Val:  recall: 0.147377, ndcg: 0.093919
2026-06-16 08:19:25, Top_20, Test: recall: 0.147872, ndcg: 0.124561
--------------------
2026-06-16 08:19:25, Top_40, Val:  recall: 0.195847, ndcg: 0.107090
2026-06-16 08:19:25, Top_40, Test: recall: 0.197242, ndcg: 0.141945
--------------------
2026-06-16 08:19:25, Top_80, Val:  recall: 0.251993, ndcg: 0.119912
2026-06-16 08:19:25, Top_80, Test: recall: 0.252732, ndcg: 0.158538
--------------------
top20 as the final evaluation standard
褰撳墠缃戞牸鍙傛暟: 0.00 + 0.00
2026-06-16 08:19:25, Best in epoch 9, TOP 10: REC_V=0.10696, NDCG_V=0.08053
2026-06-16 08:19:25, Best in epoch 9, TOP 10: REC_T=0.10782, NDCG_T=0.10848
2026-06-16 08:19:25, Best in epoch 9, TOP 20: REC_V=0.14738, NDCG_V=0.09392
2026-06-16 08:19:25, Best in epoch 9, TOP 20: REC_T=0.14787, NDCG_T=0.12456
2026-06-16 08:19:25, Best in epoch 9, TOP 40: REC_V=0.19585, NDCG_V=0.10709
2026-06-16 08:19:25, Best in epoch 9, TOP 40: REC_T=0.19724, NDCG_T=0.14194
2026-06-16 08:19:25, Best in epoch 9, TOP 80: REC_V=0.25199, NDCG_V=0.11991
2026-06-16 08:19:25, Best in epoch 9, TOP 80: REC_T=0.25273, NDCG_T=0.15854
[Module1 Ablation] experiment=M1B_rand_k9 strategy=random k=9 epoch=11/30
[ub_rebuild/random] epoch=11 dataset=iFashion rebuilt_edges=485073 avg_user_edges=9.000000 user_coverage=1.000000 bundle_coverage=0.993717 density=0.0003249801
[Module1 Ablation] experiment=M1B_rand_k9 strategy=random k=9 epoch=12/30
[ub_rebuild/random] epoch=12 dataset=iFashion rebuilt_edges=485073 avg_user_edges=9.000000 user_coverage=1.000000 bundle_coverage=0.993861 density=0.0003249801
[Module1 Ablation] experiment=M1B_rand_k9 strategy=random k=9 epoch=13/30
[ub_rebuild/random] epoch=13 dataset=iFashion rebuilt_edges=485073 avg_user_edges=9.000000 user_coverage=1.000000 bundle_coverage=0.993500 density=0.0003249801
[Module1 Ablation] experiment=M1B_rand_k9 strategy=random k=9 epoch=14/30
[ub_rebuild/random] epoch=14 dataset=iFashion rebuilt_edges=485073 avg_user_edges=9.000000 user_coverage=1.000000 bundle_coverage=0.993392 density=0.0003249801
[Module1 Ablation] experiment=M1B_rand_k9 strategy=random k=9 epoch=15/30
[ub_rebuild/random] epoch=15 dataset=iFashion rebuilt_edges=485073 avg_user_edges=9.000000 user_coverage=1.000000 bundle_coverage=0.994584 density=0.0003249801
2026-06-16 08:24:16, Top_10, Val:  recall: 0.106647, ndcg: 0.079197
2026-06-16 08:24:16, Top_10, Test: recall: 0.107937, ndcg: 0.107105
--------------------
2026-06-16 08:24:16, Top_20, Val:  recall: 0.150348, ndcg: 0.093650
2026-06-16 08:24:16, Top_20, Test: recall: 0.151513, ndcg: 0.124705
--------------------
2026-06-16 08:24:16, Top_40, Val:  recall: 0.204221, ndcg: 0.108289
2026-06-16 08:24:16, Top_40, Test: recall: 0.204436, ndcg: 0.143343
--------------------
2026-06-16 08:24:16, Top_80, Val:  recall: 0.265793, ndcg: 0.122340
2026-06-16 08:24:16, Top_80, Test: recall: 0.265492, ndcg: 0.161559
--------------------
top20 as the final evaluation standard
褰撳墠缃戞牸鍙傛暟: 0.00 + 0.00
2026-06-16 08:24:16, Best in epoch 14, TOP 10: REC_V=0.10665, NDCG_V=0.07920
2026-06-16 08:24:16, Best in epoch 14, TOP 10: REC_T=0.10794, NDCG_T=0.10711
2026-06-16 08:24:16, Best in epoch 14, TOP 20: REC_V=0.15035, NDCG_V=0.09365
2026-06-16 08:24:16, Best in epoch 14, TOP 20: REC_T=0.15151, NDCG_T=0.12471
2026-06-16 08:24:16, Best in epoch 14, TOP 40: REC_V=0.20422, NDCG_V=0.10829
2026-06-16 08:24:16, Best in epoch 14, TOP 40: REC_T=0.20444, NDCG_T=0.14334
2026-06-16 08:24:16, Best in epoch 14, TOP 80: REC_V=0.26579, NDCG_V=0.12234
2026-06-16 08:24:16, Best in epoch 14, TOP 80: REC_T=0.26549, NDCG_T=0.16156
[Module1 Ablation] experiment=M1B_rand_k9 strategy=random k=9 epoch=16/30
[ub_rebuild/random] epoch=16 dataset=iFashion rebuilt_edges=485073 avg_user_edges=9.000000 user_coverage=1.000000 bundle_coverage=0.994656 density=0.0003249801
[Module1 Ablation] experiment=M1B_rand_k9 strategy=random k=9 epoch=17/30
[ub_rebuild/random] epoch=17 dataset=iFashion rebuilt_edges=485073 avg_user_edges=9.000000 user_coverage=1.000000 bundle_coverage=0.994223 density=0.0003249801
[Module1 Ablation] experiment=M1B_rand_k9 strategy=random k=9 epoch=18/30
[ub_rebuild/random] epoch=18 dataset=iFashion rebuilt_edges=485073 avg_user_edges=9.000000 user_coverage=1.000000 bundle_coverage=0.994836 density=0.0003249801
[Module1 Ablation] experiment=M1B_rand_k9 strategy=random k=9 epoch=19/30
[ub_rebuild/random] epoch=19 dataset=iFashion rebuilt_edges=485073 avg_user_edges=9.000000 user_coverage=1.000000 bundle_coverage=0.994764 density=0.0003249801
[Module1 Ablation] experiment=M1B_rand_k9 strategy=random k=9 epoch=20/30
[ub_rebuild/random] epoch=20 dataset=iFashion rebuilt_edges=485073 avg_user_edges=9.000000 user_coverage=1.000000 bundle_coverage=0.994692 density=0.0003249801
2026-06-16 08:29:03, Top_10, Val:  recall: 0.106481, ndcg: 0.078495
2026-06-16 08:29:03, Top_10, Test: recall: 0.107440, ndcg: 0.106115
--------------------
2026-06-16 08:29:03, Top_20, Val:  recall: 0.151034, ndcg: 0.093252
2026-06-16 08:29:03, Top_20, Test: recall: 0.151831, ndcg: 0.124073
--------------------
2026-06-16 08:29:03, Top_40, Val:  recall: 0.205672, ndcg: 0.108059
2026-06-16 08:29:03, Top_40, Test: recall: 0.205982, ndcg: 0.143172
--------------------
2026-06-16 08:29:03, Top_80, Val:  recall: 0.267975, ndcg: 0.122278
2026-06-16 08:29:03, Top_80, Test: recall: 0.268550, ndcg: 0.161868
--------------------
top20 as the final evaluation standard
褰撳墠缃戞牸鍙傛暟: 0.00 + 0.00
2026-06-16 08:29:03, Best in epoch 19, TOP 10: REC_V=0.10648, NDCG_V=0.07850
2026-06-16 08:29:03, Best in epoch 19, TOP 10: REC_T=0.10744, NDCG_T=0.10611
2026-06-16 08:29:03, Best in epoch 19, TOP 20: REC_V=0.15103, NDCG_V=0.09325
2026-06-16 08:29:03, Best in epoch 19, TOP 20: REC_T=0.15183, NDCG_T=0.12407
2026-06-16 08:29:03, Best in epoch 19, TOP 40: REC_V=0.20567, NDCG_V=0.10806
2026-06-16 08:29:03, Best in epoch 19, TOP 40: REC_T=0.20598, NDCG_T=0.14317
2026-06-16 08:29:03, Best in epoch 19, TOP 80: REC_V=0.26798, NDCG_V=0.12228
2026-06-16 08:29:03, Best in epoch 19, TOP 80: REC_T=0.26855, NDCG_T=0.16187
[Module1 Ablation] experiment=M1B_rand_k9 strategy=random k=9 epoch=21/30
[ub_rebuild/random] epoch=21 dataset=iFashion rebuilt_edges=485073 avg_user_edges=9.000000 user_coverage=1.000000 bundle_coverage=0.993898 density=0.0003249801
[Module1 Ablation] experiment=M1B_rand_k9 strategy=random k=9 epoch=22/30
[ub_rebuild/random] epoch=22 dataset=iFashion rebuilt_edges=485073 avg_user_edges=9.000000 user_coverage=1.000000 bundle_coverage=0.993934 density=0.0003249801
[Module1 Ablation] experiment=M1B_rand_k9 strategy=random k=9 epoch=23/30
[ub_rebuild/random] epoch=23 dataset=iFashion rebuilt_edges=485073 avg_user_edges=9.000000 user_coverage=1.000000 bundle_coverage=0.994114 density=0.0003249801
[Module1 Ablation] experiment=M1B_rand_k9 strategy=random k=9 epoch=24/30
[ub_rebuild/random] epoch=24 dataset=iFashion rebuilt_edges=485073 avg_user_edges=9.000000 user_coverage=1.000000 bundle_coverage=0.994150 density=0.0003249801
[Module1 Ablation] experiment=M1B_rand_k9 strategy=random k=9 epoch=25/30
[ub_rebuild/random] epoch=25 dataset=iFashion rebuilt_edges=485073 avg_user_edges=9.000000 user_coverage=1.000000 bundle_coverage=0.994475 density=0.0003249801
2026-06-16 08:33:51, Top_10, Val:  recall: 0.106578, ndcg: 0.078760
2026-06-16 08:33:51, Top_10, Test: recall: 0.107736, ndcg: 0.106006
--------------------
2026-06-16 08:33:51, Top_20, Val:  recall: 0.151125, ndcg: 0.093521
2026-06-16 08:33:51, Top_20, Test: recall: 0.152147, ndcg: 0.123999
--------------------
2026-06-16 08:33:51, Top_40, Val:  recall: 0.206296, ndcg: 0.108495
2026-06-16 08:33:51, Top_40, Test: recall: 0.206809, ndcg: 0.143215
--------------------
2026-06-16 08:33:51, Top_80, Val:  recall: 0.269277, ndcg: 0.122849
2026-06-16 08:33:51, Top_80, Test: recall: 0.269351, ndcg: 0.161911
--------------------
top20 as the final evaluation standard
褰撳墠缃戞牸鍙傛暟: 0.00 + 0.00
2026-06-16 08:33:51, Best in epoch 24, TOP 10: REC_V=0.10658, NDCG_V=0.07876
2026-06-16 08:33:51, Best in epoch 24, TOP 10: REC_T=0.10774, NDCG_T=0.10601
2026-06-16 08:33:51, Best in epoch 24, TOP 20: REC_V=0.15113, NDCG_V=0.09352
2026-06-16 08:33:51, Best in epoch 24, TOP 20: REC_T=0.15215, NDCG_T=0.12400
2026-06-16 08:33:51, Best in epoch 24, TOP 40: REC_V=0.20630, NDCG_V=0.10849
2026-06-16 08:33:51, Best in epoch 24, TOP 40: REC_T=0.20681, NDCG_T=0.14321
2026-06-16 08:33:51, Best in epoch 24, TOP 80: REC_V=0.26928, NDCG_V=0.12285
2026-06-16 08:33:51, Best in epoch 24, TOP 80: REC_T=0.26935, NDCG_T=0.16191
[Module1 Ablation] experiment=M1B_rand_k9 strategy=random k=9 epoch=26/30
[ub_rebuild/random] epoch=26 dataset=iFashion rebuilt_edges=485073 avg_user_edges=9.000000 user_coverage=1.000000 bundle_coverage=0.994403 density=0.0003249801
[Module1 Ablation] experiment=M1B_rand_k9 strategy=random k=9 epoch=27/30
[ub_rebuild/random] epoch=27 dataset=iFashion rebuilt_edges=485073 avg_user_edges=9.000000 user_coverage=1.000000 bundle_coverage=0.993970 density=0.0003249801
[Module1 Ablation] experiment=M1B_rand_k9 strategy=random k=9 epoch=28/30
[ub_rebuild/random] epoch=28 dataset=iFashion rebuilt_edges=485073 avg_user_edges=9.000000 user_coverage=1.000000 bundle_coverage=0.994042 density=0.0003249801
[Module1 Ablation] experiment=M1B_rand_k9 strategy=random k=9 epoch=29/30
[ub_rebuild/random] epoch=29 dataset=iFashion rebuilt_edges=485073 avg_user_edges=9.000000 user_coverage=1.000000 bundle_coverage=0.994150 density=0.0003249801
[Module1 Ablation] experiment=M1B_rand_k9 strategy=random k=9 epoch=30/30
[ub_rebuild/random] epoch=30 dataset=iFashion rebuilt_edges=485073 avg_user_edges=9.000000 user_coverage=1.000000 bundle_coverage=0.994692 density=0.0003249801
2026-06-16 08:38:38, Top_10, Val:  recall: 0.107216, ndcg: 0.078744
2026-06-16 08:38:38, Top_10, Test: recall: 0.107866, ndcg: 0.106131
--------------------
2026-06-16 08:38:38, Top_20, Val:  recall: 0.151920, ndcg: 0.093599
2026-06-16 08:38:38, Top_20, Test: recall: 0.153051, ndcg: 0.124410
--------------------
2026-06-16 08:38:38, Top_40, Val:  recall: 0.207132, ndcg: 0.108571
2026-06-16 08:38:38, Top_40, Test: recall: 0.207150, ndcg: 0.143445
--------------------
2026-06-16 08:38:38, Top_80, Val:  recall: 0.269817, ndcg: 0.122884
2026-06-16 08:38:38, Top_80, Test: recall: 0.269731, ndcg: 0.162184
--------------------
top20 as the final evaluation standard
褰撳墠缃戞牸鍙傛暟: 0.00 + 0.00
2026-06-16 08:38:39, Best in epoch 29, TOP 10: REC_V=0.10722, NDCG_V=0.07874
2026-06-16 08:38:39, Best in epoch 29, TOP 10: REC_T=0.10787, NDCG_T=0.10613
2026-06-16 08:38:39, Best in epoch 29, TOP 20: REC_V=0.15192, NDCG_V=0.09360
2026-06-16 08:38:39, Best in epoch 29, TOP 20: REC_T=0.15305, NDCG_T=0.12441
2026-06-16 08:38:39, Best in epoch 29, TOP 40: REC_V=0.20713, NDCG_V=0.10857
2026-06-16 08:38:39, Best in epoch 29, TOP 40: REC_T=0.20715, NDCG_T=0.14345
2026-06-16 08:38:39, Best in epoch 29, TOP 80: REC_V=0.26982, NDCG_V=0.12288
2026-06-16 08:38:39, Best in epoch 29, TOP 80: REC_T=0.26973, NDCG_T=0.16218
