load config file done!
Global random seed set to: 2026
>>>>>>>>>>B-I statistics>>>>>>>>>>
Average interactions 3.86061954498291
Non-zero rows 1.0
Non-zero columns 1.0
Matrix density 9.070365408454437e-05
>>>>>>>>>>U-I statistics>>>>>>>>>>
Average interactions 42.50041580200195
Non-zero rows 0.9989980889474368
Non-zero columns 0.9486643328712732
Matrix density 0.0009985296492948938
>>>>>>>>>>U-B statistics in train>>>>>>>>>>
Average interactions 22.5184326171875
Non-zero rows 1.0
Non-zero columns 1.0
Matrix density 0.0008131159568128954
>>>>>>>>>>U-B statistics in tune>>>>>>>>>>
Average interactions 2.764662265777588
Non-zero rows 1.0
Non-zero columns 0.8580558965840976
Matrix density 9.98289241748367e-05
>>>>>>>>>>U-B statistics in test>>>>>>>>>>
Average interactions 5.882052898406982
Non-zero rows 1.0
Non-zero columns 0.9736043908427818
Matrix density 0.00021239448271911793
{'data_path': './datasets', 'train_style': 'dwt', 'batch_size_train': 2048, 'batch_size_test': 2048, 'topk': [10, 20, 40, 80], 'neg_num': 1, 'seed': 2026, 'aug_type': 'Noise', 'ed_interval': 1, 'embedding_sizes': [64], 'num_layerss': [2], 'UB_ratios': [0.05], 'UI_ratios': [0.0], 'BI_ratios': [0.2], 'fusion_weights': {'modal_weight': [0.0, 0.5, 0.5], 'UB_layer': [0.5, 0.5, 0.0], 'UI_layer': [0.3, 0.4, 0.3], 'BI_layer': [0.5, 0.5, 0.0]}, 'lrs': [0.001], 'l2_regs': [1e-05], 'c_lambdas': [0.1], 'c_temps': [0.2], 'epochs': 30, 'test_interval': 5, 'dwt': {'rebuild_strategy': 'pretrain_sim', 'use_latent_diffusion_rebuild': True, 'rebuild_k': 5, 'latent_diffusion_user_embedding_path': './datasets/iFashion_UB_emb/iFashion_UB-user-04261842.pt', 'latent_diffusion_bundle_embedding_path': './datasets/iFashion_UB_emb/iFashion_UB-bundle-04261842.pt', 'latent_diffusion_hidden_dim': 128, 'latent_diffusion_time_dim': 16, 'latent_diffusion_denoiser_layers': 2, 'latent_diffusion_dropout': 0.1, 'latent_diffusion_num_steps': 12, 'latent_diffusion_beta_start': 0.0001, 'latent_diffusion_beta_end': 0.02, 'latent_diffusion_set_loss_weight': 0.05, 'latent_diffusion_lr': 0.001, 'latent_diffusion_weight_decay': 1e-05, 'latent_diffusion_batch_size': 1024, 'latent_diffusion_infer_batch_size': 256, 'latent_diffusion_reset_after_epoch': -1, 'latent_diffusion_reset_optimizer': False, 'gamma_1': 0.3, 'gamma_2': 0.2, 'tau': 0.08, 'lambda_1': 0.3, 'lambda_2': 1e-06}, 'anchor_cl': {'enabled': False, 'anchor_cl_lambda': 0.07, 'temp': 0.2, 'user_cl': True, 'bundle_cl': True, 'ub_ui_user_weight': 1.0, 'ub_bi_user_weight': 1.0, 'ub_ui_bundle_weight': 1.0, 'ub_bi_bundle_weight': 1.0}, 'ui_bundle_user_agg_beta': 0, 'bi_user_bundle_agg_beta': 0, 'dataset': 'iFashion', 'model': 'AnchorViewBundleNet', 'gpu': '0', 'info': 'M1C_pre_k5', 'num_users': 53897, 'num_bundles': 27694, 'num_items': 42563, 'device': device(type='cuda', index=0)}
train_style: dwt
==================== DWT Module1 experiment: dataset=iFashion strategy=pretrain_sim k=5 info=M1C_pre_k5 ====================
[Module1 Ablation] diffusion_rebuilder=disabled; ub_rebuild_schedule=pretrained user-bundle similarity Top-K, built once
>>>>>>>>>>U-B statistics from pretrain similarity Top-K rebuild>>>>>>>>>>
Average interactions 5.0
Non-zero rows 1.0
Non-zero columns 0.9994222575287066
Matrix density 0.00018054452227919405
[ub_rebuild/pretrain_sim] epoch=1 dataset=iFashion rebuilt_edges=269485 avg_user_edges=5.000000 user_coverage=1.000000 bundle_coverage=0.999422 density=0.0001805445
[Module1 Ablation] experiment=M1C_pre_k5 strategy=pretrain_sim k=5 epoch=1/30
[Module1 Ablation] experiment=M1C_pre_k5 strategy=pretrain_sim k=5 epoch=2/30
[Module1 Ablation] experiment=M1C_pre_k5 strategy=pretrain_sim k=5 epoch=3/30
[Module1 Ablation] experiment=M1C_pre_k5 strategy=pretrain_sim k=5 epoch=4/30
[Module1 Ablation] experiment=M1C_pre_k5 strategy=pretrain_sim k=5 epoch=5/30
2026-06-16 09:39:36, Top_10, Val:  recall: 0.088518, ndcg: 0.069730
2026-06-16 09:39:36, Top_10, Test: recall: 0.089782, ndcg: 0.092876
--------------------
2026-06-16 09:39:36, Top_20, Val:  recall: 0.119032, ndcg: 0.079792
2026-06-16 09:39:36, Top_20, Test: recall: 0.120372, ndcg: 0.105200
--------------------
2026-06-16 09:39:36, Top_40, Val:  recall: 0.156852, ndcg: 0.090049
2026-06-16 09:39:36, Top_40, Test: recall: 0.157692, ndcg: 0.118309
--------------------
2026-06-16 09:39:36, Top_80, Val:  recall: 0.200758, ndcg: 0.100051
2026-06-16 09:39:36, Top_80, Test: recall: 0.202578, ndcg: 0.131711
--------------------
top20 as the final evaluation standard
褰撳墠缃戞牸鍙傛暟: 0.00 + 0.00
2026-06-16 09:39:36, Best in epoch 4, TOP 10: REC_V=0.08852, NDCG_V=0.06973
2026-06-16 09:39:36, Best in epoch 4, TOP 10: REC_T=0.08978, NDCG_T=0.09288
2026-06-16 09:39:36, Best in epoch 4, TOP 20: REC_V=0.11903, NDCG_V=0.07979
2026-06-16 09:39:36, Best in epoch 4, TOP 20: REC_T=0.12037, NDCG_T=0.10520
2026-06-16 09:39:36, Best in epoch 4, TOP 40: REC_V=0.15685, NDCG_V=0.09005
2026-06-16 09:39:36, Best in epoch 4, TOP 40: REC_T=0.15769, NDCG_T=0.11831
2026-06-16 09:39:36, Best in epoch 4, TOP 80: REC_V=0.20076, NDCG_V=0.10005
2026-06-16 09:39:36, Best in epoch 4, TOP 80: REC_T=0.20258, NDCG_T=0.13171
[Module1 Ablation] experiment=M1C_pre_k5 strategy=pretrain_sim k=5 epoch=6/30
[Module1 Ablation] experiment=M1C_pre_k5 strategy=pretrain_sim k=5 epoch=7/30
[Module1 Ablation] experiment=M1C_pre_k5 strategy=pretrain_sim k=5 epoch=8/30
[Module1 Ablation] experiment=M1C_pre_k5 strategy=pretrain_sim k=5 epoch=9/30
[Module1 Ablation] experiment=M1C_pre_k5 strategy=pretrain_sim k=5 epoch=10/30
2026-06-16 09:44:23, Top_10, Val:  recall: 0.104984, ndcg: 0.080324
2026-06-16 09:44:23, Top_10, Test: recall: 0.106403, ndcg: 0.107627
--------------------
2026-06-16 09:44:23, Top_20, Val:  recall: 0.143921, ndcg: 0.093211
2026-06-16 09:44:23, Top_20, Test: recall: 0.144694, ndcg: 0.123030
--------------------
2026-06-16 09:44:23, Top_40, Val:  recall: 0.189263, ndcg: 0.105538
2026-06-16 09:44:23, Top_40, Test: recall: 0.190377, ndcg: 0.139098
--------------------
2026-06-16 09:44:23, Top_80, Val:  recall: 0.241450, ndcg: 0.117467
2026-06-16 09:44:23, Top_80, Test: recall: 0.242916, ndcg: 0.154798
--------------------
top20 as the final evaluation standard
褰撳墠缃戞牸鍙傛暟: 0.00 + 0.00
2026-06-16 09:44:23, Best in epoch 9, TOP 10: REC_V=0.10498, NDCG_V=0.08032
2026-06-16 09:44:23, Best in epoch 9, TOP 10: REC_T=0.10640, NDCG_T=0.10763
2026-06-16 09:44:23, Best in epoch 9, TOP 20: REC_V=0.14392, NDCG_V=0.09321
2026-06-16 09:44:23, Best in epoch 9, TOP 20: REC_T=0.14469, NDCG_T=0.12303
2026-06-16 09:44:23, Best in epoch 9, TOP 40: REC_V=0.18926, NDCG_V=0.10554
2026-06-16 09:44:23, Best in epoch 9, TOP 40: REC_T=0.19038, NDCG_T=0.13910
2026-06-16 09:44:23, Best in epoch 9, TOP 80: REC_V=0.24145, NDCG_V=0.11747
2026-06-16 09:44:23, Best in epoch 9, TOP 80: REC_T=0.24292, NDCG_T=0.15480
[Module1 Ablation] experiment=M1C_pre_k5 strategy=pretrain_sim k=5 epoch=11/30
[Module1 Ablation] experiment=M1C_pre_k5 strategy=pretrain_sim k=5 epoch=12/30
[Module1 Ablation] experiment=M1C_pre_k5 strategy=pretrain_sim k=5 epoch=13/30
[Module1 Ablation] experiment=M1C_pre_k5 strategy=pretrain_sim k=5 epoch=14/30
[Module1 Ablation] experiment=M1C_pre_k5 strategy=pretrain_sim k=5 epoch=15/30
2026-06-16 09:49:02, Top_10, Val:  recall: 0.105024, ndcg: 0.077293
2026-06-16 09:49:02, Top_10, Test: recall: 0.105428, ndcg: 0.103145
--------------------
2026-06-16 09:49:02, Top_20, Val:  recall: 0.148068, ndcg: 0.091554
2026-06-16 09:49:02, Top_20, Test: recall: 0.148972, ndcg: 0.120798
--------------------
2026-06-16 09:49:02, Top_40, Val:  recall: 0.199052, ndcg: 0.105426
2026-06-16 09:49:02, Top_40, Test: recall: 0.200298, ndcg: 0.138903
--------------------
2026-06-16 09:49:02, Top_80, Val:  recall: 0.258467, ndcg: 0.118969
2026-06-16 09:49:02, Top_80, Test: recall: 0.259171, ndcg: 0.156506
--------------------
top20 as the final evaluation standard
褰撳墠缃戞牸鍙傛暟: 0.00 + 0.00
2026-06-16 09:49:02, Best in epoch 14, TOP 10: REC_V=0.10502, NDCG_V=0.07729
2026-06-16 09:49:02, Best in epoch 14, TOP 10: REC_T=0.10543, NDCG_T=0.10315
2026-06-16 09:49:02, Best in epoch 14, TOP 20: REC_V=0.14807, NDCG_V=0.09155
2026-06-16 09:49:02, Best in epoch 14, TOP 20: REC_T=0.14897, NDCG_T=0.12080
2026-06-16 09:49:02, Best in epoch 14, TOP 40: REC_V=0.19905, NDCG_V=0.10543
2026-06-16 09:49:02, Best in epoch 14, TOP 40: REC_T=0.20030, NDCG_T=0.13890
2026-06-16 09:49:02, Best in epoch 14, TOP 80: REC_V=0.25847, NDCG_V=0.11897
2026-06-16 09:49:02, Best in epoch 14, TOP 80: REC_T=0.25917, NDCG_T=0.15651
[Module1 Ablation] experiment=M1C_pre_k5 strategy=pretrain_sim k=5 epoch=16/30
[Module1 Ablation] experiment=M1C_pre_k5 strategy=pretrain_sim k=5 epoch=17/30
[Module1 Ablation] experiment=M1C_pre_k5 strategy=pretrain_sim k=5 epoch=18/30
[Module1 Ablation] experiment=M1C_pre_k5 strategy=pretrain_sim k=5 epoch=19/30
[Module1 Ablation] experiment=M1C_pre_k5 strategy=pretrain_sim k=5 epoch=20/30
2026-06-16 09:53:40, Top_10, Val:  recall: 0.102031, ndcg: 0.073930
2026-06-16 09:53:40, Top_10, Test: recall: 0.102189, ndcg: 0.098580
--------------------
2026-06-16 09:53:40, Top_20, Val:  recall: 0.146028, ndcg: 0.088509
2026-06-16 09:53:40, Top_20, Test: recall: 0.146901, ndcg: 0.116767
--------------------
2026-06-16 09:53:40, Top_40, Val:  recall: 0.200387, ndcg: 0.103285
2026-06-16 09:53:40, Top_40, Test: recall: 0.200898, ndcg: 0.135790
--------------------
2026-06-16 09:53:40, Top_80, Val:  recall: 0.262639, ndcg: 0.117494
2026-06-16 09:53:40, Top_80, Test: recall: 0.262172, ndcg: 0.154128
--------------------
top20 as the final evaluation standard
[Module1 Ablation] experiment=M1C_pre_k5 strategy=pretrain_sim k=5 epoch=21/30
[Module1 Ablation] experiment=M1C_pre_k5 strategy=pretrain_sim k=5 epoch=22/30
[Module1 Ablation] experiment=M1C_pre_k5 strategy=pretrain_sim k=5 epoch=23/30
[Module1 Ablation] experiment=M1C_pre_k5 strategy=pretrain_sim k=5 epoch=24/30
[Module1 Ablation] experiment=M1C_pre_k5 strategy=pretrain_sim k=5 epoch=25/30
2026-06-16 09:58:17, Top_10, Val:  recall: 0.100165, ndcg: 0.072230
2026-06-16 09:58:17, Top_10, Test: recall: 0.100078, ndcg: 0.096203
--------------------
2026-06-16 09:58:17, Top_20, Val:  recall: 0.144622, ndcg: 0.086935
2026-06-16 09:58:17, Top_20, Test: recall: 0.145547, ndcg: 0.114679
--------------------
2026-06-16 09:58:17, Top_40, Val:  recall: 0.200403, ndcg: 0.102093
2026-06-16 09:58:17, Top_40, Test: recall: 0.200521, ndcg: 0.134056
--------------------
2026-06-16 09:58:17, Top_80, Val:  recall: 0.263665, ndcg: 0.116552
2026-06-16 09:58:17, Top_80, Test: recall: 0.262995, ndcg: 0.152754
--------------------
top20 as the final evaluation standard
[Module1 Ablation] experiment=M1C_pre_k5 strategy=pretrain_sim k=5 epoch=26/30
[Module1 Ablation] experiment=M1C_pre_k5 strategy=pretrain_sim k=5 epoch=27/30
[Module1 Ablation] experiment=M1C_pre_k5 strategy=pretrain_sim k=5 epoch=28/30
[Module1 Ablation] experiment=M1C_pre_k5 strategy=pretrain_sim k=5 epoch=29/30
[Module1 Ablation] experiment=M1C_pre_k5 strategy=pretrain_sim k=5 epoch=30/30
2026-06-16 10:02:52, Top_10, Val:  recall: 0.099956, ndcg: 0.071916
2026-06-16 10:02:52, Top_10, Test: recall: 0.099689, ndcg: 0.095796
--------------------
2026-06-16 10:02:52, Top_20, Val:  recall: 0.145301, ndcg: 0.086908
2026-06-16 10:02:52, Top_20, Test: recall: 0.144815, ndcg: 0.114141
--------------------
2026-06-16 10:02:52, Top_40, Val:  recall: 0.200111, ndcg: 0.101815
2026-06-16 10:02:52, Top_40, Test: recall: 0.200275, ndcg: 0.133689
--------------------
2026-06-16 10:02:52, Top_80, Val:  recall: 0.263534, ndcg: 0.116305
2026-06-16 10:02:52, Top_80, Test: recall: 0.264021, ndcg: 0.152738
--------------------
top20 as the final evaluation standard
