load config file done!
Global random seed set to: 2026
>>>>>>>>>>B-I statistics>>>>>>>>>>
Average interactions 3.86061954498291
Non-zero rows 1.0
Non-zero columns 1.0
Matrix density 9.070365408454437e-05
>>>>>>>>>>U-I statistics>>>>>>>>>>
Average interactions 42.50041580200195
Non-zero rows 0.9989980889474368
Non-zero columns 0.9486643328712732
Matrix density 0.0009985296492948938
>>>>>>>>>>U-B statistics in train>>>>>>>>>>
Average interactions 22.5184326171875
Non-zero rows 1.0
Non-zero columns 1.0
Matrix density 0.0008131159568128954
>>>>>>>>>>U-B statistics in tune>>>>>>>>>>
Average interactions 2.764662265777588
Non-zero rows 1.0
Non-zero columns 0.8580558965840976
Matrix density 9.98289241748367e-05
>>>>>>>>>>U-B statistics in test>>>>>>>>>>
Average interactions 5.882052898406982
Non-zero rows 1.0
Non-zero columns 0.9736043908427818
Matrix density 0.00021239448271911793
{'data_path': './datasets', 'train_style': 'dwt', 'batch_size_train': 2048, 'batch_size_test': 2048, 'topk': [10, 20, 40, 80], 'neg_num': 1, 'seed': 2026, 'aug_type': 'Noise', 'ed_interval': 1, 'embedding_sizes': [64], 'num_layerss': [2], 'UB_ratios': [0.05], 'UI_ratios': [0.0], 'BI_ratios': [0.2], 'fusion_weights': {'modal_weight': [0.0, 0.5, 0.5], 'UB_layer': [0.5, 0.5, 0.0], 'UI_layer': [0.3, 0.4, 0.3], 'BI_layer': [0.5, 0.5, 0.0]}, 'lrs': [0.001], 'l2_regs': [1e-05], 'c_lambdas': [0.1], 'c_temps': [0.2], 'epochs': 30, 'test_interval': 5, 'dwt': {'rebuild_strategy': 'pretrain_sim', 'use_latent_diffusion_rebuild': True, 'rebuild_k': 9, 'latent_diffusion_user_embedding_path': './datasets/iFashion_UB_emb/iFashion_UB-user-04261842.pt', 'latent_diffusion_bundle_embedding_path': './datasets/iFashion_UB_emb/iFashion_UB-bundle-04261842.pt', 'latent_diffusion_hidden_dim': 128, 'latent_diffusion_time_dim': 16, 'latent_diffusion_denoiser_layers': 2, 'latent_diffusion_dropout': 0.1, 'latent_diffusion_num_steps': 12, 'latent_diffusion_beta_start': 0.0001, 'latent_diffusion_beta_end': 0.02, 'latent_diffusion_set_loss_weight': 0.05, 'latent_diffusion_lr': 0.001, 'latent_diffusion_weight_decay': 1e-05, 'latent_diffusion_batch_size': 1024, 'latent_diffusion_infer_batch_size': 256, 'latent_diffusion_reset_after_epoch': -1, 'latent_diffusion_reset_optimizer': False, 'gamma_1': 0.3, 'gamma_2': 0.2, 'tau': 0.08, 'lambda_1': 0.3, 'lambda_2': 1e-06}, 'anchor_cl': {'enabled': False, 'anchor_cl_lambda': 0.07, 'temp': 0.2, 'user_cl': True, 'bundle_cl': True, 'ub_ui_user_weight': 1.0, 'ub_bi_user_weight': 1.0, 'ub_ui_bundle_weight': 1.0, 'ub_bi_bundle_weight': 1.0}, 'ui_bundle_user_agg_beta': 0, 'bi_user_bundle_agg_beta': 0, 'dataset': 'iFashion', 'model': 'AnchorViewBundleNet', 'gpu': '0', 'info': 'M1C_pre_k9', 'num_users': 53897, 'num_bundles': 27694, 'num_items': 42563, 'device': device(type='cuda', index=0)}
train_style: dwt
==================== DWT Module1 experiment: dataset=iFashion strategy=pretrain_sim k=9 info=M1C_pre_k9 ====================
[Module1 Ablation] diffusion_rebuilder=disabled; ub_rebuild_schedule=pretrained user-bundle similarity Top-K, built once
>>>>>>>>>>U-B statistics from pretrain similarity Top-K rebuild>>>>>>>>>>
Average interactions 9.0
Non-zero rows 1.0
Non-zero columns 1.0
Matrix density 0.0003249801401025493
[ub_rebuild/pretrain_sim] epoch=1 dataset=iFashion rebuilt_edges=485073 avg_user_edges=9.000000 user_coverage=1.000000 bundle_coverage=1.000000 density=0.0003249801
[Module1 Ablation] experiment=M1C_pre_k9 strategy=pretrain_sim k=9 epoch=1/30
[Module1 Ablation] experiment=M1C_pre_k9 strategy=pretrain_sim k=9 epoch=2/30
[Module1 Ablation] experiment=M1C_pre_k9 strategy=pretrain_sim k=9 epoch=3/30
[Module1 Ablation] experiment=M1C_pre_k9 strategy=pretrain_sim k=9 epoch=4/30
[Module1 Ablation] experiment=M1C_pre_k9 strategy=pretrain_sim k=9 epoch=5/30
2026-06-16 10:37:36, Top_10, Val:  recall: 0.092566, ndcg: 0.072390
2026-06-16 10:37:36, Top_10, Test: recall: 0.093456, ndcg: 0.096763
--------------------
2026-06-16 10:37:36, Top_20, Val:  recall: 0.123989, ndcg: 0.082785
2026-06-16 10:37:36, Top_20, Test: recall: 0.126468, ndcg: 0.110000
--------------------
2026-06-16 10:37:36, Top_40, Val:  recall: 0.163254, ndcg: 0.093427
2026-06-16 10:37:36, Top_40, Test: recall: 0.165659, ndcg: 0.123786
--------------------
2026-06-16 10:37:36, Top_80, Val:  recall: 0.210118, ndcg: 0.104090
2026-06-16 10:37:36, Top_80, Test: recall: 0.212401, ndcg: 0.137712
--------------------
top20 as the final evaluation standard
褰撳墠缃戞牸鍙傛暟: 0.00 + 0.00
2026-06-16 10:37:36, Best in epoch 4, TOP 10: REC_V=0.09257, NDCG_V=0.07239
2026-06-16 10:37:36, Best in epoch 4, TOP 10: REC_T=0.09346, NDCG_T=0.09676
2026-06-16 10:37:36, Best in epoch 4, TOP 20: REC_V=0.12399, NDCG_V=0.08279
2026-06-16 10:37:36, Best in epoch 4, TOP 20: REC_T=0.12647, NDCG_T=0.11000
2026-06-16 10:37:36, Best in epoch 4, TOP 40: REC_V=0.16325, NDCG_V=0.09343
2026-06-16 10:37:36, Best in epoch 4, TOP 40: REC_T=0.16566, NDCG_T=0.12379
2026-06-16 10:37:36, Best in epoch 4, TOP 80: REC_V=0.21012, NDCG_V=0.10409
2026-06-16 10:37:36, Best in epoch 4, TOP 80: REC_T=0.21240, NDCG_T=0.13771
[Module1 Ablation] experiment=M1C_pre_k9 strategy=pretrain_sim k=9 epoch=6/30
[Module1 Ablation] experiment=M1C_pre_k9 strategy=pretrain_sim k=9 epoch=7/30
[Module1 Ablation] experiment=M1C_pre_k9 strategy=pretrain_sim k=9 epoch=8/30
[Module1 Ablation] experiment=M1C_pre_k9 strategy=pretrain_sim k=9 epoch=9/30
[Module1 Ablation] experiment=M1C_pre_k9 strategy=pretrain_sim k=9 epoch=10/30
2026-06-16 10:42:27, Top_10, Val:  recall: 0.105522, ndcg: 0.079715
2026-06-16 10:42:27, Top_10, Test: recall: 0.107570, ndcg: 0.108210
--------------------
2026-06-16 10:42:27, Top_20, Val:  recall: 0.145028, ndcg: 0.092809
2026-06-16 10:42:27, Top_20, Test: recall: 0.147191, ndcg: 0.124142
--------------------
2026-06-16 10:42:27, Top_40, Val:  recall: 0.192692, ndcg: 0.105765
2026-06-16 10:42:27, Top_40, Test: recall: 0.194015, ndcg: 0.140649
--------------------
2026-06-16 10:42:27, Top_80, Val:  recall: 0.246339, ndcg: 0.117984
2026-06-16 10:42:27, Top_80, Test: recall: 0.249145, ndcg: 0.157111
--------------------
top20 as the final evaluation standard
褰撳墠缃戞牸鍙傛暟: 0.00 + 0.00
2026-06-16 10:42:27, Best in epoch 9, TOP 10: REC_V=0.10552, NDCG_V=0.07972
2026-06-16 10:42:27, Best in epoch 9, TOP 10: REC_T=0.10757, NDCG_T=0.10821
2026-06-16 10:42:27, Best in epoch 9, TOP 20: REC_V=0.14503, NDCG_V=0.09281
2026-06-16 10:42:27, Best in epoch 9, TOP 20: REC_T=0.14719, NDCG_T=0.12414
2026-06-16 10:42:27, Best in epoch 9, TOP 40: REC_V=0.19269, NDCG_V=0.10576
2026-06-16 10:42:27, Best in epoch 9, TOP 40: REC_T=0.19401, NDCG_T=0.14065
2026-06-16 10:42:27, Best in epoch 9, TOP 80: REC_V=0.24634, NDCG_V=0.11798
2026-06-16 10:42:27, Best in epoch 9, TOP 80: REC_T=0.24914, NDCG_T=0.15711
[Module1 Ablation] experiment=M1C_pre_k9 strategy=pretrain_sim k=9 epoch=11/30
[Module1 Ablation] experiment=M1C_pre_k9 strategy=pretrain_sim k=9 epoch=12/30
[Module1 Ablation] experiment=M1C_pre_k9 strategy=pretrain_sim k=9 epoch=13/30
[Module1 Ablation] experiment=M1C_pre_k9 strategy=pretrain_sim k=9 epoch=14/30
[Module1 Ablation] experiment=M1C_pre_k9 strategy=pretrain_sim k=9 epoch=15/30
2026-06-16 10:47:20, Top_10, Val:  recall: 0.106177, ndcg: 0.078144
2026-06-16 10:47:20, Top_10, Test: recall: 0.106955, ndcg: 0.104924
--------------------
2026-06-16 10:47:20, Top_20, Val:  recall: 0.148874, ndcg: 0.092242
2026-06-16 10:47:20, Top_20, Test: recall: 0.149632, ndcg: 0.122201
--------------------
2026-06-16 10:47:20, Top_40, Val:  recall: 0.200621, ndcg: 0.106292
2026-06-16 10:47:20, Top_40, Test: recall: 0.201811, ndcg: 0.140579
--------------------
2026-06-16 10:47:20, Top_80, Val:  recall: 0.259435, ndcg: 0.119747
2026-06-16 10:47:20, Top_80, Test: recall: 0.261009, ndcg: 0.158274
--------------------
top20 as the final evaluation standard
褰撳墠缃戞牸鍙傛暟: 0.00 + 0.00
2026-06-16 10:47:21, Best in epoch 14, TOP 10: REC_V=0.10618, NDCG_V=0.07814
2026-06-16 10:47:21, Best in epoch 14, TOP 10: REC_T=0.10696, NDCG_T=0.10492
2026-06-16 10:47:21, Best in epoch 14, TOP 20: REC_V=0.14887, NDCG_V=0.09224
2026-06-16 10:47:21, Best in epoch 14, TOP 20: REC_T=0.14963, NDCG_T=0.12220
2026-06-16 10:47:21, Best in epoch 14, TOP 40: REC_V=0.20062, NDCG_V=0.10629
2026-06-16 10:47:21, Best in epoch 14, TOP 40: REC_T=0.20181, NDCG_T=0.14058
2026-06-16 10:47:21, Best in epoch 14, TOP 80: REC_V=0.25943, NDCG_V=0.11975
2026-06-16 10:47:21, Best in epoch 14, TOP 80: REC_T=0.26101, NDCG_T=0.15827
[Module1 Ablation] experiment=M1C_pre_k9 strategy=pretrain_sim k=9 epoch=16/30
[Module1 Ablation] experiment=M1C_pre_k9 strategy=pretrain_sim k=9 epoch=17/30
[Module1 Ablation] experiment=M1C_pre_k9 strategy=pretrain_sim k=9 epoch=18/30
[Module1 Ablation] experiment=M1C_pre_k9 strategy=pretrain_sim k=9 epoch=19/30
[Module1 Ablation] experiment=M1C_pre_k9 strategy=pretrain_sim k=9 epoch=20/30
2026-06-16 10:52:23, Top_10, Val:  recall: 0.103658, ndcg: 0.075571
2026-06-16 10:52:23, Top_10, Test: recall: 0.104870, ndcg: 0.102224
--------------------
2026-06-16 10:52:23, Top_20, Val:  recall: 0.148457, ndcg: 0.090362
2026-06-16 10:52:23, Top_20, Test: recall: 0.148659, ndcg: 0.119986
--------------------
2026-06-16 10:52:23, Top_40, Val:  recall: 0.201134, ndcg: 0.104676
2026-06-16 10:52:23, Top_40, Test: recall: 0.202659, ndcg: 0.139029
--------------------
2026-06-16 10:52:23, Top_80, Val:  recall: 0.263811, ndcg: 0.118975
2026-06-16 10:52:23, Top_80, Test: recall: 0.264939, ndcg: 0.157639
--------------------
top20 as the final evaluation standard
[Module1 Ablation] experiment=M1C_pre_k9 strategy=pretrain_sim k=9 epoch=21/30
[Module1 Ablation] experiment=M1C_pre_k9 strategy=pretrain_sim k=9 epoch=22/30
[Module1 Ablation] experiment=M1C_pre_k9 strategy=pretrain_sim k=9 epoch=23/30
[Module1 Ablation] experiment=M1C_pre_k9 strategy=pretrain_sim k=9 epoch=24/30
[Module1 Ablation] experiment=M1C_pre_k9 strategy=pretrain_sim k=9 epoch=25/30
2026-06-16 10:57:16, Top_10, Val:  recall: 0.102495, ndcg: 0.074577
2026-06-16 10:57:16, Top_10, Test: recall: 0.103576, ndcg: 0.100814
--------------------
2026-06-16 10:57:16, Top_20, Val:  recall: 0.147465, ndcg: 0.089476
2026-06-16 10:57:16, Top_20, Test: recall: 0.147951, ndcg: 0.118804
--------------------
2026-06-16 10:57:16, Top_40, Val:  recall: 0.201994, ndcg: 0.104263
2026-06-16 10:57:16, Top_40, Test: recall: 0.202996, ndcg: 0.138201
--------------------
2026-06-16 10:57:16, Top_80, Val:  recall: 0.264362, ndcg: 0.118527
2026-06-16 10:57:16, Top_80, Test: recall: 0.265768, ndcg: 0.156983
--------------------
top20 as the final evaluation standard
[Module1 Ablation] experiment=M1C_pre_k9 strategy=pretrain_sim k=9 epoch=26/30
[Module1 Ablation] experiment=M1C_pre_k9 strategy=pretrain_sim k=9 epoch=27/30
[Module1 Ablation] experiment=M1C_pre_k9 strategy=pretrain_sim k=9 epoch=28/30
[Module1 Ablation] experiment=M1C_pre_k9 strategy=pretrain_sim k=9 epoch=29/30
[Module1 Ablation] experiment=M1C_pre_k9 strategy=pretrain_sim k=9 epoch=30/30
2026-06-16 11:02:00, Top_10, Val:  recall: 0.102772, ndcg: 0.074539
2026-06-16 11:02:00, Top_10, Test: recall: 0.103603, ndcg: 0.100532
--------------------
2026-06-16 11:02:00, Top_20, Val:  recall: 0.146984, ndcg: 0.089189
2026-06-16 11:02:00, Top_20, Test: recall: 0.148396, ndcg: 0.118697
--------------------
2026-06-16 11:02:00, Top_40, Val:  recall: 0.202353, ndcg: 0.104233
2026-06-16 11:02:00, Top_40, Test: recall: 0.203439, ndcg: 0.138096
--------------------
2026-06-16 11:02:00, Top_80, Val:  recall: 0.264471, ndcg: 0.118444
2026-06-16 11:02:00, Top_80, Test: recall: 0.266348, ndcg: 0.156885
--------------------
top20 as the final evaluation standard
