load config file done!
Global random seed set to: 2026
>>>>>>>>>>B-I statistics>>>>>>>>>>
Average interactions 3.86061954498291
Non-zero rows 1.0
Non-zero columns 1.0
Matrix density 9.070365408454437e-05
>>>>>>>>>>U-I statistics>>>>>>>>>>
Average interactions 42.50041580200195
Non-zero rows 0.9989980889474368
Non-zero columns 0.9486643328712732
Matrix density 0.0009985296492948938
>>>>>>>>>>U-B statistics in train>>>>>>>>>>
Average interactions 22.5184326171875
Non-zero rows 1.0
Non-zero columns 1.0
Matrix density 0.0008131159568128954
>>>>>>>>>>U-B statistics in tune>>>>>>>>>>
Average interactions 2.764662265777588
Non-zero rows 1.0
Non-zero columns 0.8580558965840976
Matrix density 9.98289241748367e-05
>>>>>>>>>>U-B statistics in test>>>>>>>>>>
Average interactions 5.882052898406982
Non-zero rows 1.0
Non-zero columns 0.9736043908427818
Matrix density 0.00021239448271911793
{'data_path': './datasets', 'train_style': 'dwt', 'batch_size_train': 2048, 'batch_size_test': 2048, 'topk': [10, 20, 40, 80], 'neg_num': 1, 'seed': 2026, 'aug_type': 'Noise', 'ed_interval': 1, 'embedding_sizes': [64], 'num_layerss': [2], 'UB_ratios': [0.05], 'UI_ratios': [0.0], 'BI_ratios': [0.2], 'fusion_weights': {'modal_weight': [0.0, 0.5, 0.5], 'UB_layer': [0.5, 0.5, 0.0], 'UI_layer': [0.3, 0.4, 0.3], 'BI_layer': [0.5, 0.5, 0.0]}, 'lrs': [0.001], 'l2_regs': [1e-05], 'c_lambdas': [0.1], 'c_temps': [0.2], 'epochs': 30, 'test_interval': 5, 'dwt': {'rebuild_strategy': 'pretrain_sim', 'use_latent_diffusion_rebuild': True, 'rebuild_k': 1, 'latent_diffusion_user_embedding_path': './datasets/iFashion_UB_emb/iFashion_UB-user-04261842.pt', 'latent_diffusion_bundle_embedding_path': './datasets/iFashion_UB_emb/iFashion_UB-bundle-04261842.pt', 'latent_diffusion_hidden_dim': 128, 'latent_diffusion_time_dim': 16, 'latent_diffusion_denoiser_layers': 2, 'latent_diffusion_dropout': 0.1, 'latent_diffusion_num_steps': 12, 'latent_diffusion_beta_start': 0.0001, 'latent_diffusion_beta_end': 0.02, 'latent_diffusion_set_loss_weight': 0.05, 'latent_diffusion_lr': 0.001, 'latent_diffusion_weight_decay': 1e-05, 'latent_diffusion_batch_size': 1024, 'latent_diffusion_infer_batch_size': 256, 'latent_diffusion_reset_after_epoch': -1, 'latent_diffusion_reset_optimizer': False, 'gamma_1': 0.3, 'gamma_2': 0.2, 'tau': 0.08, 'lambda_1': 0.3, 'lambda_2': 1e-06}, 'anchor_cl': {'enabled': False, 'anchor_cl_lambda': 0.07, 'temp': 0.2, 'user_cl': True, 'bundle_cl': True, 'ub_ui_user_weight': 1.0, 'ub_bi_user_weight': 1.0, 'ub_ui_bundle_weight': 1.0, 'ub_bi_bundle_weight': 1.0}, 'ui_bundle_user_agg_beta': 0, 'bi_user_bundle_agg_beta': 0, 'dataset': 'iFashion', 'model': 'AnchorViewBundleNet', 'gpu': '0', 'info': 'M1C_pre_k1', 'num_users': 53897, 'num_bundles': 27694, 'num_items': 42563, 'device': device(type='cuda', index=0)}
train_style: dwt
==================== DWT Module1 experiment: dataset=iFashion strategy=pretrain_sim k=1 info=M1C_pre_k1 ====================
[Module1 Ablation] diffusion_rebuilder=disabled; ub_rebuild_schedule=pretrained user-bundle similarity Top-K, built once
>>>>>>>>>>U-B statistics from pretrain similarity Top-K rebuild>>>>>>>>>>
Average interactions 1.0
Non-zero rows 1.0
Non-zero columns 0.8081533906261285
Matrix density 3.610890445583881e-05
[ub_rebuild/pretrain_sim] epoch=1 dataset=iFashion rebuilt_edges=53897 avg_user_edges=1.000000 user_coverage=1.000000 bundle_coverage=0.808153 density=0.0000361089
[Module1 Ablation] experiment=M1C_pre_k1 strategy=pretrain_sim k=1 epoch=1/30
[Module1 Ablation] experiment=M1C_pre_k1 strategy=pretrain_sim k=1 epoch=2/30
[Module1 Ablation] experiment=M1C_pre_k1 strategy=pretrain_sim k=1 epoch=3/30
[Module1 Ablation] experiment=M1C_pre_k1 strategy=pretrain_sim k=1 epoch=4/30
[Module1 Ablation] experiment=M1C_pre_k1 strategy=pretrain_sim k=1 epoch=5/30
2026-06-16 08:43:34, Top_10, Val:  recall: 0.078580, ndcg: 0.062427
2026-06-16 08:43:34, Top_10, Test: recall: 0.078544, ndcg: 0.082318
--------------------
2026-06-16 08:43:34, Top_20, Val:  recall: 0.105091, ndcg: 0.071197
2026-06-16 08:43:34, Top_20, Test: recall: 0.105976, ndcg: 0.093281
--------------------
2026-06-16 08:43:34, Top_40, Val:  recall: 0.137976, ndcg: 0.080103
2026-06-16 08:43:34, Top_40, Test: recall: 0.139360, ndcg: 0.105019
--------------------
2026-06-16 08:43:34, Top_80, Val:  recall: 0.177963, ndcg: 0.089183
2026-06-16 08:43:34, Top_80, Test: recall: 0.179140, ndcg: 0.116859
--------------------
top20 as the final evaluation standard
褰撳墠缃戞牸鍙傛暟: 0.00 + 0.00
2026-06-16 08:43:34, Best in epoch 4, TOP 10: REC_V=0.07858, NDCG_V=0.06243
2026-06-16 08:43:34, Best in epoch 4, TOP 10: REC_T=0.07854, NDCG_T=0.08232
2026-06-16 08:43:34, Best in epoch 4, TOP 20: REC_V=0.10509, NDCG_V=0.07120
2026-06-16 08:43:34, Best in epoch 4, TOP 20: REC_T=0.10598, NDCG_T=0.09328
2026-06-16 08:43:34, Best in epoch 4, TOP 40: REC_V=0.13798, NDCG_V=0.08010
2026-06-16 08:43:34, Best in epoch 4, TOP 40: REC_T=0.13936, NDCG_T=0.10502
2026-06-16 08:43:34, Best in epoch 4, TOP 80: REC_V=0.17796, NDCG_V=0.08918
2026-06-16 08:43:34, Best in epoch 4, TOP 80: REC_T=0.17914, NDCG_T=0.11686
[Module1 Ablation] experiment=M1C_pre_k1 strategy=pretrain_sim k=1 epoch=6/30
[Module1 Ablation] experiment=M1C_pre_k1 strategy=pretrain_sim k=1 epoch=7/30
[Module1 Ablation] experiment=M1C_pre_k1 strategy=pretrain_sim k=1 epoch=8/30
[Module1 Ablation] experiment=M1C_pre_k1 strategy=pretrain_sim k=1 epoch=9/30
[Module1 Ablation] experiment=M1C_pre_k1 strategy=pretrain_sim k=1 epoch=10/30
2026-06-16 08:48:13, Top_10, Val:  recall: 0.101389, ndcg: 0.076713
2026-06-16 08:48:13, Top_10, Test: recall: 0.101874, ndcg: 0.102581
--------------------
2026-06-16 08:48:13, Top_20, Val:  recall: 0.139127, ndcg: 0.089202
2026-06-16 08:48:13, Top_20, Test: recall: 0.139673, ndcg: 0.117788
--------------------
2026-06-16 08:48:13, Top_40, Val:  recall: 0.184758, ndcg: 0.101579
2026-06-16 08:48:13, Top_40, Test: recall: 0.185069, ndcg: 0.133763
--------------------
2026-06-16 08:48:13, Top_80, Val:  recall: 0.236030, ndcg: 0.113299
2026-06-16 08:48:13, Top_80, Test: recall: 0.236330, ndcg: 0.149089
--------------------
top20 as the final evaluation standard
褰撳墠缃戞牸鍙傛暟: 0.00 + 0.00
2026-06-16 08:48:13, Best in epoch 9, TOP 10: REC_V=0.10139, NDCG_V=0.07671
2026-06-16 08:48:13, Best in epoch 9, TOP 10: REC_T=0.10187, NDCG_T=0.10258
2026-06-16 08:48:13, Best in epoch 9, TOP 20: REC_V=0.13913, NDCG_V=0.08920
2026-06-16 08:48:13, Best in epoch 9, TOP 20: REC_T=0.13967, NDCG_T=0.11779
2026-06-16 08:48:13, Best in epoch 9, TOP 40: REC_V=0.18476, NDCG_V=0.10158
2026-06-16 08:48:13, Best in epoch 9, TOP 40: REC_T=0.18507, NDCG_T=0.13376
2026-06-16 08:48:13, Best in epoch 9, TOP 80: REC_V=0.23603, NDCG_V=0.11330
2026-06-16 08:48:13, Best in epoch 9, TOP 80: REC_T=0.23633, NDCG_T=0.14909
[Module1 Ablation] experiment=M1C_pre_k1 strategy=pretrain_sim k=1 epoch=11/30
[Module1 Ablation] experiment=M1C_pre_k1 strategy=pretrain_sim k=1 epoch=12/30
[Module1 Ablation] experiment=M1C_pre_k1 strategy=pretrain_sim k=1 epoch=13/30
[Module1 Ablation] experiment=M1C_pre_k1 strategy=pretrain_sim k=1 epoch=14/30
[Module1 Ablation] experiment=M1C_pre_k1 strategy=pretrain_sim k=1 epoch=15/30
2026-06-16 08:52:47, Top_10, Val:  recall: 0.098133, ndcg: 0.071516
2026-06-16 08:52:47, Top_10, Test: recall: 0.098271, ndcg: 0.095447
--------------------
2026-06-16 08:52:47, Top_20, Val:  recall: 0.141409, ndcg: 0.085811
2026-06-16 08:52:47, Top_20, Test: recall: 0.142170, ndcg: 0.113330
--------------------
2026-06-16 08:52:47, Top_40, Val:  recall: 0.195350, ndcg: 0.100463
2026-06-16 08:52:47, Top_40, Test: recall: 0.196155, ndcg: 0.132321
--------------------
2026-06-16 08:52:47, Top_80, Val:  recall: 0.257865, ndcg: 0.114708
2026-06-16 08:52:47, Top_80, Test: recall: 0.258137, ndcg: 0.150824
--------------------
top20 as the final evaluation standard
褰撳墠缃戞牸鍙傛暟: 0.00 + 0.00
2026-06-16 08:52:48, Best in epoch 14, TOP 10: REC_V=0.09813, NDCG_V=0.07152
2026-06-16 08:52:48, Best in epoch 14, TOP 10: REC_T=0.09827, NDCG_T=0.09545
2026-06-16 08:52:48, Best in epoch 14, TOP 20: REC_V=0.14141, NDCG_V=0.08581
2026-06-16 08:52:48, Best in epoch 14, TOP 20: REC_T=0.14217, NDCG_T=0.11333
2026-06-16 08:52:48, Best in epoch 14, TOP 40: REC_V=0.19535, NDCG_V=0.10046
2026-06-16 08:52:48, Best in epoch 14, TOP 40: REC_T=0.19616, NDCG_T=0.13232
2026-06-16 08:52:48, Best in epoch 14, TOP 80: REC_V=0.25787, NDCG_V=0.11471
2026-06-16 08:52:48, Best in epoch 14, TOP 80: REC_T=0.25814, NDCG_T=0.15082
[Module1 Ablation] experiment=M1C_pre_k1 strategy=pretrain_sim k=1 epoch=16/30
[Module1 Ablation] experiment=M1C_pre_k1 strategy=pretrain_sim k=1 epoch=17/30
[Module1 Ablation] experiment=M1C_pre_k1 strategy=pretrain_sim k=1 epoch=18/30
[Module1 Ablation] experiment=M1C_pre_k1 strategy=pretrain_sim k=1 epoch=19/30
[Module1 Ablation] experiment=M1C_pre_k1 strategy=pretrain_sim k=1 epoch=20/30
2026-06-16 08:57:21, Top_10, Val:  recall: 0.093949, ndcg: 0.068131
2026-06-16 08:57:21, Top_10, Test: recall: 0.094726, ndcg: 0.091671
--------------------
2026-06-16 08:57:21, Top_20, Val:  recall: 0.138466, ndcg: 0.082785
2026-06-16 08:57:21, Top_20, Test: recall: 0.139178, ndcg: 0.109763
--------------------
2026-06-16 08:57:21, Top_40, Val:  recall: 0.195791, ndcg: 0.098330
2026-06-16 08:57:21, Top_40, Test: recall: 0.195364, ndcg: 0.129549
--------------------
2026-06-16 08:57:21, Top_80, Val:  recall: 0.262180, ndcg: 0.113497
2026-06-16 08:57:21, Top_80, Test: recall: 0.261887, ndcg: 0.149407
--------------------
top20 as the final evaluation standard
[Module1 Ablation] experiment=M1C_pre_k1 strategy=pretrain_sim k=1 epoch=21/30
[Module1 Ablation] experiment=M1C_pre_k1 strategy=pretrain_sim k=1 epoch=22/30
[Module1 Ablation] experiment=M1C_pre_k1 strategy=pretrain_sim k=1 epoch=23/30
[Module1 Ablation] experiment=M1C_pre_k1 strategy=pretrain_sim k=1 epoch=24/30
[Module1 Ablation] experiment=M1C_pre_k1 strategy=pretrain_sim k=1 epoch=25/30
2026-06-16 09:01:54, Top_10, Val:  recall: 0.092696, ndcg: 0.067245
2026-06-16 09:01:54, Top_10, Test: recall: 0.093154, ndcg: 0.090052
--------------------
2026-06-16 09:01:54, Top_20, Val:  recall: 0.137409, ndcg: 0.081998
2026-06-16 09:01:54, Top_20, Test: recall: 0.137385, ndcg: 0.108003
--------------------
2026-06-16 09:01:54, Top_40, Val:  recall: 0.195197, ndcg: 0.097684
2026-06-16 09:01:54, Top_40, Test: recall: 0.194635, ndcg: 0.128154
--------------------
2026-06-16 09:01:54, Top_80, Val:  recall: 0.262940, ndcg: 0.113123
2026-06-16 09:01:54, Top_80, Test: recall: 0.262474, ndcg: 0.148412
--------------------
top20 as the final evaluation standard
[Module1 Ablation] experiment=M1C_pre_k1 strategy=pretrain_sim k=1 epoch=26/30
[Module1 Ablation] experiment=M1C_pre_k1 strategy=pretrain_sim k=1 epoch=27/30
[Module1 Ablation] experiment=M1C_pre_k1 strategy=pretrain_sim k=1 epoch=28/30
[Module1 Ablation] experiment=M1C_pre_k1 strategy=pretrain_sim k=1 epoch=29/30
[Module1 Ablation] experiment=M1C_pre_k1 strategy=pretrain_sim k=1 epoch=30/30
2026-06-16 09:06:26, Top_10, Val:  recall: 0.092590, ndcg: 0.067177
2026-06-16 09:06:26, Top_10, Test: recall: 0.093114, ndcg: 0.090141
--------------------
2026-06-16 09:06:26, Top_20, Val:  recall: 0.137336, ndcg: 0.081929
2026-06-16 09:06:26, Top_20, Test: recall: 0.137357, ndcg: 0.108129
--------------------
2026-06-16 09:06:26, Top_40, Val:  recall: 0.195210, ndcg: 0.097640
2026-06-16 09:06:26, Top_40, Test: recall: 0.195032, ndcg: 0.128434
--------------------
2026-06-16 09:06:26, Top_80, Val:  recall: 0.263612, ndcg: 0.113236
2026-06-16 09:06:26, Top_80, Test: recall: 0.263235, ndcg: 0.148798
--------------------
top20 as the final evaluation standard
