load config file done!
Global random seed set to: 2026
>>>>>>>>>>B-I statistics>>>>>>>>>>
Average interactions 3.86061954498291
Non-zero rows 1.0
Non-zero columns 1.0
Matrix density 9.070365408454437e-05
>>>>>>>>>>U-I statistics>>>>>>>>>>
Average interactions 42.50041580200195
Non-zero rows 0.9989980889474368
Non-zero columns 0.9486643328712732
Matrix density 0.0009985296492948938
>>>>>>>>>>U-B statistics in train>>>>>>>>>>
Average interactions 22.5184326171875
Non-zero rows 1.0
Non-zero columns 1.0
Matrix density 0.0008131159568128954
>>>>>>>>>>U-B statistics in tune>>>>>>>>>>
Average interactions 2.764662265777588
Non-zero rows 1.0
Non-zero columns 0.8580558965840976
Matrix density 9.98289241748367e-05
>>>>>>>>>>U-B statistics in test>>>>>>>>>>
Average interactions 5.882052898406982
Non-zero rows 1.0
Non-zero columns 0.9736043908427818
Matrix density 0.00021239448271911793
{'data_path': './datasets', 'train_style': 'dwt', 'batch_size_train': 2048, 'batch_size_test': 2048, 'topk': [10, 20, 40, 80], 'neg_num': 1, 'seed': 2026, 'aug_type': 'Noise', 'ed_interval': 1, 'embedding_sizes': [64], 'num_layerss': [2], 'UB_ratios': [0.05], 'UI_ratios': [0.0], 'BI_ratios': [0.2], 'fusion_weights': {'modal_weight': [0.0, 0.5, 0.5], 'UB_layer': [0.5, 0.5, 0.0], 'UI_layer': [0.3, 0.4, 0.3], 'BI_layer': [0.5, 0.5, 0.0]}, 'lrs': [0.001], 'l2_regs': [1e-05], 'c_lambdas': [0.1], 'c_temps': [0.2], 'epochs': 30, 'test_interval': 5, 'dwt': {'rebuild_strategy': 'pretrain_sim', 'use_latent_diffusion_rebuild': True, 'rebuild_k': 3, 'latent_diffusion_user_embedding_path': './datasets/iFashion_UB_emb/iFashion_UB-user-04261842.pt', 'latent_diffusion_bundle_embedding_path': './datasets/iFashion_UB_emb/iFashion_UB-bundle-04261842.pt', 'latent_diffusion_hidden_dim': 128, 'latent_diffusion_time_dim': 16, 'latent_diffusion_denoiser_layers': 2, 'latent_diffusion_dropout': 0.1, 'latent_diffusion_num_steps': 12, 'latent_diffusion_beta_start': 0.0001, 'latent_diffusion_beta_end': 0.02, 'latent_diffusion_set_loss_weight': 0.05, 'latent_diffusion_lr': 0.001, 'latent_diffusion_weight_decay': 1e-05, 'latent_diffusion_batch_size': 1024, 'latent_diffusion_infer_batch_size': 256, 'latent_diffusion_reset_after_epoch': -1, 'latent_diffusion_reset_optimizer': False, 'gamma_1': 0.3, 'gamma_2': 0.2, 'tau': 0.08, 'lambda_1': 0.3, 'lambda_2': 1e-06}, 'anchor_cl': {'enabled': False, 'anchor_cl_lambda': 0.07, 'temp': 0.2, 'user_cl': True, 'bundle_cl': True, 'ub_ui_user_weight': 1.0, 'ub_bi_user_weight': 1.0, 'ub_ui_bundle_weight': 1.0, 'ub_bi_bundle_weight': 1.0}, 'ui_bundle_user_agg_beta': 0, 'bi_user_bundle_agg_beta': 0, 'dataset': 'iFashion', 'model': 'AnchorViewBundleNet', 'gpu': '0', 'info': 'M1C_pre_k3', 'num_users': 53897, 'num_bundles': 27694, 'num_items': 42563, 'device': device(type='cuda', index=0)}
train_style: dwt
==================== DWT Module1 experiment: dataset=iFashion strategy=pretrain_sim k=3 info=M1C_pre_k3 ====================
[Module1 Ablation] diffusion_rebuilder=disabled; ub_rebuild_schedule=pretrained user-bundle similarity Top-K, built once
>>>>>>>>>>U-B statistics from pretrain similarity Top-K rebuild>>>>>>>>>>
Average interactions 3.0
Non-zero rows 1.0
Non-zero columns 0.9894923088033509
Matrix density 0.00010832671336751643
[ub_rebuild/pretrain_sim] epoch=1 dataset=iFashion rebuilt_edges=161691 avg_user_edges=3.000000 user_coverage=1.000000 bundle_coverage=0.989492 density=0.0001083267
[Module1 Ablation] experiment=M1C_pre_k3 strategy=pretrain_sim k=3 epoch=1/30
[Module1 Ablation] experiment=M1C_pre_k3 strategy=pretrain_sim k=3 epoch=2/30
[Module1 Ablation] experiment=M1C_pre_k3 strategy=pretrain_sim k=3 epoch=3/30
[Module1 Ablation] experiment=M1C_pre_k3 strategy=pretrain_sim k=3 epoch=4/30
[Module1 Ablation] experiment=M1C_pre_k3 strategy=pretrain_sim k=3 epoch=5/30
2026-06-16 09:11:32, Top_10, Val:  recall: 0.085706, ndcg: 0.067512
2026-06-16 09:11:32, Top_10, Test: recall: 0.086774, ndcg: 0.090437
--------------------
2026-06-16 09:11:32, Top_20, Val:  recall: 0.115639, ndcg: 0.077405
2026-06-16 09:11:32, Top_20, Test: recall: 0.116857, ndcg: 0.102489
--------------------
2026-06-16 09:11:32, Top_40, Val:  recall: 0.151914, ndcg: 0.087217
2026-06-16 09:11:32, Top_40, Test: recall: 0.153023, ndcg: 0.115197
--------------------
2026-06-16 09:11:32, Top_80, Val:  recall: 0.195358, ndcg: 0.097110
2026-06-16 09:11:32, Top_80, Test: recall: 0.196514, ndcg: 0.128178
--------------------
top20 as the final evaluation standard
褰撳墠缃戞牸鍙傛暟: 0.00 + 0.00
2026-06-16 09:11:32, Best in epoch 4, TOP 10: REC_V=0.08571, NDCG_V=0.06751
2026-06-16 09:11:32, Best in epoch 4, TOP 10: REC_T=0.08677, NDCG_T=0.09044
2026-06-16 09:11:32, Best in epoch 4, TOP 20: REC_V=0.11564, NDCG_V=0.07741
2026-06-16 09:11:32, Best in epoch 4, TOP 20: REC_T=0.11686, NDCG_T=0.10249
2026-06-16 09:11:32, Best in epoch 4, TOP 40: REC_V=0.15191, NDCG_V=0.08722
2026-06-16 09:11:32, Best in epoch 4, TOP 40: REC_T=0.15302, NDCG_T=0.11520
2026-06-16 09:11:32, Best in epoch 4, TOP 80: REC_V=0.19536, NDCG_V=0.09711
2026-06-16 09:11:32, Best in epoch 4, TOP 80: REC_T=0.19651, NDCG_T=0.12818
[Module1 Ablation] experiment=M1C_pre_k3 strategy=pretrain_sim k=3 epoch=6/30
[Module1 Ablation] experiment=M1C_pre_k3 strategy=pretrain_sim k=3 epoch=7/30
[Module1 Ablation] experiment=M1C_pre_k3 strategy=pretrain_sim k=3 epoch=8/30
[Module1 Ablation] experiment=M1C_pre_k3 strategy=pretrain_sim k=3 epoch=9/30
[Module1 Ablation] experiment=M1C_pre_k3 strategy=pretrain_sim k=3 epoch=10/30
2026-06-16 09:16:06, Top_10, Val:  recall: 0.104177, ndcg: 0.079734
2026-06-16 09:16:06, Top_10, Test: recall: 0.105546, ndcg: 0.107036
--------------------
2026-06-16 09:16:06, Top_20, Val:  recall: 0.141822, ndcg: 0.092202
2026-06-16 09:16:06, Top_20, Test: recall: 0.143645, ndcg: 0.122340
--------------------
2026-06-16 09:16:06, Top_40, Val:  recall: 0.186222, ndcg: 0.104258
2026-06-16 09:16:06, Top_40, Test: recall: 0.188737, ndcg: 0.138247
--------------------
2026-06-16 09:16:06, Top_80, Val:  recall: 0.238660, ndcg: 0.116221
2026-06-16 09:16:06, Top_80, Test: recall: 0.241422, ndcg: 0.153985
--------------------
top20 as the final evaluation standard
褰撳墠缃戞牸鍙傛暟: 0.00 + 0.00
2026-06-16 09:16:06, Best in epoch 9, TOP 10: REC_V=0.10418, NDCG_V=0.07973
2026-06-16 09:16:06, Best in epoch 9, TOP 10: REC_T=0.10555, NDCG_T=0.10704
2026-06-16 09:16:06, Best in epoch 9, TOP 20: REC_V=0.14182, NDCG_V=0.09220
2026-06-16 09:16:06, Best in epoch 9, TOP 20: REC_T=0.14365, NDCG_T=0.12234
2026-06-16 09:16:06, Best in epoch 9, TOP 40: REC_V=0.18622, NDCG_V=0.10426
2026-06-16 09:16:06, Best in epoch 9, TOP 40: REC_T=0.18874, NDCG_T=0.13825
2026-06-16 09:16:06, Best in epoch 9, TOP 80: REC_V=0.23866, NDCG_V=0.11622
2026-06-16 09:16:06, Best in epoch 9, TOP 80: REC_T=0.24142, NDCG_T=0.15398
[Module1 Ablation] experiment=M1C_pre_k3 strategy=pretrain_sim k=3 epoch=11/30
[Module1 Ablation] experiment=M1C_pre_k3 strategy=pretrain_sim k=3 epoch=12/30
[Module1 Ablation] experiment=M1C_pre_k3 strategy=pretrain_sim k=3 epoch=13/30
[Module1 Ablation] experiment=M1C_pre_k3 strategy=pretrain_sim k=3 epoch=14/30
[Module1 Ablation] experiment=M1C_pre_k3 strategy=pretrain_sim k=3 epoch=15/30
2026-06-16 09:20:39, Top_10, Val:  recall: 0.101825, ndcg: 0.074729
2026-06-16 09:20:39, Top_10, Test: recall: 0.102972, ndcg: 0.100433
--------------------
2026-06-16 09:20:39, Top_20, Val:  recall: 0.146120, ndcg: 0.089390
2026-06-16 09:20:39, Top_20, Test: recall: 0.146617, ndcg: 0.118123
--------------------
2026-06-16 09:20:39, Top_40, Val:  recall: 0.198331, ndcg: 0.103566
2026-06-16 09:20:39, Top_40, Test: recall: 0.199134, ndcg: 0.136606
--------------------
2026-06-16 09:20:39, Top_80, Val:  recall: 0.257551, ndcg: 0.117101
2026-06-16 09:20:39, Top_80, Test: recall: 0.258862, ndcg: 0.154477
--------------------
top20 as the final evaluation standard
褰撳墠缃戞牸鍙傛暟: 0.00 + 0.00
2026-06-16 09:20:40, Best in epoch 14, TOP 10: REC_V=0.10183, NDCG_V=0.07473
2026-06-16 09:20:40, Best in epoch 14, TOP 10: REC_T=0.10297, NDCG_T=0.10043
2026-06-16 09:20:40, Best in epoch 14, TOP 20: REC_V=0.14612, NDCG_V=0.08939
2026-06-16 09:20:40, Best in epoch 14, TOP 20: REC_T=0.14662, NDCG_T=0.11812
2026-06-16 09:20:40, Best in epoch 14, TOP 40: REC_V=0.19833, NDCG_V=0.10357
2026-06-16 09:20:40, Best in epoch 14, TOP 40: REC_T=0.19913, NDCG_T=0.13661
2026-06-16 09:20:40, Best in epoch 14, TOP 80: REC_V=0.25755, NDCG_V=0.11710
2026-06-16 09:20:40, Best in epoch 14, TOP 80: REC_T=0.25886, NDCG_T=0.15448
[Module1 Ablation] experiment=M1C_pre_k3 strategy=pretrain_sim k=3 epoch=16/30
[Module1 Ablation] experiment=M1C_pre_k3 strategy=pretrain_sim k=3 epoch=17/30
[Module1 Ablation] experiment=M1C_pre_k3 strategy=pretrain_sim k=3 epoch=18/30
[Module1 Ablation] experiment=M1C_pre_k3 strategy=pretrain_sim k=3 epoch=19/30
[Module1 Ablation] experiment=M1C_pre_k3 strategy=pretrain_sim k=3 epoch=20/30
2026-06-16 09:25:12, Top_10, Val:  recall: 0.098659, ndcg: 0.071120
2026-06-16 09:25:12, Top_10, Test: recall: 0.098506, ndcg: 0.094960
--------------------
2026-06-16 09:25:12, Top_20, Val:  recall: 0.142396, ndcg: 0.085595
2026-06-16 09:25:12, Top_20, Test: recall: 0.143740, ndcg: 0.113397
--------------------
2026-06-16 09:25:12, Top_40, Val:  recall: 0.199025, ndcg: 0.100952
2026-06-16 09:25:12, Top_40, Test: recall: 0.199716, ndcg: 0.133124
--------------------
2026-06-16 09:25:12, Top_80, Val:  recall: 0.261990, ndcg: 0.115355
2026-06-16 09:25:12, Top_80, Test: recall: 0.262677, ndcg: 0.151927
--------------------
top20 as the final evaluation standard
[Module1 Ablation] experiment=M1C_pre_k3 strategy=pretrain_sim k=3 epoch=21/30
[Module1 Ablation] experiment=M1C_pre_k3 strategy=pretrain_sim k=3 epoch=22/30
[Module1 Ablation] experiment=M1C_pre_k3 strategy=pretrain_sim k=3 epoch=23/30
[Module1 Ablation] experiment=M1C_pre_k3 strategy=pretrain_sim k=3 epoch=24/30
[Module1 Ablation] experiment=M1C_pre_k3 strategy=pretrain_sim k=3 epoch=25/30
2026-06-16 09:29:55, Top_10, Val:  recall: 0.096252, ndcg: 0.069092
2026-06-16 09:29:55, Top_10, Test: recall: 0.095926, ndcg: 0.092420
--------------------
2026-06-16 09:29:55, Top_20, Val:  recall: 0.140563, ndcg: 0.083754
2026-06-16 09:29:55, Top_20, Test: recall: 0.141582, ndcg: 0.111043
--------------------
2026-06-16 09:29:55, Top_40, Val:  recall: 0.197931, ndcg: 0.099315
2026-06-16 09:29:55, Top_40, Test: recall: 0.198787, ndcg: 0.131207
--------------------
2026-06-16 09:29:55, Top_80, Val:  recall: 0.263713, ndcg: 0.114335
2026-06-16 09:29:55, Top_80, Test: recall: 0.263738, ndcg: 0.150619
--------------------
top20 as the final evaluation standard
[Module1 Ablation] experiment=M1C_pre_k3 strategy=pretrain_sim k=3 epoch=26/30
[Module1 Ablation] experiment=M1C_pre_k3 strategy=pretrain_sim k=3 epoch=27/30
[Module1 Ablation] experiment=M1C_pre_k3 strategy=pretrain_sim k=3 epoch=28/30
[Module1 Ablation] experiment=M1C_pre_k3 strategy=pretrain_sim k=3 epoch=29/30
[Module1 Ablation] experiment=M1C_pre_k3 strategy=pretrain_sim k=3 epoch=30/30
2026-06-16 09:34:32, Top_10, Val:  recall: 0.096173, ndcg: 0.068817
2026-06-16 09:34:32, Top_10, Test: recall: 0.095739, ndcg: 0.091998
--------------------
2026-06-16 09:34:32, Top_20, Val:  recall: 0.140962, ndcg: 0.083654
2026-06-16 09:34:32, Top_20, Test: recall: 0.141143, ndcg: 0.110507
--------------------
2026-06-16 09:34:32, Top_40, Val:  recall: 0.197627, ndcg: 0.099033
2026-06-16 09:34:32, Top_40, Test: recall: 0.197999, ndcg: 0.130556
--------------------
2026-06-16 09:34:32, Top_80, Val:  recall: 0.264357, ndcg: 0.114250
2026-06-16 09:34:32, Top_80, Test: recall: 0.264319, ndcg: 0.150374
--------------------
top20 as the final evaluation standard
