load config file done!
Global random seed set to: 2026
>>>>>>>>>>B-I statistics>>>>>>>>>>
Average interactions 3.86061954498291
Non-zero rows 1.0
Non-zero columns 1.0
Matrix density 9.070365408454437e-05
>>>>>>>>>>U-I statistics>>>>>>>>>>
Average interactions 42.50041580200195
Non-zero rows 0.9989980889474368
Non-zero columns 0.9486643328712732
Matrix density 0.0009985296492948938
>>>>>>>>>>U-B statistics in train>>>>>>>>>>
Average interactions 22.5184326171875
Non-zero rows 1.0
Non-zero columns 1.0
Matrix density 0.0008131159568128954
>>>>>>>>>>U-B statistics in tune>>>>>>>>>>
Average interactions 2.764662265777588
Non-zero rows 1.0
Non-zero columns 0.8580558965840976
Matrix density 9.98289241748367e-05
>>>>>>>>>>U-B statistics in test>>>>>>>>>>
Average interactions 5.882052898406982
Non-zero rows 1.0
Non-zero columns 0.9736043908427818
Matrix density 0.00021239448271911793
{'data_path': './datasets', 'train_style': 'dwt', 'batch_size_train': 2048, 'batch_size_test': 2048, 'topk': [10, 20, 40, 80], 'neg_num': 1, 'seed': 2026, 'aug_type': 'Noise', 'ed_interval': 1, 'embedding_sizes': [64], 'num_layerss': [2], 'UB_ratios': [0.05], 'UI_ratios': [0.0], 'BI_ratios': [0.2], 'fusion_weights': {'modal_weight': [0.0, 0.5, 0.5], 'UB_layer': [0.5, 0.5, 0.0], 'UI_layer': [0.3, 0.4, 0.3], 'BI_layer': [0.5, 0.5, 0.0]}, 'lrs': [0.001], 'l2_regs': [1e-05], 'c_lambdas': [0.1], 'c_temps': [0.2], 'epochs': 30, 'test_interval': 5, 'dwt': {'rebuild_strategy': 'popularity', 'use_latent_diffusion_rebuild': True, 'rebuild_k': 9, 'latent_diffusion_user_embedding_path': './datasets/iFashion_UB_emb/iFashion_UB-user-04261842.pt', 'latent_diffusion_bundle_embedding_path': './datasets/iFashion_UB_emb/iFashion_UB-bundle-04261842.pt', 'latent_diffusion_hidden_dim': 128, 'latent_diffusion_time_dim': 16, 'latent_diffusion_denoiser_layers': 2, 'latent_diffusion_dropout': 0.1, 'latent_diffusion_num_steps': 12, 'latent_diffusion_beta_start': 0.0001, 'latent_diffusion_beta_end': 0.02, 'latent_diffusion_set_loss_weight': 0.05, 'latent_diffusion_lr': 0.001, 'latent_diffusion_weight_decay': 1e-05, 'latent_diffusion_batch_size': 1024, 'latent_diffusion_infer_batch_size': 256, 'latent_diffusion_reset_after_epoch': -1, 'latent_diffusion_reset_optimizer': False, 'gamma_1': 0.3, 'gamma_2': 0.2, 'tau': 0.08, 'lambda_1': 0.3, 'lambda_2': 1e-06}, 'anchor_cl': {'enabled': False, 'anchor_cl_lambda': 0.07, 'temp': 0.2, 'user_cl': True, 'bundle_cl': True, 'ub_ui_user_weight': 1.0, 'ub_bi_user_weight': 1.0, 'ub_ui_bundle_weight': 1.0, 'ub_bi_bundle_weight': 1.0}, 'ui_bundle_user_agg_beta': 0, 'bi_user_bundle_agg_beta': 0, 'dataset': 'iFashion', 'model': 'AnchorViewBundleNet', 'gpu': '0', 'info': 'M1D_pop_k9', 'num_users': 53897, 'num_bundles': 27694, 'num_items': 42563, 'device': device(type='cuda', index=0)}
train_style: dwt
==================== DWT Module1 experiment: dataset=iFashion strategy=popularity k=9 info=M1D_pop_k9 ====================
[Module1 Ablation] diffusion_rebuilder=disabled; ub_rebuild_schedule=train UB popularity Top-K, built once
>>>>>>>>>>U-B statistics from popularity Top-K rebuild>>>>>>>>>>
Average interactions 9.0
Non-zero rows 1.0
Non-zero columns 0.3829710406586264
Matrix density 0.0003249801401025493
[ub_rebuild/popularity] epoch=1 dataset=iFashion rebuilt_edges=485073 avg_user_edges=9.000000 user_coverage=1.000000 bundle_coverage=0.382971 density=0.0003249801
[Module1 Ablation] experiment=M1D_pop_k9 strategy=popularity k=9 epoch=1/30
[Module1 Ablation] experiment=M1D_pop_k9 strategy=popularity k=9 epoch=2/30
[Module1 Ablation] experiment=M1D_pop_k9 strategy=popularity k=9 epoch=3/30
[Module1 Ablation] experiment=M1D_pop_k9 strategy=popularity k=9 epoch=4/30
[Module1 Ablation] experiment=M1D_pop_k9 strategy=popularity k=9 epoch=5/30
2026-06-16 12:57:42, Top_10, Val:  recall: 0.096383, ndcg: 0.076059
2026-06-16 12:57:42, Top_10, Test: recall: 0.096121, ndcg: 0.101102
--------------------
2026-06-16 12:57:42, Top_20, Val:  recall: 0.127499, ndcg: 0.086332
2026-06-16 12:57:42, Top_20, Test: recall: 0.128060, ndcg: 0.113786
--------------------
2026-06-16 12:57:42, Top_40, Val:  recall: 0.164746, ndcg: 0.096406
2026-06-16 12:57:42, Top_40, Test: recall: 0.164957, ndcg: 0.126763
--------------------
2026-06-16 12:57:42, Top_80, Val:  recall: 0.207688, ndcg: 0.106146
2026-06-16 12:57:42, Top_80, Test: recall: 0.207854, ndcg: 0.139553
--------------------
top20 as the final evaluation standard
褰撳墠缃戞牸鍙傛暟: 0.00 + 0.00
2026-06-16 12:57:42, Best in epoch 4, TOP 10: REC_V=0.09638, NDCG_V=0.07606
2026-06-16 12:57:42, Best in epoch 4, TOP 10: REC_T=0.09612, NDCG_T=0.10110
2026-06-16 12:57:42, Best in epoch 4, TOP 20: REC_V=0.12750, NDCG_V=0.08633
2026-06-16 12:57:42, Best in epoch 4, TOP 20: REC_T=0.12806, NDCG_T=0.11379
2026-06-16 12:57:42, Best in epoch 4, TOP 40: REC_V=0.16475, NDCG_V=0.09641
2026-06-16 12:57:42, Best in epoch 4, TOP 40: REC_T=0.16496, NDCG_T=0.12676
2026-06-16 12:57:42, Best in epoch 4, TOP 80: REC_V=0.20769, NDCG_V=0.10615
2026-06-16 12:57:42, Best in epoch 4, TOP 80: REC_T=0.20785, NDCG_T=0.13955
[Module1 Ablation] experiment=M1D_pop_k9 strategy=popularity k=9 epoch=6/30
[Module1 Ablation] experiment=M1D_pop_k9 strategy=popularity k=9 epoch=7/30
[Module1 Ablation] experiment=M1D_pop_k9 strategy=popularity k=9 epoch=8/30
[Module1 Ablation] experiment=M1D_pop_k9 strategy=popularity k=9 epoch=9/30
[Module1 Ablation] experiment=M1D_pop_k9 strategy=popularity k=9 epoch=10/30
2026-06-16 13:02:28, Top_10, Val:  recall: 0.109975, ndcg: 0.084456
2026-06-16 13:02:28, Top_10, Test: recall: 0.109805, ndcg: 0.112521
--------------------
2026-06-16 13:02:28, Top_20, Val:  recall: 0.149160, ndcg: 0.097397
2026-06-16 13:02:28, Top_20, Test: recall: 0.148459, ndcg: 0.127977
--------------------
2026-06-16 13:02:28, Top_40, Val:  recall: 0.194604, ndcg: 0.109733
2026-06-16 13:02:28, Top_40, Test: recall: 0.193919, ndcg: 0.143967
--------------------
2026-06-16 13:02:28, Top_80, Val:  recall: 0.244544, ndcg: 0.121133
2026-06-16 13:02:28, Top_80, Test: recall: 0.245913, ndcg: 0.159493
--------------------
top20 as the final evaluation standard
褰撳墠缃戞牸鍙傛暟: 0.00 + 0.00
2026-06-16 13:02:28, Best in epoch 9, TOP 10: REC_V=0.10997, NDCG_V=0.08446
2026-06-16 13:02:28, Best in epoch 9, TOP 10: REC_T=0.10981, NDCG_T=0.11252
2026-06-16 13:02:28, Best in epoch 9, TOP 20: REC_V=0.14916, NDCG_V=0.09740
2026-06-16 13:02:28, Best in epoch 9, TOP 20: REC_T=0.14846, NDCG_T=0.12798
2026-06-16 13:02:28, Best in epoch 9, TOP 40: REC_V=0.19460, NDCG_V=0.10973
2026-06-16 13:02:28, Best in epoch 9, TOP 40: REC_T=0.19392, NDCG_T=0.14397
2026-06-16 13:02:28, Best in epoch 9, TOP 80: REC_V=0.24454, NDCG_V=0.12113
2026-06-16 13:02:28, Best in epoch 9, TOP 80: REC_T=0.24591, NDCG_T=0.15949
[Module1 Ablation] experiment=M1D_pop_k9 strategy=popularity k=9 epoch=11/30
[Module1 Ablation] experiment=M1D_pop_k9 strategy=popularity k=9 epoch=12/30
[Module1 Ablation] experiment=M1D_pop_k9 strategy=popularity k=9 epoch=13/30
[Module1 Ablation] experiment=M1D_pop_k9 strategy=popularity k=9 epoch=14/30
[Module1 Ablation] experiment=M1D_pop_k9 strategy=popularity k=9 epoch=15/30
2026-06-16 13:07:18, Top_10, Val:  recall: 0.112036, ndcg: 0.084860
2026-06-16 13:07:18, Top_10, Test: recall: 0.112970, ndcg: 0.114011
--------------------
2026-06-16 13:07:18, Top_20, Val:  recall: 0.154229, ndcg: 0.098841
2026-06-16 13:07:18, Top_20, Test: recall: 0.154490, ndcg: 0.130695
--------------------
2026-06-16 13:07:18, Top_40, Val:  recall: 0.203161, ndcg: 0.112112
2026-06-16 13:07:18, Top_40, Test: recall: 0.202878, ndcg: 0.147721
--------------------
2026-06-16 13:07:18, Top_80, Val:  recall: 0.258201, ndcg: 0.124696
2026-06-16 13:07:18, Top_80, Test: recall: 0.258898, ndcg: 0.164437
--------------------
top20 as the final evaluation standard
褰撳墠缃戞牸鍙傛暟: 0.00 + 0.00
2026-06-16 13:07:18, Best in epoch 14, TOP 10: REC_V=0.11204, NDCG_V=0.08486
2026-06-16 13:07:18, Best in epoch 14, TOP 10: REC_T=0.11297, NDCG_T=0.11401
2026-06-16 13:07:18, Best in epoch 14, TOP 20: REC_V=0.15423, NDCG_V=0.09884
2026-06-16 13:07:18, Best in epoch 14, TOP 20: REC_T=0.15449, NDCG_T=0.13070
2026-06-16 13:07:18, Best in epoch 14, TOP 40: REC_V=0.20316, NDCG_V=0.11211
2026-06-16 13:07:18, Best in epoch 14, TOP 40: REC_T=0.20288, NDCG_T=0.14772
2026-06-16 13:07:18, Best in epoch 14, TOP 80: REC_V=0.25820, NDCG_V=0.12470
2026-06-16 13:07:18, Best in epoch 14, TOP 80: REC_T=0.25890, NDCG_T=0.16444
[Module1 Ablation] experiment=M1D_pop_k9 strategy=popularity k=9 epoch=16/30
[Module1 Ablation] experiment=M1D_pop_k9 strategy=popularity k=9 epoch=17/30
[Module1 Ablation] experiment=M1D_pop_k9 strategy=popularity k=9 epoch=18/30
[Module1 Ablation] experiment=M1D_pop_k9 strategy=popularity k=9 epoch=19/30
[Module1 Ablation] experiment=M1D_pop_k9 strategy=popularity k=9 epoch=20/30
2026-06-16 13:12:08, Top_10, Val:  recall: 0.112461, ndcg: 0.084624
2026-06-16 13:12:08, Top_10, Test: recall: 0.113137, ndcg: 0.113596
--------------------
2026-06-16 13:12:08, Top_20, Val:  recall: 0.155792, ndcg: 0.098955
2026-06-16 13:12:08, Top_20, Test: recall: 0.156277, ndcg: 0.130928
--------------------
2026-06-16 13:12:08, Top_40, Val:  recall: 0.206313, ndcg: 0.112701
2026-06-16 13:12:08, Top_40, Test: recall: 0.206367, ndcg: 0.148587
--------------------
2026-06-16 13:12:08, Top_80, Val:  recall: 0.263217, ndcg: 0.125656
2026-06-16 13:12:08, Top_80, Test: recall: 0.263057, ndcg: 0.165507
--------------------
top20 as the final evaluation standard
褰撳墠缃戞牸鍙傛暟: 0.00 + 0.00
2026-06-16 13:12:08, Best in epoch 19, TOP 10: REC_V=0.11246, NDCG_V=0.08462
2026-06-16 13:12:08, Best in epoch 19, TOP 10: REC_T=0.11314, NDCG_T=0.11360
2026-06-16 13:12:08, Best in epoch 19, TOP 20: REC_V=0.15579, NDCG_V=0.09895
2026-06-16 13:12:08, Best in epoch 19, TOP 20: REC_T=0.15628, NDCG_T=0.13093
2026-06-16 13:12:08, Best in epoch 19, TOP 40: REC_V=0.20631, NDCG_V=0.11270
2026-06-16 13:12:08, Best in epoch 19, TOP 40: REC_T=0.20637, NDCG_T=0.14859
2026-06-16 13:12:08, Best in epoch 19, TOP 80: REC_V=0.26322, NDCG_V=0.12566
2026-06-16 13:12:08, Best in epoch 19, TOP 80: REC_T=0.26306, NDCG_T=0.16551
[Module1 Ablation] experiment=M1D_pop_k9 strategy=popularity k=9 epoch=21/30
[Module1 Ablation] experiment=M1D_pop_k9 strategy=popularity k=9 epoch=22/30
[Module1 Ablation] experiment=M1D_pop_k9 strategy=popularity k=9 epoch=23/30
[Module1 Ablation] experiment=M1D_pop_k9 strategy=popularity k=9 epoch=24/30
[Module1 Ablation] experiment=M1D_pop_k9 strategy=popularity k=9 epoch=25/30
2026-06-16 13:16:57, Top_10, Val:  recall: 0.111677, ndcg: 0.084031
2026-06-16 13:16:57, Top_10, Test: recall: 0.113317, ndcg: 0.113635
--------------------
2026-06-16 13:16:57, Top_20, Val:  recall: 0.155858, ndcg: 0.098652
2026-06-16 13:16:57, Top_20, Test: recall: 0.156218, ndcg: 0.130851
--------------------
2026-06-16 13:16:57, Top_40, Val:  recall: 0.206958, ndcg: 0.112514
2026-06-16 13:16:57, Top_40, Test: recall: 0.207213, ndcg: 0.148789
--------------------
2026-06-16 13:16:57, Top_80, Val:  recall: 0.265259, ndcg: 0.125825
2026-06-16 13:16:57, Top_80, Test: recall: 0.264693, ndcg: 0.165968
--------------------
top20 as the final evaluation standard
褰撳墠缃戞牸鍙傛暟: 0.00 + 0.00
2026-06-16 13:16:57, Best in epoch 24, TOP 10: REC_V=0.11168, NDCG_V=0.08403
2026-06-16 13:16:57, Best in epoch 24, TOP 10: REC_T=0.11332, NDCG_T=0.11363
2026-06-16 13:16:57, Best in epoch 24, TOP 20: REC_V=0.15586, NDCG_V=0.09865
2026-06-16 13:16:57, Best in epoch 24, TOP 20: REC_T=0.15622, NDCG_T=0.13085
2026-06-16 13:16:57, Best in epoch 24, TOP 40: REC_V=0.20696, NDCG_V=0.11251
2026-06-16 13:16:57, Best in epoch 24, TOP 40: REC_T=0.20721, NDCG_T=0.14879
2026-06-16 13:16:57, Best in epoch 24, TOP 80: REC_V=0.26526, NDCG_V=0.12582
2026-06-16 13:16:57, Best in epoch 24, TOP 80: REC_T=0.26469, NDCG_T=0.16597
[Module1 Ablation] experiment=M1D_pop_k9 strategy=popularity k=9 epoch=26/30
[Module1 Ablation] experiment=M1D_pop_k9 strategy=popularity k=9 epoch=27/30
[Module1 Ablation] experiment=M1D_pop_k9 strategy=popularity k=9 epoch=28/30
[Module1 Ablation] experiment=M1D_pop_k9 strategy=popularity k=9 epoch=29/30
[Module1 Ablation] experiment=M1D_pop_k9 strategy=popularity k=9 epoch=30/30
2026-06-16 13:21:48, Top_10, Val:  recall: 0.112631, ndcg: 0.084614
2026-06-16 13:21:48, Top_10, Test: recall: 0.113627, ndcg: 0.113851
--------------------
2026-06-16 13:21:48, Top_20, Val:  recall: 0.155763, ndcg: 0.098889
2026-06-16 13:21:48, Top_20, Test: recall: 0.156366, ndcg: 0.130987
--------------------
2026-06-16 13:21:48, Top_40, Val:  recall: 0.207242, ndcg: 0.112865
2026-06-16 13:21:48, Top_40, Test: recall: 0.207942, ndcg: 0.149147
--------------------
2026-06-16 13:21:48, Top_80, Val:  recall: 0.265515, ndcg: 0.126143
2026-06-16 13:21:48, Top_80, Test: recall: 0.265526, ndcg: 0.166344
--------------------
top20 as the final evaluation standard
褰撳墠缃戞牸鍙傛暟: 0.00 + 0.00
2026-06-16 13:21:48, Best in epoch 29, TOP 10: REC_V=0.11263, NDCG_V=0.08461
2026-06-16 13:21:48, Best in epoch 29, TOP 10: REC_T=0.11363, NDCG_T=0.11385
2026-06-16 13:21:48, Best in epoch 29, TOP 20: REC_V=0.15576, NDCG_V=0.09889
2026-06-16 13:21:48, Best in epoch 29, TOP 20: REC_T=0.15637, NDCG_T=0.13099
2026-06-16 13:21:48, Best in epoch 29, TOP 40: REC_V=0.20724, NDCG_V=0.11287
2026-06-16 13:21:48, Best in epoch 29, TOP 40: REC_T=0.20794, NDCG_T=0.14915
2026-06-16 13:21:48, Best in epoch 29, TOP 80: REC_V=0.26551, NDCG_V=0.12614
2026-06-16 13:21:48, Best in epoch 29, TOP 80: REC_T=0.26553, NDCG_T=0.16634
