load config file done!
Global random seed set to: 2026
>>>>>>>>>>B-I statistics>>>>>>>>>>
Average interactions 3.86061954498291
Non-zero rows 1.0
Non-zero columns 1.0
Matrix density 9.070365408454437e-05
>>>>>>>>>>U-I statistics>>>>>>>>>>
Average interactions 42.50041580200195
Non-zero rows 0.9989980889474368
Non-zero columns 0.9486643328712732
Matrix density 0.0009985296492948938
>>>>>>>>>>U-B statistics in train>>>>>>>>>>
Average interactions 22.5184326171875
Non-zero rows 1.0
Non-zero columns 1.0
Matrix density 0.0008131159568128954
>>>>>>>>>>U-B statistics in tune>>>>>>>>>>
Average interactions 2.764662265777588
Non-zero rows 1.0
Non-zero columns 0.8580558965840976
Matrix density 9.98289241748367e-05
>>>>>>>>>>U-B statistics in test>>>>>>>>>>
Average interactions 5.882052898406982
Non-zero rows 1.0
Non-zero columns 0.9736043908427818
Matrix density 0.00021239448271911793
{'data_path': './datasets', 'train_style': 'dwt', 'batch_size_train': 2048, 'batch_size_test': 2048, 'topk': [10, 20, 40, 80], 'neg_num': 1, 'seed': 2026, 'aug_type': 'Noise', 'ed_interval': 1, 'embedding_sizes': [64], 'num_layerss': [2], 'UB_ratios': [0.05], 'UI_ratios': [0.0], 'BI_ratios': [0.2], 'fusion_weights': {'modal_weight': [0.0, 0.5, 0.5], 'UB_layer': [0.5, 0.5, 0.0], 'UI_layer': [0.3, 0.4, 0.3], 'BI_layer': [0.5, 0.5, 0.0]}, 'lrs': [0.001], 'l2_regs': [1e-05], 'c_lambdas': [0.1], 'c_temps': [0.2], 'epochs': 30, 'test_interval': 5, 'dwt': {'rebuild_strategy': 'popularity', 'use_latent_diffusion_rebuild': True, 'rebuild_k': 1, 'latent_diffusion_user_embedding_path': './datasets/iFashion_UB_emb/iFashion_UB-user-04261842.pt', 'latent_diffusion_bundle_embedding_path': './datasets/iFashion_UB_emb/iFashion_UB-bundle-04261842.pt', 'latent_diffusion_hidden_dim': 128, 'latent_diffusion_time_dim': 16, 'latent_diffusion_denoiser_layers': 2, 'latent_diffusion_dropout': 0.1, 'latent_diffusion_num_steps': 12, 'latent_diffusion_beta_start': 0.0001, 'latent_diffusion_beta_end': 0.02, 'latent_diffusion_set_loss_weight': 0.05, 'latent_diffusion_lr': 0.001, 'latent_diffusion_weight_decay': 1e-05, 'latent_diffusion_batch_size': 1024, 'latent_diffusion_infer_batch_size': 256, 'latent_diffusion_reset_after_epoch': -1, 'latent_diffusion_reset_optimizer': False, 'gamma_1': 0.3, 'gamma_2': 0.2, 'tau': 0.08, 'lambda_1': 0.3, 'lambda_2': 1e-06}, 'anchor_cl': {'enabled': False, 'anchor_cl_lambda': 0.07, 'temp': 0.2, 'user_cl': True, 'bundle_cl': True, 'ub_ui_user_weight': 1.0, 'ub_bi_user_weight': 1.0, 'ub_ui_bundle_weight': 1.0, 'ub_bi_bundle_weight': 1.0}, 'ui_bundle_user_agg_beta': 0, 'bi_user_bundle_agg_beta': 0, 'dataset': 'iFashion', 'model': 'AnchorViewBundleNet', 'gpu': '0', 'info': 'M1D_pop_k1', 'num_users': 53897, 'num_bundles': 27694, 'num_items': 42563, 'device': device(type='cuda', index=0)}
train_style: dwt
==================== DWT Module1 experiment: dataset=iFashion strategy=popularity k=1 info=M1D_pop_k1 ====================
[Module1 Ablation] diffusion_rebuilder=disabled; ub_rebuild_schedule=train UB popularity Top-K, built once
>>>>>>>>>>U-B statistics from popularity Top-K rebuild>>>>>>>>>>
Average interactions 1.0
Non-zero rows 1.0
Non-zero columns 0.050841337473821045
Matrix density 3.610890445583881e-05
[ub_rebuild/popularity] epoch=1 dataset=iFashion rebuilt_edges=53897 avg_user_edges=1.000000 user_coverage=1.000000 bundle_coverage=0.050841 density=0.0000361089
[Module1 Ablation] experiment=M1D_pop_k1 strategy=popularity k=1 epoch=1/30
[Module1 Ablation] experiment=M1D_pop_k1 strategy=popularity k=1 epoch=2/30
[Module1 Ablation] experiment=M1D_pop_k1 strategy=popularity k=1 epoch=3/30
[Module1 Ablation] experiment=M1D_pop_k1 strategy=popularity k=1 epoch=4/30
[Module1 Ablation] experiment=M1D_pop_k1 strategy=popularity k=1 epoch=5/30
2026-06-16 11:06:41, Top_10, Val:  recall: 0.076865, ndcg: 0.062212
2026-06-16 11:06:41, Top_10, Test: recall: 0.078020, ndcg: 0.083391
--------------------
2026-06-16 11:06:41, Top_20, Val:  recall: 0.100888, ndcg: 0.070119
2026-06-16 11:06:41, Top_20, Test: recall: 0.101831, ndcg: 0.092791
--------------------
2026-06-16 11:06:41, Top_40, Val:  recall: 0.129804, ndcg: 0.077925
2026-06-16 11:06:41, Top_40, Test: recall: 0.130540, ndcg: 0.102843
--------------------
2026-06-16 11:06:41, Top_80, Val:  recall: 0.164773, ndcg: 0.085867
2026-06-16 11:06:41, Top_80, Test: recall: 0.165633, ndcg: 0.113260
--------------------
top20 as the final evaluation standard
褰撳墠缃戞牸鍙傛暟: 0.00 + 0.00
2026-06-16 11:06:41, Best in epoch 4, TOP 10: REC_V=0.07687, NDCG_V=0.06221
2026-06-16 11:06:41, Best in epoch 4, TOP 10: REC_T=0.07802, NDCG_T=0.08339
2026-06-16 11:06:41, Best in epoch 4, TOP 20: REC_V=0.10089, NDCG_V=0.07012
2026-06-16 11:06:41, Best in epoch 4, TOP 20: REC_T=0.10183, NDCG_T=0.09279
2026-06-16 11:06:41, Best in epoch 4, TOP 40: REC_V=0.12980, NDCG_V=0.07793
2026-06-16 11:06:41, Best in epoch 4, TOP 40: REC_T=0.13054, NDCG_T=0.10284
2026-06-16 11:06:41, Best in epoch 4, TOP 80: REC_V=0.16477, NDCG_V=0.08587
2026-06-16 11:06:41, Best in epoch 4, TOP 80: REC_T=0.16563, NDCG_T=0.11326
[Module1 Ablation] experiment=M1D_pop_k1 strategy=popularity k=1 epoch=6/30
[Module1 Ablation] experiment=M1D_pop_k1 strategy=popularity k=1 epoch=7/30
[Module1 Ablation] experiment=M1D_pop_k1 strategy=popularity k=1 epoch=8/30
[Module1 Ablation] experiment=M1D_pop_k1 strategy=popularity k=1 epoch=9/30
[Module1 Ablation] experiment=M1D_pop_k1 strategy=popularity k=1 epoch=10/30
2026-06-16 11:11:12, Top_10, Val:  recall: 0.104606, ndcg: 0.080409
2026-06-16 11:11:12, Top_10, Test: recall: 0.104864, ndcg: 0.107378
--------------------
2026-06-16 11:11:12, Top_20, Val:  recall: 0.140567, ndcg: 0.092298
2026-06-16 11:11:12, Top_20, Test: recall: 0.141353, ndcg: 0.121977
--------------------
2026-06-16 11:11:12, Top_40, Val:  recall: 0.183353, ndcg: 0.103933
2026-06-16 11:11:12, Top_40, Test: recall: 0.185027, ndcg: 0.137343
--------------------
2026-06-16 11:11:12, Top_80, Val:  recall: 0.233806, ndcg: 0.115407
2026-06-16 11:11:12, Top_80, Test: recall: 0.234984, ndcg: 0.152253
--------------------
top20 as the final evaluation standard
褰撳墠缃戞牸鍙傛暟: 0.00 + 0.00
2026-06-16 11:11:12, Best in epoch 9, TOP 10: REC_V=0.10461, NDCG_V=0.08041
2026-06-16 11:11:12, Best in epoch 9, TOP 10: REC_T=0.10486, NDCG_T=0.10738
2026-06-16 11:11:12, Best in epoch 9, TOP 20: REC_V=0.14057, NDCG_V=0.09230
2026-06-16 11:11:12, Best in epoch 9, TOP 20: REC_T=0.14135, NDCG_T=0.12198
2026-06-16 11:11:12, Best in epoch 9, TOP 40: REC_V=0.18335, NDCG_V=0.10393
2026-06-16 11:11:12, Best in epoch 9, TOP 40: REC_T=0.18503, NDCG_T=0.13734
2026-06-16 11:11:12, Best in epoch 9, TOP 80: REC_V=0.23381, NDCG_V=0.11541
2026-06-16 11:11:12, Best in epoch 9, TOP 80: REC_T=0.23498, NDCG_T=0.15225
[Module1 Ablation] experiment=M1D_pop_k1 strategy=popularity k=1 epoch=11/30
[Module1 Ablation] experiment=M1D_pop_k1 strategy=popularity k=1 epoch=12/30
[Module1 Ablation] experiment=M1D_pop_k1 strategy=popularity k=1 epoch=13/30
[Module1 Ablation] experiment=M1D_pop_k1 strategy=popularity k=1 epoch=14/30
[Module1 Ablation] experiment=M1D_pop_k1 strategy=popularity k=1 epoch=15/30
2026-06-16 11:15:41, Top_10, Val:  recall: 0.111751, ndcg: 0.084816
2026-06-16 11:15:41, Top_10, Test: recall: 0.111864, ndcg: 0.112874
--------------------
2026-06-16 11:15:41, Top_20, Val:  recall: 0.152125, ndcg: 0.098173
2026-06-16 11:15:41, Top_20, Test: recall: 0.153829, ndcg: 0.129788
--------------------
2026-06-16 11:15:41, Top_40, Val:  recall: 0.202750, ndcg: 0.111886
2026-06-16 11:15:41, Top_40, Test: recall: 0.203519, ndcg: 0.147298
--------------------
2026-06-16 11:15:41, Top_80, Val:  recall: 0.260960, ndcg: 0.125161
2026-06-16 11:15:41, Top_80, Test: recall: 0.260885, ndcg: 0.164441
--------------------
top20 as the final evaluation standard
褰撳墠缃戞牸鍙傛暟: 0.00 + 0.00
2026-06-16 11:15:41, Best in epoch 14, TOP 10: REC_V=0.11175, NDCG_V=0.08482
2026-06-16 11:15:41, Best in epoch 14, TOP 10: REC_T=0.11186, NDCG_T=0.11287
2026-06-16 11:15:41, Best in epoch 14, TOP 20: REC_V=0.15213, NDCG_V=0.09817
2026-06-16 11:15:41, Best in epoch 14, TOP 20: REC_T=0.15383, NDCG_T=0.12979
2026-06-16 11:15:41, Best in epoch 14, TOP 40: REC_V=0.20275, NDCG_V=0.11189
2026-06-16 11:15:41, Best in epoch 14, TOP 40: REC_T=0.20352, NDCG_T=0.14730
2026-06-16 11:15:41, Best in epoch 14, TOP 80: REC_V=0.26096, NDCG_V=0.12516
2026-06-16 11:15:41, Best in epoch 14, TOP 80: REC_T=0.26088, NDCG_T=0.16444
[Module1 Ablation] experiment=M1D_pop_k1 strategy=popularity k=1 epoch=16/30
[Module1 Ablation] experiment=M1D_pop_k1 strategy=popularity k=1 epoch=17/30
[Module1 Ablation] experiment=M1D_pop_k1 strategy=popularity k=1 epoch=18/30
[Module1 Ablation] experiment=M1D_pop_k1 strategy=popularity k=1 epoch=19/30
[Module1 Ablation] experiment=M1D_pop_k1 strategy=popularity k=1 epoch=20/30
2026-06-16 11:20:09, Top_10, Val:  recall: 0.112960, ndcg: 0.085858
2026-06-16 11:20:09, Top_10, Test: recall: 0.113677, ndcg: 0.114178
--------------------
2026-06-16 11:20:09, Top_20, Val:  recall: 0.156161, ndcg: 0.100138
2026-06-16 11:20:09, Top_20, Test: recall: 0.156378, ndcg: 0.131389
--------------------
2026-06-16 11:20:09, Top_40, Val:  recall: 0.207555, ndcg: 0.114085
2026-06-16 11:20:09, Top_40, Test: recall: 0.208060, ndcg: 0.149619
--------------------
2026-06-16 11:20:09, Top_80, Val:  recall: 0.268157, ndcg: 0.127916
2026-06-16 11:20:09, Top_80, Test: recall: 0.268436, ndcg: 0.167675
--------------------
top20 as the final evaluation standard
褰撳墠缃戞牸鍙傛暟: 0.00 + 0.00
2026-06-16 11:20:09, Best in epoch 19, TOP 10: REC_V=0.11296, NDCG_V=0.08586
2026-06-16 11:20:09, Best in epoch 19, TOP 10: REC_T=0.11368, NDCG_T=0.11418
2026-06-16 11:20:09, Best in epoch 19, TOP 20: REC_V=0.15616, NDCG_V=0.10014
2026-06-16 11:20:09, Best in epoch 19, TOP 20: REC_T=0.15638, NDCG_T=0.13139
2026-06-16 11:20:09, Best in epoch 19, TOP 40: REC_V=0.20756, NDCG_V=0.11408
2026-06-16 11:20:09, Best in epoch 19, TOP 40: REC_T=0.20806, NDCG_T=0.14962
2026-06-16 11:20:09, Best in epoch 19, TOP 80: REC_V=0.26816, NDCG_V=0.12792
2026-06-16 11:20:09, Best in epoch 19, TOP 80: REC_T=0.26844, NDCG_T=0.16768
[Module1 Ablation] experiment=M1D_pop_k1 strategy=popularity k=1 epoch=21/30
[Module1 Ablation] experiment=M1D_pop_k1 strategy=popularity k=1 epoch=22/30
[Module1 Ablation] experiment=M1D_pop_k1 strategy=popularity k=1 epoch=23/30
[Module1 Ablation] experiment=M1D_pop_k1 strategy=popularity k=1 epoch=24/30
[Module1 Ablation] experiment=M1D_pop_k1 strategy=popularity k=1 epoch=25/30
2026-06-16 11:24:42, Top_10, Val:  recall: 0.114005, ndcg: 0.086286
2026-06-16 11:24:42, Top_10, Test: recall: 0.114504, ndcg: 0.115443
--------------------
2026-06-16 11:24:42, Top_20, Val:  recall: 0.157199, ndcg: 0.100582
2026-06-16 11:24:42, Top_20, Test: recall: 0.157881, ndcg: 0.132896
--------------------
2026-06-16 11:24:42, Top_40, Val:  recall: 0.209528, ndcg: 0.114806
2026-06-16 11:24:42, Top_40, Test: recall: 0.209639, ndcg: 0.151126
--------------------
2026-06-16 11:24:42, Top_80, Val:  recall: 0.270103, ndcg: 0.128641
2026-06-16 11:24:42, Top_80, Test: recall: 0.270320, ndcg: 0.169262
--------------------
top20 as the final evaluation standard
褰撳墠缃戞牸鍙傛暟: 0.00 + 0.00
2026-06-16 11:24:42, Best in epoch 24, TOP 10: REC_V=0.11401, NDCG_V=0.08629
2026-06-16 11:24:42, Best in epoch 24, TOP 10: REC_T=0.11450, NDCG_T=0.11544
2026-06-16 11:24:42, Best in epoch 24, TOP 20: REC_V=0.15720, NDCG_V=0.10058
2026-06-16 11:24:42, Best in epoch 24, TOP 20: REC_T=0.15788, NDCG_T=0.13290
2026-06-16 11:24:42, Best in epoch 24, TOP 40: REC_V=0.20953, NDCG_V=0.11481
2026-06-16 11:24:42, Best in epoch 24, TOP 40: REC_T=0.20964, NDCG_T=0.15113
2026-06-16 11:24:42, Best in epoch 24, TOP 80: REC_V=0.27010, NDCG_V=0.12864
2026-06-16 11:24:42, Best in epoch 24, TOP 80: REC_T=0.27032, NDCG_T=0.16926
[Module1 Ablation] experiment=M1D_pop_k1 strategy=popularity k=1 epoch=26/30
[Module1 Ablation] experiment=M1D_pop_k1 strategy=popularity k=1 epoch=27/30
[Module1 Ablation] experiment=M1D_pop_k1 strategy=popularity k=1 epoch=28/30
[Module1 Ablation] experiment=M1D_pop_k1 strategy=popularity k=1 epoch=29/30
[Module1 Ablation] experiment=M1D_pop_k1 strategy=popularity k=1 epoch=30/30
2026-06-16 11:29:14, Top_10, Val:  recall: 0.114657, ndcg: 0.086601
2026-06-16 11:29:14, Top_10, Test: recall: 0.114475, ndcg: 0.115335
--------------------
2026-06-16 11:29:14, Top_20, Val:  recall: 0.157711, ndcg: 0.100893
2026-06-16 11:29:14, Top_20, Test: recall: 0.157897, ndcg: 0.132847
--------------------
2026-06-16 11:29:14, Top_40, Val:  recall: 0.210834, ndcg: 0.115311
2026-06-16 11:29:14, Top_40, Test: recall: 0.210682, ndcg: 0.151463
--------------------
2026-06-16 11:29:14, Top_80, Val:  recall: 0.271532, ndcg: 0.129147
2026-06-16 11:29:14, Top_80, Test: recall: 0.272044, ndcg: 0.169784
--------------------
top20 as the final evaluation standard
褰撳墠缃戞牸鍙傛暟: 0.00 + 0.00
2026-06-16 11:29:14, Best in epoch 29, TOP 10: REC_V=0.11466, NDCG_V=0.08660
2026-06-16 11:29:14, Best in epoch 29, TOP 10: REC_T=0.11448, NDCG_T=0.11534
2026-06-16 11:29:14, Best in epoch 29, TOP 20: REC_V=0.15771, NDCG_V=0.10089
2026-06-16 11:29:14, Best in epoch 29, TOP 20: REC_T=0.15790, NDCG_T=0.13285
2026-06-16 11:29:14, Best in epoch 29, TOP 40: REC_V=0.21083, NDCG_V=0.11531
2026-06-16 11:29:14, Best in epoch 29, TOP 40: REC_T=0.21068, NDCG_T=0.15146
2026-06-16 11:29:14, Best in epoch 29, TOP 80: REC_V=0.27153, NDCG_V=0.12915
2026-06-16 11:29:14, Best in epoch 29, TOP 80: REC_T=0.27204, NDCG_T=0.16978
