load config file done!
Global random seed set to: 2026
>>>>>>>>>>B-I statistics>>>>>>>>>>
Average interactions 3.86061954498291
Non-zero rows 1.0
Non-zero columns 1.0
Matrix density 9.070365408454437e-05
>>>>>>>>>>U-I statistics>>>>>>>>>>
Average interactions 42.50041580200195
Non-zero rows 0.9989980889474368
Non-zero columns 0.9486643328712732
Matrix density 0.0009985296492948938
>>>>>>>>>>U-B statistics in train>>>>>>>>>>
Average interactions 22.5184326171875
Non-zero rows 1.0
Non-zero columns 1.0
Matrix density 0.0008131159568128954
>>>>>>>>>>U-B statistics in tune>>>>>>>>>>
Average interactions 2.764662265777588
Non-zero rows 1.0
Non-zero columns 0.8580558965840976
Matrix density 9.98289241748367e-05
>>>>>>>>>>U-B statistics in test>>>>>>>>>>
Average interactions 5.882052898406982
Non-zero rows 1.0
Non-zero columns 0.9736043908427818
Matrix density 0.00021239448271911793
{'data_path': './datasets', 'train_style': 'dwt', 'batch_size_train': 2048, 'batch_size_test': 2048, 'topk': [10, 20, 40, 80], 'neg_num': 1, 'seed': 2026, 'aug_type': 'Noise', 'ed_interval': 1, 'embedding_sizes': [64], 'num_layerss': [2], 'UB_ratios': [0.05], 'UI_ratios': [0.0], 'BI_ratios': [0.2], 'fusion_weights': {'modal_weight': [0.0, 0.5, 0.5], 'UB_layer': [0.5, 0.5, 0.0], 'UI_layer': [0.3, 0.4, 0.3], 'BI_layer': [0.5, 0.5, 0.0]}, 'lrs': [0.001], 'l2_regs': [1e-05], 'c_lambdas': [0.1], 'c_temps': [0.2], 'epochs': 30, 'test_interval': 5, 'dwt': {'rebuild_strategy': 'popularity', 'use_latent_diffusion_rebuild': True, 'rebuild_k': 7, 'latent_diffusion_user_embedding_path': './datasets/iFashion_UB_emb/iFashion_UB-user-04261842.pt', 'latent_diffusion_bundle_embedding_path': './datasets/iFashion_UB_emb/iFashion_UB-bundle-04261842.pt', 'latent_diffusion_hidden_dim': 128, 'latent_diffusion_time_dim': 16, 'latent_diffusion_denoiser_layers': 2, 'latent_diffusion_dropout': 0.1, 'latent_diffusion_num_steps': 12, 'latent_diffusion_beta_start': 0.0001, 'latent_diffusion_beta_end': 0.02, 'latent_diffusion_set_loss_weight': 0.05, 'latent_diffusion_lr': 0.001, 'latent_diffusion_weight_decay': 1e-05, 'latent_diffusion_batch_size': 1024, 'latent_diffusion_infer_batch_size': 256, 'latent_diffusion_reset_after_epoch': -1, 'latent_diffusion_reset_optimizer': False, 'gamma_1': 0.3, 'gamma_2': 0.2, 'tau': 0.08, 'lambda_1': 0.3, 'lambda_2': 1e-06}, 'anchor_cl': {'enabled': False, 'anchor_cl_lambda': 0.07, 'temp': 0.2, 'user_cl': True, 'bundle_cl': True, 'ub_ui_user_weight': 1.0, 'ub_bi_user_weight': 1.0, 'ub_ui_bundle_weight': 1.0, 'ub_bi_bundle_weight': 1.0}, 'ui_bundle_user_agg_beta': 0, 'bi_user_bundle_agg_beta': 0, 'dataset': 'iFashion', 'model': 'AnchorViewBundleNet', 'gpu': '0', 'info': 'M1D_pop_k7', 'num_users': 53897, 'num_bundles': 27694, 'num_items': 42563, 'device': device(type='cuda', index=0)}
train_style: dwt
==================== DWT Module1 experiment: dataset=iFashion strategy=popularity k=7 info=M1D_pop_k7 ====================
[Module1 Ablation] diffusion_rebuilder=disabled; ub_rebuild_schedule=train UB popularity Top-K, built once
>>>>>>>>>>U-B statistics from popularity Top-K rebuild>>>>>>>>>>
Average interactions 7.0
Non-zero rows 1.0
Non-zero columns 0.2730916443995089
Matrix density 0.0002527623311908717
[ub_rebuild/popularity] epoch=1 dataset=iFashion rebuilt_edges=377279 avg_user_edges=7.000000 user_coverage=1.000000 bundle_coverage=0.273092 density=0.0002527623
[Module1 Ablation] experiment=M1D_pop_k7 strategy=popularity k=7 epoch=1/30
[Module1 Ablation] experiment=M1D_pop_k7 strategy=popularity k=7 epoch=2/30
[Module1 Ablation] experiment=M1D_pop_k7 strategy=popularity k=7 epoch=3/30
[Module1 Ablation] experiment=M1D_pop_k7 strategy=popularity k=7 epoch=4/30
[Module1 Ablation] experiment=M1D_pop_k7 strategy=popularity k=7 epoch=5/30
2026-06-16 12:29:11, Top_10, Val:  recall: 0.093418, ndcg: 0.074216
2026-06-16 12:29:11, Top_10, Test: recall: 0.093660, ndcg: 0.098781
--------------------
2026-06-16 12:29:11, Top_20, Val:  recall: 0.122710, ndcg: 0.083867
2026-06-16 12:29:11, Top_20, Test: recall: 0.123435, ndcg: 0.110612
--------------------
2026-06-16 12:29:11, Top_40, Val:  recall: 0.157907, ndcg: 0.093418
2026-06-16 12:29:11, Top_40, Test: recall: 0.158428, ndcg: 0.122889
--------------------
2026-06-16 12:29:11, Top_80, Val:  recall: 0.200238, ndcg: 0.103015
2026-06-16 12:29:11, Top_80, Test: recall: 0.199994, ndcg: 0.135264
--------------------
top20 as the final evaluation standard
褰撳墠缃戞牸鍙傛暟: 0.00 + 0.00
2026-06-16 12:29:11, Best in epoch 4, TOP 10: REC_V=0.09342, NDCG_V=0.07422
2026-06-16 12:29:11, Best in epoch 4, TOP 10: REC_T=0.09366, NDCG_T=0.09878
2026-06-16 12:29:11, Best in epoch 4, TOP 20: REC_V=0.12271, NDCG_V=0.08387
2026-06-16 12:29:11, Best in epoch 4, TOP 20: REC_T=0.12344, NDCG_T=0.11061
2026-06-16 12:29:11, Best in epoch 4, TOP 40: REC_V=0.15791, NDCG_V=0.09342
2026-06-16 12:29:11, Best in epoch 4, TOP 40: REC_T=0.15843, NDCG_T=0.12289
2026-06-16 12:29:11, Best in epoch 4, TOP 80: REC_V=0.20024, NDCG_V=0.10302
2026-06-16 12:29:11, Best in epoch 4, TOP 80: REC_T=0.19999, NDCG_T=0.13526
[Module1 Ablation] experiment=M1D_pop_k7 strategy=popularity k=7 epoch=6/30
[Module1 Ablation] experiment=M1D_pop_k7 strategy=popularity k=7 epoch=7/30
[Module1 Ablation] experiment=M1D_pop_k7 strategy=popularity k=7 epoch=8/30
[Module1 Ablation] experiment=M1D_pop_k7 strategy=popularity k=7 epoch=9/30
[Module1 Ablation] experiment=M1D_pop_k7 strategy=popularity k=7 epoch=10/30
2026-06-16 12:33:53, Top_10, Val:  recall: 0.109246, ndcg: 0.084295
2026-06-16 12:33:53, Top_10, Test: recall: 0.110160, ndcg: 0.113266
--------------------
2026-06-16 12:33:53, Top_20, Val:  recall: 0.145687, ndcg: 0.096399
2026-06-16 12:33:53, Top_20, Test: recall: 0.147169, ndcg: 0.128007
--------------------
2026-06-16 12:33:53, Top_40, Val:  recall: 0.190252, ndcg: 0.108450
2026-06-16 12:33:53, Top_40, Test: recall: 0.191193, ndcg: 0.143488
--------------------
2026-06-16 12:33:53, Top_80, Val:  recall: 0.240826, ndcg: 0.119949
2026-06-16 12:33:53, Top_80, Test: recall: 0.241030, ndcg: 0.158392
--------------------
top20 as the final evaluation standard
褰撳墠缃戞牸鍙傛暟: 0.00 + 0.00
2026-06-16 12:33:54, Best in epoch 9, TOP 10: REC_V=0.10925, NDCG_V=0.08429
2026-06-16 12:33:54, Best in epoch 9, TOP 10: REC_T=0.11016, NDCG_T=0.11327
2026-06-16 12:33:54, Best in epoch 9, TOP 20: REC_V=0.14569, NDCG_V=0.09640
2026-06-16 12:33:54, Best in epoch 9, TOP 20: REC_T=0.14717, NDCG_T=0.12801
2026-06-16 12:33:54, Best in epoch 9, TOP 40: REC_V=0.19025, NDCG_V=0.10845
2026-06-16 12:33:54, Best in epoch 9, TOP 40: REC_T=0.19119, NDCG_T=0.14349
2026-06-16 12:33:54, Best in epoch 9, TOP 80: REC_V=0.24083, NDCG_V=0.11995
2026-06-16 12:33:54, Best in epoch 9, TOP 80: REC_T=0.24103, NDCG_T=0.15839
[Module1 Ablation] experiment=M1D_pop_k7 strategy=popularity k=7 epoch=11/30
[Module1 Ablation] experiment=M1D_pop_k7 strategy=popularity k=7 epoch=12/30
[Module1 Ablation] experiment=M1D_pop_k7 strategy=popularity k=7 epoch=13/30
[Module1 Ablation] experiment=M1D_pop_k7 strategy=popularity k=7 epoch=14/30
[Module1 Ablation] experiment=M1D_pop_k7 strategy=popularity k=7 epoch=15/30
2026-06-16 12:38:38, Top_10, Val:  recall: 0.113107, ndcg: 0.086077
2026-06-16 12:38:38, Top_10, Test: recall: 0.114441, ndcg: 0.116232
--------------------
2026-06-16 12:38:38, Top_20, Val:  recall: 0.154233, ndcg: 0.099701
2026-06-16 12:38:38, Top_20, Test: recall: 0.154613, ndcg: 0.132299
--------------------
2026-06-16 12:38:38, Top_40, Val:  recall: 0.201837, ndcg: 0.112603
2026-06-16 12:38:38, Top_40, Test: recall: 0.201964, ndcg: 0.148979
--------------------
2026-06-16 12:38:38, Top_80, Val:  recall: 0.255108, ndcg: 0.124763
2026-06-16 12:38:38, Top_80, Test: recall: 0.256821, ndcg: 0.165351
--------------------
top20 as the final evaluation standard
褰撳墠缃戞牸鍙傛暟: 0.00 + 0.00
2026-06-16 12:38:38, Best in epoch 14, TOP 10: REC_V=0.11311, NDCG_V=0.08608
2026-06-16 12:38:38, Best in epoch 14, TOP 10: REC_T=0.11444, NDCG_T=0.11623
2026-06-16 12:38:38, Best in epoch 14, TOP 20: REC_V=0.15423, NDCG_V=0.09970
2026-06-16 12:38:38, Best in epoch 14, TOP 20: REC_T=0.15461, NDCG_T=0.13230
2026-06-16 12:38:38, Best in epoch 14, TOP 40: REC_V=0.20184, NDCG_V=0.11260
2026-06-16 12:38:38, Best in epoch 14, TOP 40: REC_T=0.20196, NDCG_T=0.14898
2026-06-16 12:38:38, Best in epoch 14, TOP 80: REC_V=0.25511, NDCG_V=0.12476
2026-06-16 12:38:38, Best in epoch 14, TOP 80: REC_T=0.25682, NDCG_T=0.16535
[Module1 Ablation] experiment=M1D_pop_k7 strategy=popularity k=7 epoch=16/30
[Module1 Ablation] experiment=M1D_pop_k7 strategy=popularity k=7 epoch=17/30
[Module1 Ablation] experiment=M1D_pop_k7 strategy=popularity k=7 epoch=18/30
[Module1 Ablation] experiment=M1D_pop_k7 strategy=popularity k=7 epoch=19/30
[Module1 Ablation] experiment=M1D_pop_k7 strategy=popularity k=7 epoch=20/30
2026-06-16 12:43:18, Top_10, Val:  recall: 0.113700, ndcg: 0.086652
2026-06-16 12:43:18, Top_10, Test: recall: 0.115469, ndcg: 0.116726
--------------------
2026-06-16 12:43:18, Top_20, Val:  recall: 0.155806, ndcg: 0.100574
2026-06-16 12:43:18, Top_20, Test: recall: 0.157202, ndcg: 0.133437
--------------------
2026-06-16 12:43:18, Top_40, Val:  recall: 0.204850, ndcg: 0.113889
2026-06-16 12:43:18, Top_40, Test: recall: 0.205881, ndcg: 0.150578
--------------------
2026-06-16 12:43:18, Top_80, Val:  recall: 0.261243, ndcg: 0.126744
2026-06-16 12:43:18, Top_80, Test: recall: 0.261732, ndcg: 0.167254
--------------------
top20 as the final evaluation standard
褰撳墠缃戞牸鍙傛暟: 0.00 + 0.00
2026-06-16 12:43:19, Best in epoch 19, TOP 10: REC_V=0.11370, NDCG_V=0.08665
2026-06-16 12:43:19, Best in epoch 19, TOP 10: REC_T=0.11547, NDCG_T=0.11673
2026-06-16 12:43:19, Best in epoch 19, TOP 20: REC_V=0.15581, NDCG_V=0.10057
2026-06-16 12:43:19, Best in epoch 19, TOP 20: REC_T=0.15720, NDCG_T=0.13344
2026-06-16 12:43:19, Best in epoch 19, TOP 40: REC_V=0.20485, NDCG_V=0.11389
2026-06-16 12:43:19, Best in epoch 19, TOP 40: REC_T=0.20588, NDCG_T=0.15058
2026-06-16 12:43:19, Best in epoch 19, TOP 80: REC_V=0.26124, NDCG_V=0.12674
2026-06-16 12:43:19, Best in epoch 19, TOP 80: REC_T=0.26173, NDCG_T=0.16725
[Module1 Ablation] experiment=M1D_pop_k7 strategy=popularity k=7 epoch=21/30
[Module1 Ablation] experiment=M1D_pop_k7 strategy=popularity k=7 epoch=22/30
[Module1 Ablation] experiment=M1D_pop_k7 strategy=popularity k=7 epoch=23/30
[Module1 Ablation] experiment=M1D_pop_k7 strategy=popularity k=7 epoch=24/30
[Module1 Ablation] experiment=M1D_pop_k7 strategy=popularity k=7 epoch=25/30
2026-06-16 12:48:00, Top_10, Val:  recall: 0.114177, ndcg: 0.086594
2026-06-16 12:48:00, Top_10, Test: recall: 0.115912, ndcg: 0.117134
--------------------
2026-06-16 12:48:00, Top_20, Val:  recall: 0.156261, ndcg: 0.100543
2026-06-16 12:48:00, Top_20, Test: recall: 0.158031, ndcg: 0.133986
--------------------
2026-06-16 12:48:00, Top_40, Val:  recall: 0.206582, ndcg: 0.114193
2026-06-16 12:48:00, Top_40, Test: recall: 0.207567, ndcg: 0.151413
--------------------
2026-06-16 12:48:00, Top_80, Val:  recall: 0.262713, ndcg: 0.127013
2026-06-16 12:48:00, Top_80, Test: recall: 0.263569, ndcg: 0.168144
--------------------
top20 as the final evaluation standard
褰撳墠缃戞牸鍙傛暟: 0.00 + 0.00
2026-06-16 12:48:00, Best in epoch 24, TOP 10: REC_V=0.11418, NDCG_V=0.08659
2026-06-16 12:48:00, Best in epoch 24, TOP 10: REC_T=0.11591, NDCG_T=0.11713
2026-06-16 12:48:00, Best in epoch 24, TOP 20: REC_V=0.15626, NDCG_V=0.10054
2026-06-16 12:48:00, Best in epoch 24, TOP 20: REC_T=0.15803, NDCG_T=0.13399
2026-06-16 12:48:00, Best in epoch 24, TOP 40: REC_V=0.20658, NDCG_V=0.11419
2026-06-16 12:48:00, Best in epoch 24, TOP 40: REC_T=0.20757, NDCG_T=0.15141
2026-06-16 12:48:00, Best in epoch 24, TOP 80: REC_V=0.26271, NDCG_V=0.12701
2026-06-16 12:48:00, Best in epoch 24, TOP 80: REC_T=0.26357, NDCG_T=0.16814
[Module1 Ablation] experiment=M1D_pop_k7 strategy=popularity k=7 epoch=26/30
[Module1 Ablation] experiment=M1D_pop_k7 strategy=popularity k=7 epoch=27/30
[Module1 Ablation] experiment=M1D_pop_k7 strategy=popularity k=7 epoch=28/30
[Module1 Ablation] experiment=M1D_pop_k7 strategy=popularity k=7 epoch=29/30
[Module1 Ablation] experiment=M1D_pop_k7 strategy=popularity k=7 epoch=30/30
2026-06-16 12:52:43, Top_10, Val:  recall: 0.114637, ndcg: 0.086873
2026-06-16 12:52:43, Top_10, Test: recall: 0.116194, ndcg: 0.117238
--------------------
2026-06-16 12:52:43, Top_20, Val:  recall: 0.156953, ndcg: 0.100897
2026-06-16 12:52:43, Top_20, Test: recall: 0.158601, ndcg: 0.134254
--------------------
2026-06-16 12:52:43, Top_40, Val:  recall: 0.207048, ndcg: 0.114470
2026-06-16 12:52:43, Top_40, Test: recall: 0.208061, ndcg: 0.151679
--------------------
2026-06-16 12:52:43, Top_80, Val:  recall: 0.264008, ndcg: 0.127468
2026-06-16 12:52:43, Top_80, Test: recall: 0.265121, ndcg: 0.168719
--------------------
top20 as the final evaluation standard
褰撳墠缃戞牸鍙傛暟: 0.00 + 0.00
2026-06-16 12:52:43, Best in epoch 29, TOP 10: REC_V=0.11464, NDCG_V=0.08687
2026-06-16 12:52:43, Best in epoch 29, TOP 10: REC_T=0.11619, NDCG_T=0.11724
2026-06-16 12:52:43, Best in epoch 29, TOP 20: REC_V=0.15695, NDCG_V=0.10090
2026-06-16 12:52:43, Best in epoch 29, TOP 20: REC_T=0.15860, NDCG_T=0.13425
2026-06-16 12:52:43, Best in epoch 29, TOP 40: REC_V=0.20705, NDCG_V=0.11447
2026-06-16 12:52:43, Best in epoch 29, TOP 40: REC_T=0.20806, NDCG_T=0.15168
2026-06-16 12:52:43, Best in epoch 29, TOP 80: REC_V=0.26401, NDCG_V=0.12747
2026-06-16 12:52:43, Best in epoch 29, TOP 80: REC_T=0.26512, NDCG_T=0.16872
