load config file done!
Global random seed set to: 2026
>>>>>>>>>>B-I statistics>>>>>>>>>>
Average interactions 3.86061954498291
Non-zero rows 1.0
Non-zero columns 1.0
Matrix density 9.070365408454437e-05
>>>>>>>>>>U-I statistics>>>>>>>>>>
Average interactions 42.50041580200195
Non-zero rows 0.9989980889474368
Non-zero columns 0.9486643328712732
Matrix density 0.0009985296492948938
>>>>>>>>>>U-B statistics in train>>>>>>>>>>
Average interactions 22.5184326171875
Non-zero rows 1.0
Non-zero columns 1.0
Matrix density 0.0008131159568128954
>>>>>>>>>>U-B statistics in tune>>>>>>>>>>
Average interactions 2.764662265777588
Non-zero rows 1.0
Non-zero columns 0.8580558965840976
Matrix density 9.98289241748367e-05
>>>>>>>>>>U-B statistics in test>>>>>>>>>>
Average interactions 5.882052898406982
Non-zero rows 1.0
Non-zero columns 0.9736043908427818
Matrix density 0.00021239448271911793
{'data_path': './datasets', 'train_style': 'dwt', 'batch_size_train': 2048, 'batch_size_test': 2048, 'topk': [10, 20, 40, 80], 'neg_num': 1, 'seed': 2026, 'aug_type': 'Noise', 'ed_interval': 1, 'embedding_sizes': [64], 'num_layerss': [2], 'UB_ratios': [0.05], 'UI_ratios': [0.0], 'BI_ratios': [0.2], 'fusion_weights': {'modal_weight': [0.0, 0.5, 0.5], 'UB_layer': [0.5, 0.5, 0.0], 'UI_layer': [0.3, 0.4, 0.3], 'BI_layer': [0.5, 0.5, 0.0]}, 'lrs': [0.001], 'l2_regs': [1e-05], 'c_lambdas': [0.1], 'c_temps': [0.2], 'epochs': 30, 'test_interval': 5, 'dwt': {'rebuild_strategy': 'pooled_z0', 'use_latent_diffusion_rebuild': True, 'rebuild_k': 1, 'latent_diffusion_user_embedding_path': './datasets/iFashion_UB_emb/iFashion_UB-user-04261842.pt', 'latent_diffusion_bundle_embedding_path': './datasets/iFashion_UB_emb/iFashion_UB-bundle-04261842.pt', 'latent_diffusion_hidden_dim': 128, 'latent_diffusion_time_dim': 16, 'latent_diffusion_denoiser_layers': 2, 'latent_diffusion_dropout': 0.1, 'latent_diffusion_num_steps': 12, 'latent_diffusion_beta_start': 0.0001, 'latent_diffusion_beta_end': 0.02, 'latent_diffusion_set_loss_weight': 0.05, 'latent_diffusion_lr': 0.001, 'latent_diffusion_weight_decay': 1e-05, 'latent_diffusion_batch_size': 1024, 'latent_diffusion_infer_batch_size': 256, 'latent_diffusion_reset_after_epoch': -1, 'latent_diffusion_reset_optimizer': False, 'gamma_1': 0.3, 'gamma_2': 0.2, 'tau': 0.08, 'lambda_1': 0.3, 'lambda_2': 1e-06}, 'anchor_cl': {'enabled': False, 'anchor_cl_lambda': 0.07, 'temp': 0.2, 'user_cl': True, 'bundle_cl': True, 'ub_ui_user_weight': 1.0, 'ub_bi_user_weight': 1.0, 'ub_ui_bundle_weight': 1.0, 'ub_bi_bundle_weight': 1.0}, 'ui_bundle_user_agg_beta': 0, 'bi_user_bundle_agg_beta': 0, 'dataset': 'iFashion', 'model': 'AnchorViewBundleNet', 'gpu': '0', 'info': 'M1E_z0_k1', 'num_users': 53897, 'num_bundles': 27694, 'num_items': 42563, 'device': device(type='cuda', index=0)}
train_style: dwt
==================== DWT Module1 experiment: dataset=iFashion strategy=pooled_z0 k=1 info=M1E_z0_k1 ====================
[Module1 Ablation] diffusion_rebuilder=disabled; ub_rebuild_schedule=pooled z0 similarity Top-K, built once
>>>>>>>>>>U-B statistics from pooled z0 Top-K rebuild>>>>>>>>>>
Average interactions 1.0
Non-zero rows 1.0
Non-zero columns 0.1621650899111721
Matrix density 3.610890445583881e-05
[ub_rebuild/pooled_z0] epoch=1 dataset=iFashion rebuilt_edges=53897 avg_user_edges=1.000000 user_coverage=1.000000 bundle_coverage=0.162165 density=0.0000361089
[Module1 Ablation] experiment=M1E_z0_k1 strategy=pooled_z0 k=1 epoch=1/30
[Module1 Ablation] experiment=M1E_z0_k1 strategy=pooled_z0 k=1 epoch=2/30
[Module1 Ablation] experiment=M1E_z0_k1 strategy=pooled_z0 k=1 epoch=3/30
[Module1 Ablation] experiment=M1E_z0_k1 strategy=pooled_z0 k=1 epoch=4/30
[Module1 Ablation] experiment=M1E_z0_k1 strategy=pooled_z0 k=1 epoch=5/30
2026-06-16 13:26:50, Top_10, Val:  recall: 0.086792, ndcg: 0.068738
2026-06-16 13:26:50, Top_10, Test: recall: 0.087201, ndcg: 0.091584
--------------------
2026-06-16 13:26:50, Top_20, Val:  recall: 0.115048, ndcg: 0.078044
2026-06-16 13:26:50, Top_20, Test: recall: 0.115361, ndcg: 0.102855
--------------------
2026-06-16 13:26:50, Top_40, Val:  recall: 0.148913, ndcg: 0.087223
2026-06-16 13:26:50, Top_40, Test: recall: 0.149046, ndcg: 0.114692
--------------------
2026-06-16 13:26:50, Top_80, Val:  recall: 0.188176, ndcg: 0.096146
2026-06-16 13:26:50, Top_80, Test: recall: 0.189359, ndcg: 0.126690
--------------------
top20 as the final evaluation standard
褰撳墠缃戞牸鍙傛暟: 0.00 + 0.00
2026-06-16 13:26:50, Best in epoch 4, TOP 10: REC_V=0.08679, NDCG_V=0.06874
2026-06-16 13:26:50, Best in epoch 4, TOP 10: REC_T=0.08720, NDCG_T=0.09158
2026-06-16 13:26:50, Best in epoch 4, TOP 20: REC_V=0.11505, NDCG_V=0.07804
2026-06-16 13:26:50, Best in epoch 4, TOP 20: REC_T=0.11536, NDCG_T=0.10285
2026-06-16 13:26:50, Best in epoch 4, TOP 40: REC_V=0.14891, NDCG_V=0.08722
2026-06-16 13:26:50, Best in epoch 4, TOP 40: REC_T=0.14905, NDCG_T=0.11469
2026-06-16 13:26:50, Best in epoch 4, TOP 80: REC_V=0.18818, NDCG_V=0.09615
2026-06-16 13:26:50, Best in epoch 4, TOP 80: REC_T=0.18936, NDCG_T=0.12669
[Module1 Ablation] experiment=M1E_z0_k1 strategy=pooled_z0 k=1 epoch=6/30
[Module1 Ablation] experiment=M1E_z0_k1 strategy=pooled_z0 k=1 epoch=7/30
[Module1 Ablation] experiment=M1E_z0_k1 strategy=pooled_z0 k=1 epoch=8/30
[Module1 Ablation] experiment=M1E_z0_k1 strategy=pooled_z0 k=1 epoch=9/30
[Module1 Ablation] experiment=M1E_z0_k1 strategy=pooled_z0 k=1 epoch=10/30
2026-06-16 13:31:23, Top_10, Val:  recall: 0.107277, ndcg: 0.082662
2026-06-16 13:31:23, Top_10, Test: recall: 0.108246, ndcg: 0.110399
--------------------
2026-06-16 13:31:23, Top_20, Val:  recall: 0.144865, ndcg: 0.095128
2026-06-16 13:31:23, Top_20, Test: recall: 0.145622, ndcg: 0.125363
--------------------
2026-06-16 13:31:23, Top_40, Val:  recall: 0.190424, ndcg: 0.107498
2026-06-16 13:31:23, Top_40, Test: recall: 0.190662, ndcg: 0.141231
--------------------
2026-06-16 13:31:23, Top_80, Val:  recall: 0.241228, ndcg: 0.119111
2026-06-16 13:31:23, Top_80, Test: recall: 0.241796, ndcg: 0.156490
--------------------
top20 as the final evaluation standard
褰撳墠缃戞牸鍙傛暟: 0.00 + 0.00
2026-06-16 13:31:23, Best in epoch 9, TOP 10: REC_V=0.10728, NDCG_V=0.08266
2026-06-16 13:31:23, Best in epoch 9, TOP 10: REC_T=0.10825, NDCG_T=0.11040
2026-06-16 13:31:23, Best in epoch 9, TOP 20: REC_V=0.14487, NDCG_V=0.09513
2026-06-16 13:31:23, Best in epoch 9, TOP 20: REC_T=0.14562, NDCG_T=0.12536
2026-06-16 13:31:23, Best in epoch 9, TOP 40: REC_V=0.19042, NDCG_V=0.10750
2026-06-16 13:31:23, Best in epoch 9, TOP 40: REC_T=0.19066, NDCG_T=0.14123
2026-06-16 13:31:23, Best in epoch 9, TOP 80: REC_V=0.24123, NDCG_V=0.11911
2026-06-16 13:31:23, Best in epoch 9, TOP 80: REC_T=0.24180, NDCG_T=0.15649
[Module1 Ablation] experiment=M1E_z0_k1 strategy=pooled_z0 k=1 epoch=11/30
[Module1 Ablation] experiment=M1E_z0_k1 strategy=pooled_z0 k=1 epoch=12/30
[Module1 Ablation] experiment=M1E_z0_k1 strategy=pooled_z0 k=1 epoch=13/30
[Module1 Ablation] experiment=M1E_z0_k1 strategy=pooled_z0 k=1 epoch=14/30
[Module1 Ablation] experiment=M1E_z0_k1 strategy=pooled_z0 k=1 epoch=15/30
2026-06-16 13:35:54, Top_10, Val:  recall: 0.111655, ndcg: 0.083890
2026-06-16 13:35:54, Top_10, Test: recall: 0.112397, ndcg: 0.112350
--------------------
2026-06-16 13:35:54, Top_20, Val:  recall: 0.153635, ndcg: 0.097798
2026-06-16 13:35:54, Top_20, Test: recall: 0.154748, ndcg: 0.129364
--------------------
2026-06-16 13:35:54, Top_40, Val:  recall: 0.205079, ndcg: 0.111760
2026-06-16 13:35:54, Top_40, Test: recall: 0.205583, ndcg: 0.147267
--------------------
2026-06-16 13:35:54, Top_80, Val:  recall: 0.261716, ndcg: 0.124692
2026-06-16 13:35:54, Top_80, Test: recall: 0.262243, ndcg: 0.164206
--------------------
top20 as the final evaluation standard
褰撳墠缃戞牸鍙傛暟: 0.00 + 0.00
2026-06-16 13:35:54, Best in epoch 14, TOP 10: REC_V=0.11165, NDCG_V=0.08389
2026-06-16 13:35:54, Best in epoch 14, TOP 10: REC_T=0.11240, NDCG_T=0.11235
2026-06-16 13:35:54, Best in epoch 14, TOP 20: REC_V=0.15363, NDCG_V=0.09780
2026-06-16 13:35:54, Best in epoch 14, TOP 20: REC_T=0.15475, NDCG_T=0.12936
2026-06-16 13:35:54, Best in epoch 14, TOP 40: REC_V=0.20508, NDCG_V=0.11176
2026-06-16 13:35:54, Best in epoch 14, TOP 40: REC_T=0.20558, NDCG_T=0.14727
2026-06-16 13:35:54, Best in epoch 14, TOP 80: REC_V=0.26172, NDCG_V=0.12469
2026-06-16 13:35:54, Best in epoch 14, TOP 80: REC_T=0.26224, NDCG_T=0.16421
[Module1 Ablation] experiment=M1E_z0_k1 strategy=pooled_z0 k=1 epoch=16/30
[Module1 Ablation] experiment=M1E_z0_k1 strategy=pooled_z0 k=1 epoch=17/30
[Module1 Ablation] experiment=M1E_z0_k1 strategy=pooled_z0 k=1 epoch=18/30
[Module1 Ablation] experiment=M1E_z0_k1 strategy=pooled_z0 k=1 epoch=19/30
[Module1 Ablation] experiment=M1E_z0_k1 strategy=pooled_z0 k=1 epoch=20/30
2026-06-16 13:40:27, Top_10, Val:  recall: 0.111244, ndcg: 0.082464
2026-06-16 13:40:27, Top_10, Test: recall: 0.111797, ndcg: 0.110481
--------------------
2026-06-16 13:40:27, Top_20, Val:  recall: 0.155379, ndcg: 0.097062
2026-06-16 13:40:27, Top_20, Test: recall: 0.155653, ndcg: 0.128160
--------------------
2026-06-16 13:40:27, Top_40, Val:  recall: 0.208115, ndcg: 0.111396
2026-06-16 13:40:27, Top_40, Test: recall: 0.208239, ndcg: 0.146698
--------------------
2026-06-16 13:40:27, Top_80, Val:  recall: 0.267599, ndcg: 0.124975
2026-06-16 13:40:27, Top_80, Test: recall: 0.268239, ndcg: 0.164644
--------------------
top20 as the final evaluation standard
褰撳墠缃戞牸鍙傛暟: 0.00 + 0.00
2026-06-16 13:40:28, Best in epoch 19, TOP 10: REC_V=0.11124, NDCG_V=0.08246
2026-06-16 13:40:28, Best in epoch 19, TOP 10: REC_T=0.11180, NDCG_T=0.11048
2026-06-16 13:40:28, Best in epoch 19, TOP 20: REC_V=0.15538, NDCG_V=0.09706
2026-06-16 13:40:28, Best in epoch 19, TOP 20: REC_T=0.15565, NDCG_T=0.12816
2026-06-16 13:40:28, Best in epoch 19, TOP 40: REC_V=0.20812, NDCG_V=0.11140
2026-06-16 13:40:28, Best in epoch 19, TOP 40: REC_T=0.20824, NDCG_T=0.14670
2026-06-16 13:40:28, Best in epoch 19, TOP 80: REC_V=0.26760, NDCG_V=0.12497
2026-06-16 13:40:28, Best in epoch 19, TOP 80: REC_T=0.26824, NDCG_T=0.16464
[Module1 Ablation] experiment=M1E_z0_k1 strategy=pooled_z0 k=1 epoch=21/30
[Module1 Ablation] experiment=M1E_z0_k1 strategy=pooled_z0 k=1 epoch=22/30
[Module1 Ablation] experiment=M1E_z0_k1 strategy=pooled_z0 k=1 epoch=23/30
[Module1 Ablation] experiment=M1E_z0_k1 strategy=pooled_z0 k=1 epoch=24/30
[Module1 Ablation] experiment=M1E_z0_k1 strategy=pooled_z0 k=1 epoch=25/30
2026-06-16 13:45:00, Top_10, Val:  recall: 0.110696, ndcg: 0.081693
2026-06-16 13:45:00, Top_10, Test: recall: 0.111427, ndcg: 0.109843
--------------------
2026-06-16 13:45:00, Top_20, Val:  recall: 0.155974, ndcg: 0.096704
2026-06-16 13:45:00, Top_20, Test: recall: 0.155370, ndcg: 0.127569
--------------------
2026-06-16 13:45:00, Top_40, Val:  recall: 0.209235, ndcg: 0.111168
2026-06-16 13:45:00, Top_40, Test: recall: 0.208781, ndcg: 0.146388
--------------------
2026-06-16 13:45:00, Top_80, Val:  recall: 0.269488, ndcg: 0.124922
2026-06-16 13:45:00, Top_80, Test: recall: 0.269069, ndcg: 0.164431
--------------------
top20 as the final evaluation standard
褰撳墠缃戞牸鍙傛暟: 0.00 + 0.00
2026-06-16 13:45:00, Best in epoch 24, TOP 10: REC_V=0.11070, NDCG_V=0.08169
2026-06-16 13:45:00, Best in epoch 24, TOP 10: REC_T=0.11143, NDCG_T=0.10984
2026-06-16 13:45:00, Best in epoch 24, TOP 20: REC_V=0.15597, NDCG_V=0.09670
2026-06-16 13:45:00, Best in epoch 24, TOP 20: REC_T=0.15537, NDCG_T=0.12757
2026-06-16 13:45:00, Best in epoch 24, TOP 40: REC_V=0.20924, NDCG_V=0.11117
2026-06-16 13:45:00, Best in epoch 24, TOP 40: REC_T=0.20878, NDCG_T=0.14639
2026-06-16 13:45:00, Best in epoch 24, TOP 80: REC_V=0.26949, NDCG_V=0.12492
2026-06-16 13:45:00, Best in epoch 24, TOP 80: REC_T=0.26907, NDCG_T=0.16443
[Module1 Ablation] experiment=M1E_z0_k1 strategy=pooled_z0 k=1 epoch=26/30
[Module1 Ablation] experiment=M1E_z0_k1 strategy=pooled_z0 k=1 epoch=27/30
[Module1 Ablation] experiment=M1E_z0_k1 strategy=pooled_z0 k=1 epoch=28/30
[Module1 Ablation] experiment=M1E_z0_k1 strategy=pooled_z0 k=1 epoch=29/30
[Module1 Ablation] experiment=M1E_z0_k1 strategy=pooled_z0 k=1 epoch=30/30
2026-06-16 13:49:32, Top_10, Val:  recall: 0.110493, ndcg: 0.081337
2026-06-16 13:49:32, Top_10, Test: recall: 0.110835, ndcg: 0.109038
--------------------
2026-06-16 13:49:32, Top_20, Val:  recall: 0.154606, ndcg: 0.095964
2026-06-16 13:49:32, Top_20, Test: recall: 0.155496, ndcg: 0.127057
--------------------
2026-06-16 13:49:32, Top_40, Val:  recall: 0.210092, ndcg: 0.111029
2026-06-16 13:49:32, Top_40, Test: recall: 0.209271, ndcg: 0.146020
--------------------
2026-06-16 13:49:32, Top_80, Val:  recall: 0.271108, ndcg: 0.124963
2026-06-16 13:49:32, Top_80, Test: recall: 0.270221, ndcg: 0.164269
--------------------
top20 as the final evaluation standard
