load config file done!
Global random seed set to: 2026
>>>>>>>>>>B-I statistics>>>>>>>>>>
Average interactions 3.86061954498291
Non-zero rows 1.0
Non-zero columns 1.0
Matrix density 9.070365408454437e-05
>>>>>>>>>>U-I statistics>>>>>>>>>>
Average interactions 42.50041580200195
Non-zero rows 0.9989980889474368
Non-zero columns 0.9486643328712732
Matrix density 0.0009985296492948938
>>>>>>>>>>U-B statistics in train>>>>>>>>>>
Average interactions 22.5184326171875
Non-zero rows 1.0
Non-zero columns 1.0
Matrix density 0.0008131159568128954
>>>>>>>>>>U-B statistics in tune>>>>>>>>>>
Average interactions 2.764662265777588
Non-zero rows 1.0
Non-zero columns 0.8580558965840976
Matrix density 9.98289241748367e-05
>>>>>>>>>>U-B statistics in test>>>>>>>>>>
Average interactions 5.882052898406982
Non-zero rows 1.0
Non-zero columns 0.9736043908427818
Matrix density 0.00021239448271911793
{'data_path': './datasets', 'train_style': 'dwt', 'batch_size_train': 2048, 'batch_size_test': 2048, 'topk': [10, 20, 40, 80], 'neg_num': 1, 'seed': 2026, 'aug_type': 'Noise', 'ed_interval': 1, 'embedding_sizes': [64], 'num_layerss': [2], 'UB_ratios': [0.05], 'UI_ratios': [0.0], 'BI_ratios': [0.2], 'fusion_weights': {'modal_weight': [0.0, 0.5, 0.5], 'UB_layer': [0.5, 0.5, 0.0], 'UI_layer': [0.3, 0.4, 0.3], 'BI_layer': [0.5, 0.5, 0.0]}, 'lrs': [0.001], 'l2_regs': [1e-05], 'c_lambdas': [0.1], 'c_temps': [0.2], 'epochs': 30, 'test_interval': 5, 'dwt': {'rebuild_strategy': 'pooled_z0', 'use_latent_diffusion_rebuild': True, 'rebuild_k': 9, 'latent_diffusion_user_embedding_path': './datasets/iFashion_UB_emb/iFashion_UB-user-04261842.pt', 'latent_diffusion_bundle_embedding_path': './datasets/iFashion_UB_emb/iFashion_UB-bundle-04261842.pt', 'latent_diffusion_hidden_dim': 128, 'latent_diffusion_time_dim': 16, 'latent_diffusion_denoiser_layers': 2, 'latent_diffusion_dropout': 0.1, 'latent_diffusion_num_steps': 12, 'latent_diffusion_beta_start': 0.0001, 'latent_diffusion_beta_end': 0.02, 'latent_diffusion_set_loss_weight': 0.05, 'latent_diffusion_lr': 0.001, 'latent_diffusion_weight_decay': 1e-05, 'latent_diffusion_batch_size': 1024, 'latent_diffusion_infer_batch_size': 256, 'latent_diffusion_reset_after_epoch': -1, 'latent_diffusion_reset_optimizer': False, 'gamma_1': 0.3, 'gamma_2': 0.2, 'tau': 0.08, 'lambda_1': 0.3, 'lambda_2': 1e-06}, 'anchor_cl': {'enabled': False, 'anchor_cl_lambda': 0.07, 'temp': 0.2, 'user_cl': True, 'bundle_cl': True, 'ub_ui_user_weight': 1.0, 'ub_bi_user_weight': 1.0, 'ub_ui_bundle_weight': 1.0, 'ub_bi_bundle_weight': 1.0}, 'ui_bundle_user_agg_beta': 0, 'bi_user_bundle_agg_beta': 0, 'dataset': 'iFashion', 'model': 'AnchorViewBundleNet', 'gpu': '0', 'info': 'M1E_z0_k9', 'num_users': 53897, 'num_bundles': 27694, 'num_items': 42563, 'device': device(type='cuda', index=0)}
train_style: dwt
==================== DWT Module1 experiment: dataset=iFashion strategy=pooled_z0 k=9 info=M1E_z0_k9 ====================
[Module1 Ablation] diffusion_rebuilder=disabled; ub_rebuild_schedule=pooled z0 similarity Top-K, built once
>>>>>>>>>>U-B statistics from pooled z0 Top-K rebuild>>>>>>>>>>
Average interactions 9.0
Non-zero rows 1.0
Non-zero columns 0.6138513757492597
Matrix density 0.0003249801401025493
[ub_rebuild/pooled_z0] epoch=1 dataset=iFashion rebuilt_edges=485073 avg_user_edges=9.000000 user_coverage=1.000000 bundle_coverage=0.613851 density=0.0003249801
[Module1 Ablation] experiment=M1E_z0_k9 strategy=pooled_z0 k=9 epoch=1/30
[Module1 Ablation] experiment=M1E_z0_k9 strategy=pooled_z0 k=9 epoch=2/30
[Module1 Ablation] experiment=M1E_z0_k9 strategy=pooled_z0 k=9 epoch=3/30
[Module1 Ablation] experiment=M1E_z0_k9 strategy=pooled_z0 k=9 epoch=4/30
[Module1 Ablation] experiment=M1E_z0_k9 strategy=pooled_z0 k=9 epoch=5/30
2026-06-16 15:28:16, Top_10, Val:  recall: 0.096098, ndcg: 0.075445
2026-06-16 15:28:16, Top_10, Test: recall: 0.096268, ndcg: 0.100546
--------------------
2026-06-16 15:28:16, Top_20, Val:  recall: 0.128667, ndcg: 0.086226
2026-06-16 15:28:16, Top_20, Test: recall: 0.129015, ndcg: 0.113610
--------------------
2026-06-16 15:28:16, Top_40, Val:  recall: 0.166939, ndcg: 0.096595
2026-06-16 15:28:16, Top_40, Test: recall: 0.166967, ndcg: 0.126939
--------------------
2026-06-16 15:28:16, Top_80, Val:  recall: 0.212172, ndcg: 0.106904
2026-06-16 15:28:16, Top_80, Test: recall: 0.212079, ndcg: 0.140350
--------------------
top20 as the final evaluation standard
褰撳墠缃戞牸鍙傛暟: 0.00 + 0.00
2026-06-16 15:28:16, Best in epoch 4, TOP 10: REC_V=0.09610, NDCG_V=0.07545
2026-06-16 15:28:16, Best in epoch 4, TOP 10: REC_T=0.09627, NDCG_T=0.10055
2026-06-16 15:28:16, Best in epoch 4, TOP 20: REC_V=0.12867, NDCG_V=0.08623
2026-06-16 15:28:16, Best in epoch 4, TOP 20: REC_T=0.12901, NDCG_T=0.11361
2026-06-16 15:28:16, Best in epoch 4, TOP 40: REC_V=0.16694, NDCG_V=0.09659
2026-06-16 15:28:16, Best in epoch 4, TOP 40: REC_T=0.16697, NDCG_T=0.12694
2026-06-16 15:28:16, Best in epoch 4, TOP 80: REC_V=0.21217, NDCG_V=0.10690
2026-06-16 15:28:16, Best in epoch 4, TOP 80: REC_T=0.21208, NDCG_T=0.14035
[Module1 Ablation] experiment=M1E_z0_k9 strategy=pooled_z0 k=9 epoch=6/30
[Module1 Ablation] experiment=M1E_z0_k9 strategy=pooled_z0 k=9 epoch=7/30
[Module1 Ablation] experiment=M1E_z0_k9 strategy=pooled_z0 k=9 epoch=8/30
[Module1 Ablation] experiment=M1E_z0_k9 strategy=pooled_z0 k=9 epoch=9/30
[Module1 Ablation] experiment=M1E_z0_k9 strategy=pooled_z0 k=9 epoch=10/30
2026-06-16 15:33:13, Top_10, Val:  recall: 0.108919, ndcg: 0.083772
2026-06-16 15:33:13, Top_10, Test: recall: 0.109876, ndcg: 0.111730
--------------------
2026-06-16 15:33:13, Top_20, Val:  recall: 0.147133, ndcg: 0.096435
2026-06-16 15:33:13, Top_20, Test: recall: 0.148502, ndcg: 0.127137
--------------------
2026-06-16 15:33:13, Top_40, Val:  recall: 0.192627, ndcg: 0.108774
2026-06-16 15:33:13, Top_40, Test: recall: 0.194496, ndcg: 0.143349
--------------------
2026-06-16 15:33:13, Top_80, Val:  recall: 0.245069, ndcg: 0.120720
2026-06-16 15:33:13, Top_80, Test: recall: 0.246770, ndcg: 0.158944
--------------------
top20 as the final evaluation standard
褰撳墠缃戞牸鍙傛暟: 0.00 + 0.00
2026-06-16 15:33:13, Best in epoch 9, TOP 10: REC_V=0.10892, NDCG_V=0.08377
2026-06-16 15:33:13, Best in epoch 9, TOP 10: REC_T=0.10988, NDCG_T=0.11173
2026-06-16 15:33:13, Best in epoch 9, TOP 20: REC_V=0.14713, NDCG_V=0.09643
2026-06-16 15:33:13, Best in epoch 9, TOP 20: REC_T=0.14850, NDCG_T=0.12714
2026-06-16 15:33:13, Best in epoch 9, TOP 40: REC_V=0.19263, NDCG_V=0.10877
2026-06-16 15:33:13, Best in epoch 9, TOP 40: REC_T=0.19450, NDCG_T=0.14335
2026-06-16 15:33:13, Best in epoch 9, TOP 80: REC_V=0.24507, NDCG_V=0.12072
2026-06-16 15:33:13, Best in epoch 9, TOP 80: REC_T=0.24677, NDCG_T=0.15894
[Module1 Ablation] experiment=M1E_z0_k9 strategy=pooled_z0 k=9 epoch=11/30
[Module1 Ablation] experiment=M1E_z0_k9 strategy=pooled_z0 k=9 epoch=12/30
[Module1 Ablation] experiment=M1E_z0_k9 strategy=pooled_z0 k=9 epoch=13/30
[Module1 Ablation] experiment=M1E_z0_k9 strategy=pooled_z0 k=9 epoch=14/30
[Module1 Ablation] experiment=M1E_z0_k9 strategy=pooled_z0 k=9 epoch=15/30
2026-06-16 15:38:10, Top_10, Val:  recall: 0.110867, ndcg: 0.083657
2026-06-16 15:38:10, Top_10, Test: recall: 0.111330, ndcg: 0.111795
--------------------
2026-06-16 15:38:10, Top_20, Val:  recall: 0.152689, ndcg: 0.097516
2026-06-16 15:38:10, Top_20, Test: recall: 0.152934, ndcg: 0.128518
--------------------
2026-06-16 15:38:10, Top_40, Val:  recall: 0.201980, ndcg: 0.110890
2026-06-16 15:38:10, Top_40, Test: recall: 0.202581, ndcg: 0.145984
--------------------
2026-06-16 15:38:10, Top_80, Val:  recall: 0.258756, ndcg: 0.123820
2026-06-16 15:38:10, Top_80, Test: recall: 0.259108, ndcg: 0.162863
--------------------
top20 as the final evaluation standard
褰撳墠缃戞牸鍙傛暟: 0.00 + 0.00
2026-06-16 15:38:10, Best in epoch 14, TOP 10: REC_V=0.11087, NDCG_V=0.08366
2026-06-16 15:38:10, Best in epoch 14, TOP 10: REC_T=0.11133, NDCG_T=0.11180
2026-06-16 15:38:10, Best in epoch 14, TOP 20: REC_V=0.15269, NDCG_V=0.09752
2026-06-16 15:38:10, Best in epoch 14, TOP 20: REC_T=0.15293, NDCG_T=0.12852
2026-06-16 15:38:10, Best in epoch 14, TOP 40: REC_V=0.20198, NDCG_V=0.11089
2026-06-16 15:38:10, Best in epoch 14, TOP 40: REC_T=0.20258, NDCG_T=0.14598
2026-06-16 15:38:10, Best in epoch 14, TOP 80: REC_V=0.25876, NDCG_V=0.12382
2026-06-16 15:38:10, Best in epoch 14, TOP 80: REC_T=0.25911, NDCG_T=0.16286
[Module1 Ablation] experiment=M1E_z0_k9 strategy=pooled_z0 k=9 epoch=16/30
[Module1 Ablation] experiment=M1E_z0_k9 strategy=pooled_z0 k=9 epoch=17/30
[Module1 Ablation] experiment=M1E_z0_k9 strategy=pooled_z0 k=9 epoch=18/30
[Module1 Ablation] experiment=M1E_z0_k9 strategy=pooled_z0 k=9 epoch=19/30
[Module1 Ablation] experiment=M1E_z0_k9 strategy=pooled_z0 k=9 epoch=20/30
2026-06-16 15:43:08, Top_10, Val:  recall: 0.110531, ndcg: 0.083002
2026-06-16 15:43:08, Top_10, Test: recall: 0.111394, ndcg: 0.111275
--------------------
2026-06-16 15:43:08, Top_20, Val:  recall: 0.153536, ndcg: 0.097223
2026-06-16 15:43:08, Top_20, Test: recall: 0.154016, ndcg: 0.128458
--------------------
2026-06-16 15:43:08, Top_40, Val:  recall: 0.204938, ndcg: 0.111189
2026-06-16 15:43:08, Top_40, Test: recall: 0.204725, ndcg: 0.146322
--------------------
2026-06-16 15:43:08, Top_80, Val:  recall: 0.263249, ndcg: 0.124469
2026-06-16 15:43:08, Top_80, Test: recall: 0.263109, ndcg: 0.163759
--------------------
top20 as the final evaluation standard
褰撳墠缃戞牸鍙傛暟: 0.00 + 0.00
2026-06-16 15:43:08, Best in epoch 19, TOP 10: REC_V=0.11053, NDCG_V=0.08300
2026-06-16 15:43:08, Best in epoch 19, TOP 10: REC_T=0.11139, NDCG_T=0.11128
2026-06-16 15:43:08, Best in epoch 19, TOP 20: REC_V=0.15354, NDCG_V=0.09722
2026-06-16 15:43:08, Best in epoch 19, TOP 20: REC_T=0.15402, NDCG_T=0.12846
2026-06-16 15:43:08, Best in epoch 19, TOP 40: REC_V=0.20494, NDCG_V=0.11119
2026-06-16 15:43:08, Best in epoch 19, TOP 40: REC_T=0.20473, NDCG_T=0.14632
2026-06-16 15:43:08, Best in epoch 19, TOP 80: REC_V=0.26325, NDCG_V=0.12447
2026-06-16 15:43:08, Best in epoch 19, TOP 80: REC_T=0.26311, NDCG_T=0.16376
[Module1 Ablation] experiment=M1E_z0_k9 strategy=pooled_z0 k=9 epoch=21/30
[Module1 Ablation] experiment=M1E_z0_k9 strategy=pooled_z0 k=9 epoch=22/30
[Module1 Ablation] experiment=M1E_z0_k9 strategy=pooled_z0 k=9 epoch=23/30
[Module1 Ablation] experiment=M1E_z0_k9 strategy=pooled_z0 k=9 epoch=24/30
[Module1 Ablation] experiment=M1E_z0_k9 strategy=pooled_z0 k=9 epoch=25/30
2026-06-16 15:48:13, Top_10, Val:  recall: 0.110918, ndcg: 0.082904
2026-06-16 15:48:13, Top_10, Test: recall: 0.111141, ndcg: 0.110940
--------------------
2026-06-16 15:48:13, Top_20, Val:  recall: 0.153611, ndcg: 0.097010
2026-06-16 15:48:13, Top_20, Test: recall: 0.153778, ndcg: 0.128095
--------------------
2026-06-16 15:48:13, Top_40, Val:  recall: 0.204713, ndcg: 0.110880
2026-06-16 15:48:13, Top_40, Test: recall: 0.205534, ndcg: 0.146321
--------------------
2026-06-16 15:48:13, Top_80, Val:  recall: 0.264042, ndcg: 0.124424
2026-06-16 15:48:13, Top_80, Test: recall: 0.264580, ndcg: 0.163936
--------------------
top20 as the final evaluation standard
[Module1 Ablation] experiment=M1E_z0_k9 strategy=pooled_z0 k=9 epoch=26/30
[Module1 Ablation] experiment=M1E_z0_k9 strategy=pooled_z0 k=9 epoch=27/30
[Module1 Ablation] experiment=M1E_z0_k9 strategy=pooled_z0 k=9 epoch=28/30
[Module1 Ablation] experiment=M1E_z0_k9 strategy=pooled_z0 k=9 epoch=29/30
[Module1 Ablation] experiment=M1E_z0_k9 strategy=pooled_z0 k=9 epoch=30/30
2026-06-16 15:53:11, Top_10, Val:  recall: 0.111081, ndcg: 0.083246
2026-06-16 15:53:11, Top_10, Test: recall: 0.111213, ndcg: 0.110714
--------------------
2026-06-16 15:53:11, Top_20, Val:  recall: 0.153626, ndcg: 0.097321
2026-06-16 15:53:11, Top_20, Test: recall: 0.154439, ndcg: 0.128101
--------------------
2026-06-16 15:53:11, Top_40, Val:  recall: 0.206000, ndcg: 0.111527
2026-06-16 15:53:11, Top_40, Test: recall: 0.206003, ndcg: 0.146232
--------------------
2026-06-16 15:53:11, Top_80, Val:  recall: 0.265390, ndcg: 0.125067
2026-06-16 15:53:11, Top_80, Test: recall: 0.264816, ndcg: 0.163793
--------------------
top20 as the final evaluation standard
褰撳墠缃戞牸鍙傛暟: 0.00 + 0.00
2026-06-16 15:53:12, Best in epoch 29, TOP 10: REC_V=0.11108, NDCG_V=0.08325
2026-06-16 15:53:12, Best in epoch 29, TOP 10: REC_T=0.11121, NDCG_T=0.11071
2026-06-16 15:53:12, Best in epoch 29, TOP 20: REC_V=0.15363, NDCG_V=0.09732
2026-06-16 15:53:12, Best in epoch 29, TOP 20: REC_T=0.15444, NDCG_T=0.12810
2026-06-16 15:53:12, Best in epoch 29, TOP 40: REC_V=0.20600, NDCG_V=0.11153
2026-06-16 15:53:12, Best in epoch 29, TOP 40: REC_T=0.20600, NDCG_T=0.14623
2026-06-16 15:53:12, Best in epoch 29, TOP 80: REC_V=0.26539, NDCG_V=0.12507
2026-06-16 15:53:12, Best in epoch 29, TOP 80: REC_T=0.26482, NDCG_T=0.16379
