load config file done!
Global random seed set to: 2026
>>>>>>>>>>B-I statistics>>>>>>>>>>
Average interactions 3.86061954498291
Non-zero rows 1.0
Non-zero columns 1.0
Matrix density 9.070365408454437e-05
>>>>>>>>>>U-I statistics>>>>>>>>>>
Average interactions 42.50041580200195
Non-zero rows 0.9989980889474368
Non-zero columns 0.9486643328712732
Matrix density 0.0009985296492948938
>>>>>>>>>>U-B statistics in train>>>>>>>>>>
Average interactions 22.5184326171875
Non-zero rows 1.0
Non-zero columns 1.0
Matrix density 0.0008131159568128954
>>>>>>>>>>U-B statistics in tune>>>>>>>>>>
Average interactions 2.764662265777588
Non-zero rows 1.0
Non-zero columns 0.8580558965840976
Matrix density 9.98289241748367e-05
>>>>>>>>>>U-B statistics in test>>>>>>>>>>
Average interactions 5.882052898406982
Non-zero rows 1.0
Non-zero columns 0.9736043908427818
Matrix density 0.00021239448271911793
{'data_path': './datasets', 'train_style': 'dwt', 'batch_size_train': 2048, 'batch_size_test': 2048, 'topk': [10, 20, 40, 80], 'neg_num': 1, 'seed': 2026, 'aug_type': 'Noise', 'ed_interval': 1, 'embedding_sizes': [64], 'num_layerss': [2], 'UB_ratios': [0.05], 'UI_ratios': [0.0], 'BI_ratios': [0.2], 'fusion_weights': {'modal_weight': [0.0, 0.5, 0.5], 'UB_layer': [0.5, 0.5, 0.0], 'UI_layer': [0.3, 0.4, 0.3], 'BI_layer': [0.5, 0.5, 0.0]}, 'lrs': [0.001], 'l2_regs': [1e-05], 'c_lambdas': [0.1], 'c_temps': [0.2], 'epochs': 30, 'test_interval': 5, 'dwt': {'rebuild_strategy': 'pooled_z0', 'use_latent_diffusion_rebuild': True, 'rebuild_k': 3, 'latent_diffusion_user_embedding_path': './datasets/iFashion_UB_emb/iFashion_UB-user-04261842.pt', 'latent_diffusion_bundle_embedding_path': './datasets/iFashion_UB_emb/iFashion_UB-bundle-04261842.pt', 'latent_diffusion_hidden_dim': 128, 'latent_diffusion_time_dim': 16, 'latent_diffusion_denoiser_layers': 2, 'latent_diffusion_dropout': 0.1, 'latent_diffusion_num_steps': 12, 'latent_diffusion_beta_start': 0.0001, 'latent_diffusion_beta_end': 0.02, 'latent_diffusion_set_loss_weight': 0.05, 'latent_diffusion_lr': 0.001, 'latent_diffusion_weight_decay': 1e-05, 'latent_diffusion_batch_size': 1024, 'latent_diffusion_infer_batch_size': 256, 'latent_diffusion_reset_after_epoch': -1, 'latent_diffusion_reset_optimizer': False, 'gamma_1': 0.3, 'gamma_2': 0.2, 'tau': 0.08, 'lambda_1': 0.3, 'lambda_2': 1e-06}, 'anchor_cl': {'enabled': False, 'anchor_cl_lambda': 0.07, 'temp': 0.2, 'user_cl': True, 'bundle_cl': True, 'ub_ui_user_weight': 1.0, 'ub_bi_user_weight': 1.0, 'ub_ui_bundle_weight': 1.0, 'ub_bi_bundle_weight': 1.0}, 'ui_bundle_user_agg_beta': 0, 'bi_user_bundle_agg_beta': 0, 'dataset': 'iFashion', 'model': 'AnchorViewBundleNet', 'gpu': '0', 'info': 'M1E_z0_k3', 'num_users': 53897, 'num_bundles': 27694, 'num_items': 42563, 'device': device(type='cuda', index=0)}
train_style: dwt
==================== DWT Module1 experiment: dataset=iFashion strategy=pooled_z0 k=3 info=M1E_z0_k3 ====================
[Module1 Ablation] diffusion_rebuilder=disabled; ub_rebuild_schedule=pooled z0 similarity Top-K, built once
>>>>>>>>>>U-B statistics from pooled z0 Top-K rebuild>>>>>>>>>>
Average interactions 3.0
Non-zero rows 1.0
Non-zero columns 0.2861269589080667
Matrix density 0.00010832671336751643
[ub_rebuild/pooled_z0] epoch=1 dataset=iFashion rebuilt_edges=161691 avg_user_edges=3.000000 user_coverage=1.000000 bundle_coverage=0.286127 density=0.0001083267
[Module1 Ablation] experiment=M1E_z0_k3 strategy=pooled_z0 k=3 epoch=1/30
[Module1 Ablation] experiment=M1E_z0_k3 strategy=pooled_z0 k=3 epoch=2/30
[Module1 Ablation] experiment=M1E_z0_k3 strategy=pooled_z0 k=3 epoch=3/30
[Module1 Ablation] experiment=M1E_z0_k3 strategy=pooled_z0 k=3 epoch=4/30
[Module1 Ablation] experiment=M1E_z0_k3 strategy=pooled_z0 k=3 epoch=5/30
2026-06-16 13:54:35, Top_10, Val:  recall: 0.088991, ndcg: 0.070642
2026-06-16 13:54:35, Top_10, Test: recall: 0.090248, ndcg: 0.094326
--------------------
2026-06-16 13:54:35, Top_20, Val:  recall: 0.118484, ndcg: 0.080371
2026-06-16 13:54:35, Top_20, Test: recall: 0.119249, ndcg: 0.105862
--------------------
2026-06-16 13:54:35, Top_40, Val:  recall: 0.154143, ndcg: 0.090016
2026-06-16 13:54:35, Top_40, Test: recall: 0.154310, ndcg: 0.118204
--------------------
2026-06-16 13:54:35, Top_80, Val:  recall: 0.195933, ndcg: 0.099530
2026-06-16 13:54:35, Top_80, Test: recall: 0.196403, ndcg: 0.130725
--------------------
top20 as the final evaluation standard
褰撳墠缃戞牸鍙傛暟: 0.00 + 0.00
2026-06-16 13:54:35, Best in epoch 4, TOP 10: REC_V=0.08899, NDCG_V=0.07064
2026-06-16 13:54:35, Best in epoch 4, TOP 10: REC_T=0.09025, NDCG_T=0.09433
2026-06-16 13:54:35, Best in epoch 4, TOP 20: REC_V=0.11848, NDCG_V=0.08037
2026-06-16 13:54:35, Best in epoch 4, TOP 20: REC_T=0.11925, NDCG_T=0.10586
2026-06-16 13:54:35, Best in epoch 4, TOP 40: REC_V=0.15414, NDCG_V=0.09002
2026-06-16 13:54:35, Best in epoch 4, TOP 40: REC_T=0.15431, NDCG_T=0.11820
2026-06-16 13:54:35, Best in epoch 4, TOP 80: REC_V=0.19593, NDCG_V=0.09953
2026-06-16 13:54:35, Best in epoch 4, TOP 80: REC_T=0.19640, NDCG_T=0.13073
[Module1 Ablation] experiment=M1E_z0_k3 strategy=pooled_z0 k=3 epoch=6/30
[Module1 Ablation] experiment=M1E_z0_k3 strategy=pooled_z0 k=3 epoch=7/30
[Module1 Ablation] experiment=M1E_z0_k3 strategy=pooled_z0 k=3 epoch=8/30
[Module1 Ablation] experiment=M1E_z0_k3 strategy=pooled_z0 k=3 epoch=9/30
[Module1 Ablation] experiment=M1E_z0_k3 strategy=pooled_z0 k=3 epoch=10/30
2026-06-16 13:59:12, Top_10, Val:  recall: 0.106553, ndcg: 0.082807
2026-06-16 13:59:12, Top_10, Test: recall: 0.107980, ndcg: 0.110925
--------------------
2026-06-16 13:59:12, Top_20, Val:  recall: 0.143309, ndcg: 0.094918
2026-06-16 13:59:12, Top_20, Test: recall: 0.144743, ndcg: 0.125619
--------------------
2026-06-16 13:59:12, Top_40, Val:  recall: 0.186968, ndcg: 0.106795
2026-06-16 13:59:12, Top_40, Test: recall: 0.189022, ndcg: 0.141184
--------------------
2026-06-16 13:59:12, Top_80, Val:  recall: 0.237216, ndcg: 0.118234
2026-06-16 13:59:12, Top_80, Test: recall: 0.238818, ndcg: 0.156059
--------------------
top20 as the final evaluation standard
褰撳墠缃戞牸鍙傛暟: 0.00 + 0.00
2026-06-16 13:59:12, Best in epoch 9, TOP 10: REC_V=0.10655, NDCG_V=0.08281
2026-06-16 13:59:12, Best in epoch 9, TOP 10: REC_T=0.10798, NDCG_T=0.11093
2026-06-16 13:59:12, Best in epoch 9, TOP 20: REC_V=0.14331, NDCG_V=0.09492
2026-06-16 13:59:12, Best in epoch 9, TOP 20: REC_T=0.14474, NDCG_T=0.12562
2026-06-16 13:59:12, Best in epoch 9, TOP 40: REC_V=0.18697, NDCG_V=0.10679
2026-06-16 13:59:12, Best in epoch 9, TOP 40: REC_T=0.18902, NDCG_T=0.14118
2026-06-16 13:59:12, Best in epoch 9, TOP 80: REC_V=0.23722, NDCG_V=0.11823
2026-06-16 13:59:12, Best in epoch 9, TOP 80: REC_T=0.23882, NDCG_T=0.15606
[Module1 Ablation] experiment=M1E_z0_k3 strategy=pooled_z0 k=3 epoch=11/30
[Module1 Ablation] experiment=M1E_z0_k3 strategy=pooled_z0 k=3 epoch=12/30
[Module1 Ablation] experiment=M1E_z0_k3 strategy=pooled_z0 k=3 epoch=13/30
[Module1 Ablation] experiment=M1E_z0_k3 strategy=pooled_z0 k=3 epoch=14/30
[Module1 Ablation] experiment=M1E_z0_k3 strategy=pooled_z0 k=3 epoch=15/30
2026-06-16 14:03:57, Top_10, Val:  recall: 0.112151, ndcg: 0.085249
2026-06-16 14:03:57, Top_10, Test: recall: 0.112809, ndcg: 0.114210
--------------------
2026-06-16 14:03:57, Top_20, Val:  recall: 0.152150, ndcg: 0.098470
2026-06-16 14:03:57, Top_20, Test: recall: 0.153033, ndcg: 0.130338
--------------------
2026-06-16 14:03:57, Top_40, Val:  recall: 0.199450, ndcg: 0.111326
2026-06-16 14:03:57, Top_40, Test: recall: 0.200580, ndcg: 0.147087
--------------------
2026-06-16 14:03:57, Top_80, Val:  recall: 0.254481, ndcg: 0.123875
2026-06-16 14:03:57, Top_80, Test: recall: 0.255030, ndcg: 0.163352
--------------------
top20 as the final evaluation standard
褰撳墠缃戞牸鍙傛暟: 0.00 + 0.00
2026-06-16 14:03:57, Best in epoch 14, TOP 10: REC_V=0.11215, NDCG_V=0.08525
2026-06-16 14:03:57, Best in epoch 14, TOP 10: REC_T=0.11281, NDCG_T=0.11421
2026-06-16 14:03:57, Best in epoch 14, TOP 20: REC_V=0.15215, NDCG_V=0.09847
2026-06-16 14:03:57, Best in epoch 14, TOP 20: REC_T=0.15303, NDCG_T=0.13034
2026-06-16 14:03:57, Best in epoch 14, TOP 40: REC_V=0.19945, NDCG_V=0.11133
2026-06-16 14:03:57, Best in epoch 14, TOP 40: REC_T=0.20058, NDCG_T=0.14709
2026-06-16 14:03:57, Best in epoch 14, TOP 80: REC_V=0.25448, NDCG_V=0.12387
2026-06-16 14:03:57, Best in epoch 14, TOP 80: REC_T=0.25503, NDCG_T=0.16335
[Module1 Ablation] experiment=M1E_z0_k3 strategy=pooled_z0 k=3 epoch=16/30
[Module1 Ablation] experiment=M1E_z0_k3 strategy=pooled_z0 k=3 epoch=17/30
[Module1 Ablation] experiment=M1E_z0_k3 strategy=pooled_z0 k=3 epoch=18/30
[Module1 Ablation] experiment=M1E_z0_k3 strategy=pooled_z0 k=3 epoch=19/30
[Module1 Ablation] experiment=M1E_z0_k3 strategy=pooled_z0 k=3 epoch=20/30
2026-06-16 14:08:49, Top_10, Val:  recall: 0.112539, ndcg: 0.084730
2026-06-16 14:08:49, Top_10, Test: recall: 0.114481, ndcg: 0.114786
--------------------
2026-06-16 14:08:49, Top_20, Val:  recall: 0.154694, ndcg: 0.098657
2026-06-16 14:08:49, Top_20, Test: recall: 0.155627, ndcg: 0.131300
--------------------
2026-06-16 14:08:49, Top_40, Val:  recall: 0.203984, ndcg: 0.112049
2026-06-16 14:08:49, Top_40, Test: recall: 0.204440, ndcg: 0.148475
--------------------
2026-06-16 14:08:49, Top_80, Val:  recall: 0.259461, ndcg: 0.124733
2026-06-16 14:08:49, Top_80, Test: recall: 0.260768, ndcg: 0.165326
--------------------
top20 as the final evaluation standard
褰撳墠缃戞牸鍙傛暟: 0.00 + 0.00
2026-06-16 14:08:49, Best in epoch 19, TOP 10: REC_V=0.11254, NDCG_V=0.08473
2026-06-16 14:08:49, Best in epoch 19, TOP 10: REC_T=0.11448, NDCG_T=0.11479
2026-06-16 14:08:49, Best in epoch 19, TOP 20: REC_V=0.15469, NDCG_V=0.09866
2026-06-16 14:08:49, Best in epoch 19, TOP 20: REC_T=0.15563, NDCG_T=0.13130
2026-06-16 14:08:49, Best in epoch 19, TOP 40: REC_V=0.20398, NDCG_V=0.11205
2026-06-16 14:08:49, Best in epoch 19, TOP 40: REC_T=0.20444, NDCG_T=0.14847
2026-06-16 14:08:49, Best in epoch 19, TOP 80: REC_V=0.25946, NDCG_V=0.12473
2026-06-16 14:08:49, Best in epoch 19, TOP 80: REC_T=0.26077, NDCG_T=0.16533
[Module1 Ablation] experiment=M1E_z0_k3 strategy=pooled_z0 k=3 epoch=21/30
[Module1 Ablation] experiment=M1E_z0_k3 strategy=pooled_z0 k=3 epoch=22/30
[Module1 Ablation] experiment=M1E_z0_k3 strategy=pooled_z0 k=3 epoch=23/30
[Module1 Ablation] experiment=M1E_z0_k3 strategy=pooled_z0 k=3 epoch=24/30
[Module1 Ablation] experiment=M1E_z0_k3 strategy=pooled_z0 k=3 epoch=25/30
2026-06-16 14:13:38, Top_10, Val:  recall: 0.113407, ndcg: 0.085174
2026-06-16 14:13:38, Top_10, Test: recall: 0.114443, ndcg: 0.114672
--------------------
2026-06-16 14:13:38, Top_20, Val:  recall: 0.156029, ndcg: 0.099263
2026-06-16 14:13:38, Top_20, Test: recall: 0.156542, ndcg: 0.131555
--------------------
2026-06-16 14:13:38, Top_40, Val:  recall: 0.205652, ndcg: 0.112770
2026-06-16 14:13:38, Top_40, Test: recall: 0.206224, ndcg: 0.149048
--------------------
2026-06-16 14:13:38, Top_80, Val:  recall: 0.261084, ndcg: 0.125423
2026-06-16 14:13:38, Top_80, Test: recall: 0.262219, ndcg: 0.165791
--------------------
top20 as the final evaluation standard
褰撳墠缃戞牸鍙傛暟: 0.00 + 0.00
2026-06-16 14:13:38, Best in epoch 24, TOP 10: REC_V=0.11341, NDCG_V=0.08517
2026-06-16 14:13:38, Best in epoch 24, TOP 10: REC_T=0.11444, NDCG_T=0.11467
2026-06-16 14:13:38, Best in epoch 24, TOP 20: REC_V=0.15603, NDCG_V=0.09926
2026-06-16 14:13:38, Best in epoch 24, TOP 20: REC_T=0.15654, NDCG_T=0.13155
2026-06-16 14:13:38, Best in epoch 24, TOP 40: REC_V=0.20565, NDCG_V=0.11277
2026-06-16 14:13:38, Best in epoch 24, TOP 40: REC_T=0.20622, NDCG_T=0.14905
2026-06-16 14:13:38, Best in epoch 24, TOP 80: REC_V=0.26108, NDCG_V=0.12542
2026-06-16 14:13:38, Best in epoch 24, TOP 80: REC_T=0.26222, NDCG_T=0.16579
[Module1 Ablation] experiment=M1E_z0_k3 strategy=pooled_z0 k=3 epoch=26/30
[Module1 Ablation] experiment=M1E_z0_k3 strategy=pooled_z0 k=3 epoch=27/30
[Module1 Ablation] experiment=M1E_z0_k3 strategy=pooled_z0 k=3 epoch=28/30
[Module1 Ablation] experiment=M1E_z0_k3 strategy=pooled_z0 k=3 epoch=29/30
[Module1 Ablation] experiment=M1E_z0_k3 strategy=pooled_z0 k=3 epoch=30/30
2026-06-16 14:18:27, Top_10, Val:  recall: 0.113114, ndcg: 0.084992
2026-06-16 14:18:27, Top_10, Test: recall: 0.114134, ndcg: 0.114480
--------------------
2026-06-16 14:18:27, Top_20, Val:  recall: 0.156145, ndcg: 0.099235
2026-06-16 14:18:27, Top_20, Test: recall: 0.156530, ndcg: 0.131499
--------------------
2026-06-16 14:18:27, Top_40, Val:  recall: 0.206065, ndcg: 0.112821
2026-06-16 14:18:27, Top_40, Test: recall: 0.206213, ndcg: 0.149001
--------------------
2026-06-16 14:18:27, Top_80, Val:  recall: 0.261932, ndcg: 0.125572
2026-06-16 14:18:27, Top_80, Test: recall: 0.263474, ndcg: 0.166103
--------------------
top20 as the final evaluation standard
褰撳墠缃戞牸鍙傛暟: 0.00 + 0.00
2026-06-16 14:18:27, Best in epoch 29, TOP 10: REC_V=0.11311, NDCG_V=0.08499
2026-06-16 14:18:27, Best in epoch 29, TOP 10: REC_T=0.11413, NDCG_T=0.11448
2026-06-16 14:18:27, Best in epoch 29, TOP 20: REC_V=0.15614, NDCG_V=0.09923
2026-06-16 14:18:27, Best in epoch 29, TOP 20: REC_T=0.15653, NDCG_T=0.13150
2026-06-16 14:18:27, Best in epoch 29, TOP 40: REC_V=0.20606, NDCG_V=0.11282
2026-06-16 14:18:27, Best in epoch 29, TOP 40: REC_T=0.20621, NDCG_T=0.14900
2026-06-16 14:18:27, Best in epoch 29, TOP 80: REC_V=0.26193, NDCG_V=0.12557
2026-06-16 14:18:27, Best in epoch 29, TOP 80: REC_T=0.26347, NDCG_T=0.16610
