load config file done!
Global random seed set to: 2026
>>>>>>>>>>B-I statistics>>>>>>>>>>
Average interactions 3.86061954498291
Non-zero rows 1.0
Non-zero columns 1.0
Matrix density 9.070365408454437e-05
>>>>>>>>>>U-I statistics>>>>>>>>>>
Average interactions 42.50041580200195
Non-zero rows 0.9989980889474368
Non-zero columns 0.9486643328712732
Matrix density 0.0009985296492948938
>>>>>>>>>>U-B statistics in train>>>>>>>>>>
Average interactions 22.5184326171875
Non-zero rows 1.0
Non-zero columns 1.0
Matrix density 0.0008131159568128954
>>>>>>>>>>U-B statistics in tune>>>>>>>>>>
Average interactions 2.764662265777588
Non-zero rows 1.0
Non-zero columns 0.8580558965840976
Matrix density 9.98289241748367e-05
>>>>>>>>>>U-B statistics in test>>>>>>>>>>
Average interactions 5.882052898406982
Non-zero rows 1.0
Non-zero columns 0.9736043908427818
Matrix density 0.00021239448271911793
{'data_path': './datasets', 'train_style': 'dwt', 'batch_size_train': 2048, 'batch_size_test': 2048, 'topk': [10, 20, 40, 80], 'neg_num': 1, 'seed': 2026, 'aug_type': 'Noise', 'ed_interval': 1, 'embedding_sizes': [64], 'num_layerss': [2], 'UB_ratios': [0.05], 'UI_ratios': [0.0], 'BI_ratios': [0.2], 'fusion_weights': {'modal_weight': [0.0, 0.5, 0.5], 'UB_layer': [0.5, 0.5, 0.0], 'UI_layer': [0.3, 0.4, 0.3], 'BI_layer': [0.5, 0.5, 0.0]}, 'lrs': [0.001], 'l2_regs': [1e-05], 'c_lambdas': [0.1], 'c_temps': [0.2], 'epochs': 30, 'test_interval': 5, 'dwt': {'rebuild_strategy': 'pooled_z0', 'use_latent_diffusion_rebuild': True, 'rebuild_k': 5, 'latent_diffusion_user_embedding_path': './datasets/iFashion_UB_emb/iFashion_UB-user-04261842.pt', 'latent_diffusion_bundle_embedding_path': './datasets/iFashion_UB_emb/iFashion_UB-bundle-04261842.pt', 'latent_diffusion_hidden_dim': 128, 'latent_diffusion_time_dim': 16, 'latent_diffusion_denoiser_layers': 2, 'latent_diffusion_dropout': 0.1, 'latent_diffusion_num_steps': 12, 'latent_diffusion_beta_start': 0.0001, 'latent_diffusion_beta_end': 0.02, 'latent_diffusion_set_loss_weight': 0.05, 'latent_diffusion_lr': 0.001, 'latent_diffusion_weight_decay': 1e-05, 'latent_diffusion_batch_size': 1024, 'latent_diffusion_infer_batch_size': 256, 'latent_diffusion_reset_after_epoch': -1, 'latent_diffusion_reset_optimizer': False, 'gamma_1': 0.3, 'gamma_2': 0.2, 'tau': 0.08, 'lambda_1': 0.3, 'lambda_2': 1e-06}, 'anchor_cl': {'enabled': False, 'anchor_cl_lambda': 0.07, 'temp': 0.2, 'user_cl': True, 'bundle_cl': True, 'ub_ui_user_weight': 1.0, 'ub_bi_user_weight': 1.0, 'ub_ui_bundle_weight': 1.0, 'ub_bi_bundle_weight': 1.0}, 'ui_bundle_user_agg_beta': 0, 'bi_user_bundle_agg_beta': 0, 'dataset': 'iFashion', 'model': 'AnchorViewBundleNet', 'gpu': '0', 'info': 'M1E_z0_k5', 'num_users': 53897, 'num_bundles': 27694, 'num_items': 42563, 'device': device(type='cuda', index=0)}
train_style: dwt
==================== DWT Module1 experiment: dataset=iFashion strategy=pooled_z0 k=5 info=M1E_z0_k5 ====================
[Module1 Ablation] diffusion_rebuilder=disabled; ub_rebuild_schedule=pooled z0 similarity Top-K, built once
>>>>>>>>>>U-B statistics from pooled z0 Top-K rebuild>>>>>>>>>>
Average interactions 5.0
Non-zero rows 1.0
Non-zero columns 0.3957174839315375
Matrix density 0.00018054452227919405
[ub_rebuild/pooled_z0] epoch=1 dataset=iFashion rebuilt_edges=269485 avg_user_edges=5.000000 user_coverage=1.000000 bundle_coverage=0.395717 density=0.0001805445
[Module1 Ablation] experiment=M1E_z0_k5 strategy=pooled_z0 k=5 epoch=1/30
[Module1 Ablation] experiment=M1E_z0_k5 strategy=pooled_z0 k=5 epoch=2/30
[Module1 Ablation] experiment=M1E_z0_k5 strategy=pooled_z0 k=5 epoch=3/30
[Module1 Ablation] experiment=M1E_z0_k5 strategy=pooled_z0 k=5 epoch=4/30
[Module1 Ablation] experiment=M1E_z0_k5 strategy=pooled_z0 k=5 epoch=5/30
2026-06-16 14:23:48, Top_10, Val:  recall: 0.091686, ndcg: 0.072712
2026-06-16 14:23:48, Top_10, Test: recall: 0.092423, ndcg: 0.097084
--------------------
2026-06-16 14:23:48, Top_20, Val:  recall: 0.121968, ndcg: 0.082717
2026-06-16 14:23:48, Top_20, Test: recall: 0.122249, ndcg: 0.108969
--------------------
2026-06-16 14:23:48, Top_40, Val:  recall: 0.157334, ndcg: 0.092330
2026-06-16 14:23:48, Top_40, Test: recall: 0.158602, ndcg: 0.121742
--------------------
2026-06-16 14:23:48, Top_80, Val:  recall: 0.201041, ndcg: 0.102261
2026-06-16 14:23:48, Top_80, Test: recall: 0.201803, ndcg: 0.134628
--------------------
top20 as the final evaluation standard
褰撳墠缃戞牸鍙傛暟: 0.00 + 0.00
2026-06-16 14:23:48, Best in epoch 4, TOP 10: REC_V=0.09169, NDCG_V=0.07271
2026-06-16 14:23:48, Best in epoch 4, TOP 10: REC_T=0.09242, NDCG_T=0.09708
2026-06-16 14:23:48, Best in epoch 4, TOP 20: REC_V=0.12197, NDCG_V=0.08272
2026-06-16 14:23:48, Best in epoch 4, TOP 20: REC_T=0.12225, NDCG_T=0.10897
2026-06-16 14:23:48, Best in epoch 4, TOP 40: REC_V=0.15733, NDCG_V=0.09233
2026-06-16 14:23:48, Best in epoch 4, TOP 40: REC_T=0.15860, NDCG_T=0.12174
2026-06-16 14:23:48, Best in epoch 4, TOP 80: REC_V=0.20104, NDCG_V=0.10226
2026-06-16 14:23:48, Best in epoch 4, TOP 80: REC_T=0.20180, NDCG_T=0.13463
[Module1 Ablation] experiment=M1E_z0_k5 strategy=pooled_z0 k=5 epoch=6/30
[Module1 Ablation] experiment=M1E_z0_k5 strategy=pooled_z0 k=5 epoch=7/30
[Module1 Ablation] experiment=M1E_z0_k5 strategy=pooled_z0 k=5 epoch=8/30
[Module1 Ablation] experiment=M1E_z0_k5 strategy=pooled_z0 k=5 epoch=9/30
[Module1 Ablation] experiment=M1E_z0_k5 strategy=pooled_z0 k=5 epoch=10/30
2026-06-16 14:28:43, Top_10, Val:  recall: 0.107173, ndcg: 0.083457
2026-06-16 14:28:43, Top_10, Test: recall: 0.108996, ndcg: 0.111953
--------------------
2026-06-16 14:28:43, Top_20, Val:  recall: 0.143582, ndcg: 0.095508
2026-06-16 14:28:43, Top_20, Test: recall: 0.145722, ndcg: 0.126608
--------------------
2026-06-16 14:28:43, Top_40, Val:  recall: 0.188104, ndcg: 0.107564
2026-06-16 14:28:43, Top_40, Test: recall: 0.188652, ndcg: 0.141730
--------------------
2026-06-16 14:28:43, Top_80, Val:  recall: 0.239130, ndcg: 0.119207
2026-06-16 14:28:43, Top_80, Test: recall: 0.239224, ndcg: 0.156828
--------------------
top20 as the final evaluation standard
褰撳墠缃戞牸鍙傛暟: 0.00 + 0.00
2026-06-16 14:28:43, Best in epoch 9, TOP 10: REC_V=0.10717, NDCG_V=0.08346
2026-06-16 14:28:43, Best in epoch 9, TOP 10: REC_T=0.10900, NDCG_T=0.11195
2026-06-16 14:28:43, Best in epoch 9, TOP 20: REC_V=0.14358, NDCG_V=0.09551
2026-06-16 14:28:43, Best in epoch 9, TOP 20: REC_T=0.14572, NDCG_T=0.12661
2026-06-16 14:28:43, Best in epoch 9, TOP 40: REC_V=0.18810, NDCG_V=0.10756
2026-06-16 14:28:43, Best in epoch 9, TOP 40: REC_T=0.18865, NDCG_T=0.14173
2026-06-16 14:28:43, Best in epoch 9, TOP 80: REC_V=0.23913, NDCG_V=0.11921
2026-06-16 14:28:43, Best in epoch 9, TOP 80: REC_T=0.23922, NDCG_T=0.15683
[Module1 Ablation] experiment=M1E_z0_k5 strategy=pooled_z0 k=5 epoch=11/30
[Module1 Ablation] experiment=M1E_z0_k5 strategy=pooled_z0 k=5 epoch=12/30
[Module1 Ablation] experiment=M1E_z0_k5 strategy=pooled_z0 k=5 epoch=13/30
[Module1 Ablation] experiment=M1E_z0_k5 strategy=pooled_z0 k=5 epoch=14/30
[Module1 Ablation] experiment=M1E_z0_k5 strategy=pooled_z0 k=5 epoch=15/30
2026-06-16 14:33:25, Top_10, Val:  recall: 0.111895, ndcg: 0.085534
2026-06-16 14:33:25, Top_10, Test: recall: 0.112826, ndcg: 0.114369
--------------------
2026-06-16 14:33:25, Top_20, Val:  recall: 0.152009, ndcg: 0.098823
2026-06-16 14:33:25, Top_20, Test: recall: 0.152660, ndcg: 0.130302
--------------------
2026-06-16 14:33:25, Top_40, Val:  recall: 0.199535, ndcg: 0.111725
2026-06-16 14:33:25, Top_40, Test: recall: 0.200269, ndcg: 0.147083
--------------------
2026-06-16 14:33:25, Top_80, Val:  recall: 0.255120, ndcg: 0.124375
2026-06-16 14:33:25, Top_80, Test: recall: 0.254562, ndcg: 0.163288
--------------------
top20 as the final evaluation standard
褰撳墠缃戞牸鍙傛暟: 0.00 + 0.00
2026-06-16 14:33:26, Best in epoch 14, TOP 10: REC_V=0.11189, NDCG_V=0.08553
2026-06-16 14:33:26, Best in epoch 14, TOP 10: REC_T=0.11283, NDCG_T=0.11437
2026-06-16 14:33:26, Best in epoch 14, TOP 20: REC_V=0.15201, NDCG_V=0.09882
2026-06-16 14:33:26, Best in epoch 14, TOP 20: REC_T=0.15266, NDCG_T=0.13030
2026-06-16 14:33:26, Best in epoch 14, TOP 40: REC_V=0.19954, NDCG_V=0.11173
2026-06-16 14:33:26, Best in epoch 14, TOP 40: REC_T=0.20027, NDCG_T=0.14708
2026-06-16 14:33:26, Best in epoch 14, TOP 80: REC_V=0.25512, NDCG_V=0.12437
2026-06-16 14:33:26, Best in epoch 14, TOP 80: REC_T=0.25456, NDCG_T=0.16329
[Module1 Ablation] experiment=M1E_z0_k5 strategy=pooled_z0 k=5 epoch=16/30
[Module1 Ablation] experiment=M1E_z0_k5 strategy=pooled_z0 k=5 epoch=17/30
[Module1 Ablation] experiment=M1E_z0_k5 strategy=pooled_z0 k=5 epoch=18/30
[Module1 Ablation] experiment=M1E_z0_k5 strategy=pooled_z0 k=5 epoch=19/30
[Module1 Ablation] experiment=M1E_z0_k5 strategy=pooled_z0 k=5 epoch=20/30
2026-06-16 14:38:19, Top_10, Val:  recall: 0.112524, ndcg: 0.085448
2026-06-16 14:38:19, Top_10, Test: recall: 0.113740, ndcg: 0.114683
--------------------
2026-06-16 14:38:19, Top_20, Val:  recall: 0.153678, ndcg: 0.099067
2026-06-16 14:38:19, Top_20, Test: recall: 0.155050, ndcg: 0.131214
--------------------
2026-06-16 14:38:19, Top_40, Val:  recall: 0.203092, ndcg: 0.112482
2026-06-16 14:38:19, Top_40, Test: recall: 0.203738, ndcg: 0.148383
--------------------
2026-06-16 14:38:19, Top_80, Val:  recall: 0.259089, ndcg: 0.125240
2026-06-16 14:38:19, Top_80, Test: recall: 0.259902, ndcg: 0.165151
--------------------
top20 as the final evaluation standard
褰撳墠缃戞牸鍙傛暟: 0.00 + 0.00
2026-06-16 14:38:19, Best in epoch 19, TOP 10: REC_V=0.11252, NDCG_V=0.08545
2026-06-16 14:38:19, Best in epoch 19, TOP 10: REC_T=0.11374, NDCG_T=0.11468
2026-06-16 14:38:19, Best in epoch 19, TOP 20: REC_V=0.15368, NDCG_V=0.09907
2026-06-16 14:38:19, Best in epoch 19, TOP 20: REC_T=0.15505, NDCG_T=0.13121
2026-06-16 14:38:19, Best in epoch 19, TOP 40: REC_V=0.20309, NDCG_V=0.11248
2026-06-16 14:38:19, Best in epoch 19, TOP 40: REC_T=0.20374, NDCG_T=0.14838
2026-06-16 14:38:19, Best in epoch 19, TOP 80: REC_V=0.25909, NDCG_V=0.12524
2026-06-16 14:38:19, Best in epoch 19, TOP 80: REC_T=0.25990, NDCG_T=0.16515
[Module1 Ablation] experiment=M1E_z0_k5 strategy=pooled_z0 k=5 epoch=21/30
[Module1 Ablation] experiment=M1E_z0_k5 strategy=pooled_z0 k=5 epoch=22/30
[Module1 Ablation] experiment=M1E_z0_k5 strategy=pooled_z0 k=5 epoch=23/30
[Module1 Ablation] experiment=M1E_z0_k5 strategy=pooled_z0 k=5 epoch=24/30
[Module1 Ablation] experiment=M1E_z0_k5 strategy=pooled_z0 k=5 epoch=25/30
2026-06-16 14:43:16, Top_10, Val:  recall: 0.112922, ndcg: 0.085343
2026-06-16 14:43:16, Top_10, Test: recall: 0.113829, ndcg: 0.114396
--------------------
2026-06-16 14:43:16, Top_20, Val:  recall: 0.154659, ndcg: 0.099170
2026-06-16 14:43:16, Top_20, Test: recall: 0.155867, ndcg: 0.131263
--------------------
2026-06-16 14:43:16, Top_40, Val:  recall: 0.204331, ndcg: 0.112656
2026-06-16 14:43:16, Top_40, Test: recall: 0.205392, ndcg: 0.148698
--------------------
2026-06-16 14:43:16, Top_80, Val:  recall: 0.260428, ndcg: 0.125471
2026-06-16 14:43:16, Top_80, Test: recall: 0.261651, ndcg: 0.165505
--------------------
top20 as the final evaluation standard
褰撳墠缃戞牸鍙傛暟: 0.00 + 0.00
2026-06-16 14:43:16, Best in epoch 24, TOP 10: REC_V=0.11292, NDCG_V=0.08534
2026-06-16 14:43:16, Best in epoch 24, TOP 10: REC_T=0.11383, NDCG_T=0.11440
2026-06-16 14:43:16, Best in epoch 24, TOP 20: REC_V=0.15466, NDCG_V=0.09917
2026-06-16 14:43:16, Best in epoch 24, TOP 20: REC_T=0.15587, NDCG_T=0.13126
2026-06-16 14:43:16, Best in epoch 24, TOP 40: REC_V=0.20433, NDCG_V=0.11266
2026-06-16 14:43:16, Best in epoch 24, TOP 40: REC_T=0.20539, NDCG_T=0.14870
2026-06-16 14:43:16, Best in epoch 24, TOP 80: REC_V=0.26043, NDCG_V=0.12547
2026-06-16 14:43:16, Best in epoch 24, TOP 80: REC_T=0.26165, NDCG_T=0.16550
[Module1 Ablation] experiment=M1E_z0_k5 strategy=pooled_z0 k=5 epoch=26/30
[Module1 Ablation] experiment=M1E_z0_k5 strategy=pooled_z0 k=5 epoch=27/30
[Module1 Ablation] experiment=M1E_z0_k5 strategy=pooled_z0 k=5 epoch=28/30
[Module1 Ablation] experiment=M1E_z0_k5 strategy=pooled_z0 k=5 epoch=29/30
[Module1 Ablation] experiment=M1E_z0_k5 strategy=pooled_z0 k=5 epoch=30/30
2026-06-16 14:48:07, Top_10, Val:  recall: 0.114002, ndcg: 0.085831
2026-06-16 14:48:07, Top_10, Test: recall: 0.113901, ndcg: 0.114525
--------------------
2026-06-16 14:48:07, Top_20, Val:  recall: 0.155291, ndcg: 0.099525
2026-06-16 14:48:07, Top_20, Test: recall: 0.156297, ndcg: 0.131526
--------------------
2026-06-16 14:48:07, Top_40, Val:  recall: 0.205200, ndcg: 0.113085
2026-06-16 14:48:07, Top_40, Test: recall: 0.205728, ndcg: 0.148886
--------------------
2026-06-16 14:48:07, Top_80, Val:  recall: 0.261683, ndcg: 0.125957
2026-06-16 14:48:07, Top_80, Test: recall: 0.262671, ndcg: 0.165914
--------------------
top20 as the final evaluation standard
褰撳墠缃戞牸鍙傛暟: 0.00 + 0.00
2026-06-16 14:48:07, Best in epoch 29, TOP 10: REC_V=0.11400, NDCG_V=0.08583
2026-06-16 14:48:07, Best in epoch 29, TOP 10: REC_T=0.11390, NDCG_T=0.11452
2026-06-16 14:48:07, Best in epoch 29, TOP 20: REC_V=0.15529, NDCG_V=0.09952
2026-06-16 14:48:07, Best in epoch 29, TOP 20: REC_T=0.15630, NDCG_T=0.13153
2026-06-16 14:48:07, Best in epoch 29, TOP 40: REC_V=0.20520, NDCG_V=0.11309
2026-06-16 14:48:07, Best in epoch 29, TOP 40: REC_T=0.20573, NDCG_T=0.14889
2026-06-16 14:48:07, Best in epoch 29, TOP 80: REC_V=0.26168, NDCG_V=0.12596
2026-06-16 14:48:07, Best in epoch 29, TOP 80: REC_T=0.26267, NDCG_T=0.16591
