load config file done!
Global random seed set to: 2026
>>>>>>>>>>B-I statistics>>>>>>>>>>
Average interactions 3.86061954498291
Non-zero rows 1.0
Non-zero columns 1.0
Matrix density 9.070365408454437e-05
>>>>>>>>>>U-I statistics>>>>>>>>>>
Average interactions 42.50041580200195
Non-zero rows 0.9989980889474368
Non-zero columns 0.9486643328712732
Matrix density 0.0009985296492948938
>>>>>>>>>>U-B statistics in train>>>>>>>>>>
Average interactions 22.5184326171875
Non-zero rows 1.0
Non-zero columns 1.0
Matrix density 0.0008131159568128954
>>>>>>>>>>U-B statistics in tune>>>>>>>>>>
Average interactions 2.764662265777588
Non-zero rows 1.0
Non-zero columns 0.8580558965840976
Matrix density 9.98289241748367e-05
>>>>>>>>>>U-B statistics in test>>>>>>>>>>
Average interactions 5.882052898406982
Non-zero rows 1.0
Non-zero columns 0.9736043908427818
Matrix density 0.00021239448271911793
{'data_path': './datasets', 'train_style': 'dwt', 'batch_size_train': 2048, 'batch_size_test': 2048, 'topk': [10, 20, 40, 80], 'neg_num': 1, 'seed': 2026, 'aug_type': 'Noise', 'ed_interval': 1, 'embedding_sizes': [64], 'num_layerss': [2], 'UB_ratios': [0.05], 'UI_ratios': [0.0], 'BI_ratios': [0.2], 'fusion_weights': {'modal_weight': [0.0, 0.5, 0.5], 'UB_layer': [0.5, 0.5, 0.0], 'UI_layer': [0.3, 0.4, 0.3], 'BI_layer': [0.5, 0.5, 0.0]}, 'lrs': [0.001], 'l2_regs': [1e-05], 'c_lambdas': [0.1], 'c_temps': [0.2], 'epochs': 30, 'test_interval': 5, 'dwt': {'rebuild_strategy': 'pooled_z0', 'use_latent_diffusion_rebuild': True, 'rebuild_k': 7, 'latent_diffusion_user_embedding_path': './datasets/iFashion_UB_emb/iFashion_UB-user-04261842.pt', 'latent_diffusion_bundle_embedding_path': './datasets/iFashion_UB_emb/iFashion_UB-bundle-04261842.pt', 'latent_diffusion_hidden_dim': 128, 'latent_diffusion_time_dim': 16, 'latent_diffusion_denoiser_layers': 2, 'latent_diffusion_dropout': 0.1, 'latent_diffusion_num_steps': 12, 'latent_diffusion_beta_start': 0.0001, 'latent_diffusion_beta_end': 0.02, 'latent_diffusion_set_loss_weight': 0.05, 'latent_diffusion_lr': 0.001, 'latent_diffusion_weight_decay': 1e-05, 'latent_diffusion_batch_size': 1024, 'latent_diffusion_infer_batch_size': 256, 'latent_diffusion_reset_after_epoch': -1, 'latent_diffusion_reset_optimizer': False, 'gamma_1': 0.3, 'gamma_2': 0.2, 'tau': 0.08, 'lambda_1': 0.3, 'lambda_2': 1e-06}, 'anchor_cl': {'enabled': False, 'anchor_cl_lambda': 0.07, 'temp': 0.2, 'user_cl': True, 'bundle_cl': True, 'ub_ui_user_weight': 1.0, 'ub_bi_user_weight': 1.0, 'ub_ui_bundle_weight': 1.0, 'ub_bi_bundle_weight': 1.0}, 'ui_bundle_user_agg_beta': 0, 'bi_user_bundle_agg_beta': 0, 'dataset': 'iFashion', 'model': 'AnchorViewBundleNet', 'gpu': '0', 'info': 'M1E_z0_k7', 'num_users': 53897, 'num_bundles': 27694, 'num_items': 42563, 'device': device(type='cuda', index=0)}
train_style: dwt
==================== DWT Module1 experiment: dataset=iFashion strategy=pooled_z0 k=7 info=M1E_z0_k7 ====================
[Module1 Ablation] diffusion_rebuilder=disabled; ub_rebuild_schedule=pooled z0 similarity Top-K, built once
>>>>>>>>>>U-B statistics from pooled z0 Top-K rebuild>>>>>>>>>>
Average interactions 7.0
Non-zero rows 1.0
Non-zero columns 0.5016610096049686
Matrix density 0.0002527623311908717
[ub_rebuild/pooled_z0] epoch=1 dataset=iFashion rebuilt_edges=377279 avg_user_edges=7.000000 user_coverage=1.000000 bundle_coverage=0.501661 density=0.0002527623
[Module1 Ablation] experiment=M1E_z0_k7 strategy=pooled_z0 k=7 epoch=1/30
[Module1 Ablation] experiment=M1E_z0_k7 strategy=pooled_z0 k=7 epoch=2/30
[Module1 Ablation] experiment=M1E_z0_k7 strategy=pooled_z0 k=7 epoch=3/30
[Module1 Ablation] experiment=M1E_z0_k7 strategy=pooled_z0 k=7 epoch=4/30
[Module1 Ablation] experiment=M1E_z0_k7 strategy=pooled_z0 k=7 epoch=5/30
2026-06-16 14:58:47, Top_10, Val:  recall: 0.094266, ndcg: 0.074202
2026-06-16 14:58:47, Top_10, Test: recall: 0.094517, ndcg: 0.099347
--------------------
2026-06-16 14:58:47, Top_20, Val:  recall: 0.125556, ndcg: 0.084527
2026-06-16 14:58:47, Top_20, Test: recall: 0.125791, ndcg: 0.111787
--------------------
2026-06-16 14:58:47, Top_40, Val:  recall: 0.162785, ndcg: 0.094635
2026-06-16 14:58:47, Top_40, Test: recall: 0.163506, ndcg: 0.125018
--------------------
2026-06-16 14:58:47, Top_80, Val:  recall: 0.206197, ndcg: 0.104508
2026-06-16 14:58:47, Top_80, Test: recall: 0.207148, ndcg: 0.138026
--------------------
top20 as the final evaluation standard
褰撳墠缃戞牸鍙傛暟: 0.00 + 0.00
2026-06-16 14:58:47, Best in epoch 4, TOP 10: REC_V=0.09427, NDCG_V=0.07420
2026-06-16 14:58:47, Best in epoch 4, TOP 10: REC_T=0.09452, NDCG_T=0.09935
2026-06-16 14:58:47, Best in epoch 4, TOP 20: REC_V=0.12556, NDCG_V=0.08453
2026-06-16 14:58:47, Best in epoch 4, TOP 20: REC_T=0.12579, NDCG_T=0.11179
2026-06-16 14:58:47, Best in epoch 4, TOP 40: REC_V=0.16279, NDCG_V=0.09464
2026-06-16 14:58:47, Best in epoch 4, TOP 40: REC_T=0.16351, NDCG_T=0.12502
2026-06-16 14:58:47, Best in epoch 4, TOP 80: REC_V=0.20620, NDCG_V=0.10451
2026-06-16 14:58:47, Best in epoch 4, TOP 80: REC_T=0.20715, NDCG_T=0.13803
[Module1 Ablation] experiment=M1E_z0_k7 strategy=pooled_z0 k=7 epoch=6/30
[Module1 Ablation] experiment=M1E_z0_k7 strategy=pooled_z0 k=7 epoch=7/30
[Module1 Ablation] experiment=M1E_z0_k7 strategy=pooled_z0 k=7 epoch=8/30
[Module1 Ablation] experiment=M1E_z0_k7 strategy=pooled_z0 k=7 epoch=9/30
[Module1 Ablation] experiment=M1E_z0_k7 strategy=pooled_z0 k=7 epoch=10/30
2026-06-16 15:03:27, Top_10, Val:  recall: 0.108841, ndcg: 0.083893
2026-06-16 15:03:27, Top_10, Test: recall: 0.109323, ndcg: 0.112212
--------------------
2026-06-16 15:03:27, Top_20, Val:  recall: 0.145986, ndcg: 0.096170
2026-06-16 15:03:27, Top_20, Test: recall: 0.147795, ndcg: 0.127593
--------------------
2026-06-16 15:03:27, Top_40, Val:  recall: 0.190391, ndcg: 0.108199
2026-06-16 15:03:27, Top_40, Test: recall: 0.192526, ndcg: 0.143322
--------------------
2026-06-16 15:03:27, Top_80, Val:  recall: 0.242321, ndcg: 0.120016
2026-06-16 15:03:27, Top_80, Test: recall: 0.243742, ndcg: 0.158617
--------------------
top20 as the final evaluation standard
褰撳墠缃戞牸鍙傛暟: 0.00 + 0.00
2026-06-16 15:03:28, Best in epoch 9, TOP 10: REC_V=0.10884, NDCG_V=0.08389
2026-06-16 15:03:28, Best in epoch 9, TOP 10: REC_T=0.10932, NDCG_T=0.11221
2026-06-16 15:03:28, Best in epoch 9, TOP 20: REC_V=0.14599, NDCG_V=0.09617
2026-06-16 15:03:28, Best in epoch 9, TOP 20: REC_T=0.14779, NDCG_T=0.12759
2026-06-16 15:03:28, Best in epoch 9, TOP 40: REC_V=0.19039, NDCG_V=0.10820
2026-06-16 15:03:28, Best in epoch 9, TOP 40: REC_T=0.19253, NDCG_T=0.14332
2026-06-16 15:03:28, Best in epoch 9, TOP 80: REC_V=0.24232, NDCG_V=0.12002
2026-06-16 15:03:28, Best in epoch 9, TOP 80: REC_T=0.24374, NDCG_T=0.15862
[Module1 Ablation] experiment=M1E_z0_k7 strategy=pooled_z0 k=7 epoch=11/30
[Module1 Ablation] experiment=M1E_z0_k7 strategy=pooled_z0 k=7 epoch=12/30
[Module1 Ablation] experiment=M1E_z0_k7 strategy=pooled_z0 k=7 epoch=13/30
[Module1 Ablation] experiment=M1E_z0_k7 strategy=pooled_z0 k=7 epoch=14/30
[Module1 Ablation] experiment=M1E_z0_k7 strategy=pooled_z0 k=7 epoch=15/30
2026-06-16 15:08:14, Top_10, Val:  recall: 0.111811, ndcg: 0.085305
2026-06-16 15:08:14, Top_10, Test: recall: 0.112643, ndcg: 0.113653
--------------------
2026-06-16 15:08:14, Top_20, Val:  recall: 0.152398, ndcg: 0.098733
2026-06-16 15:08:14, Top_20, Test: recall: 0.154037, ndcg: 0.130219
--------------------
2026-06-16 15:08:14, Top_40, Val:  recall: 0.199984, ndcg: 0.111618
2026-06-16 15:08:14, Top_40, Test: recall: 0.202925, ndcg: 0.147403
--------------------
2026-06-16 15:08:14, Top_80, Val:  recall: 0.255777, ndcg: 0.124323
2026-06-16 15:08:14, Top_80, Test: recall: 0.258047, ndcg: 0.163882
--------------------
top20 as the final evaluation standard
褰撳墠缃戞牸鍙傛暟: 0.00 + 0.00
2026-06-16 15:08:14, Best in epoch 14, TOP 10: REC_V=0.11181, NDCG_V=0.08531
2026-06-16 15:08:14, Best in epoch 14, TOP 10: REC_T=0.11264, NDCG_T=0.11365
2026-06-16 15:08:14, Best in epoch 14, TOP 20: REC_V=0.15240, NDCG_V=0.09873
2026-06-16 15:08:14, Best in epoch 14, TOP 20: REC_T=0.15404, NDCG_T=0.13022
2026-06-16 15:08:14, Best in epoch 14, TOP 40: REC_V=0.19998, NDCG_V=0.11162
2026-06-16 15:08:14, Best in epoch 14, TOP 40: REC_T=0.20292, NDCG_T=0.14740
2026-06-16 15:08:14, Best in epoch 14, TOP 80: REC_V=0.25578, NDCG_V=0.12432
2026-06-16 15:08:14, Best in epoch 14, TOP 80: REC_T=0.25805, NDCG_T=0.16388
[Module1 Ablation] experiment=M1E_z0_k7 strategy=pooled_z0 k=7 epoch=16/30
[Module1 Ablation] experiment=M1E_z0_k7 strategy=pooled_z0 k=7 epoch=17/30
[Module1 Ablation] experiment=M1E_z0_k7 strategy=pooled_z0 k=7 epoch=18/30
[Module1 Ablation] experiment=M1E_z0_k7 strategy=pooled_z0 k=7 epoch=19/30
[Module1 Ablation] experiment=M1E_z0_k7 strategy=pooled_z0 k=7 epoch=20/30
2026-06-16 15:12:58, Top_10, Val:  recall: 0.112137, ndcg: 0.084781
2026-06-16 15:12:58, Top_10, Test: recall: 0.113587, ndcg: 0.113832
--------------------
2026-06-16 15:12:58, Top_20, Val:  recall: 0.154040, ndcg: 0.098659
2026-06-16 15:12:58, Top_20, Test: recall: 0.156011, ndcg: 0.130876
--------------------
2026-06-16 15:12:58, Top_40, Val:  recall: 0.204532, ndcg: 0.112318
2026-06-16 15:12:58, Top_40, Test: recall: 0.205353, ndcg: 0.148257
--------------------
2026-06-16 15:12:58, Top_80, Val:  recall: 0.260143, ndcg: 0.124998
2026-06-16 15:12:58, Top_80, Test: recall: 0.261876, ndcg: 0.165156
--------------------
top20 as the final evaluation standard
褰撳墠缃戞牸鍙傛暟: 0.00 + 0.00
2026-06-16 15:12:58, Best in epoch 19, TOP 10: REC_V=0.11214, NDCG_V=0.08478
2026-06-16 15:12:58, Best in epoch 19, TOP 10: REC_T=0.11359, NDCG_T=0.11383
2026-06-16 15:12:58, Best in epoch 19, TOP 20: REC_V=0.15404, NDCG_V=0.09866
2026-06-16 15:12:58, Best in epoch 19, TOP 20: REC_T=0.15601, NDCG_T=0.13088
2026-06-16 15:12:58, Best in epoch 19, TOP 40: REC_V=0.20453, NDCG_V=0.11232
2026-06-16 15:12:58, Best in epoch 19, TOP 40: REC_T=0.20535, NDCG_T=0.14826
2026-06-16 15:12:58, Best in epoch 19, TOP 80: REC_V=0.26014, NDCG_V=0.12500
2026-06-16 15:12:58, Best in epoch 19, TOP 80: REC_T=0.26188, NDCG_T=0.16516
[Module1 Ablation] experiment=M1E_z0_k7 strategy=pooled_z0 k=7 epoch=21/30
[Module1 Ablation] experiment=M1E_z0_k7 strategy=pooled_z0 k=7 epoch=22/30
[Module1 Ablation] experiment=M1E_z0_k7 strategy=pooled_z0 k=7 epoch=23/30
[Module1 Ablation] experiment=M1E_z0_k7 strategy=pooled_z0 k=7 epoch=24/30
[Module1 Ablation] experiment=M1E_z0_k7 strategy=pooled_z0 k=7 epoch=25/30
2026-06-16 15:17:49, Top_10, Val:  recall: 0.112241, ndcg: 0.084612
2026-06-16 15:17:49, Top_10, Test: recall: 0.113288, ndcg: 0.113529
--------------------
2026-06-16 15:17:49, Top_20, Val:  recall: 0.153832, ndcg: 0.098379
2026-06-16 15:17:49, Top_20, Test: recall: 0.155573, ndcg: 0.130508
--------------------
2026-06-16 15:17:49, Top_40, Val:  recall: 0.204478, ndcg: 0.112150
2026-06-16 15:17:49, Top_40, Test: recall: 0.205721, ndcg: 0.148138
--------------------
2026-06-16 15:17:49, Top_80, Val:  recall: 0.262093, ndcg: 0.125263
2026-06-16 15:17:49, Top_80, Test: recall: 0.263454, ndcg: 0.165390
--------------------
top20 as the final evaluation standard
[Module1 Ablation] experiment=M1E_z0_k7 strategy=pooled_z0 k=7 epoch=26/30
[Module1 Ablation] experiment=M1E_z0_k7 strategy=pooled_z0 k=7 epoch=27/30
[Module1 Ablation] experiment=M1E_z0_k7 strategy=pooled_z0 k=7 epoch=28/30
[Module1 Ablation] experiment=M1E_z0_k7 strategy=pooled_z0 k=7 epoch=29/30
[Module1 Ablation] experiment=M1E_z0_k7 strategy=pooled_z0 k=7 epoch=30/30
2026-06-16 15:22:48, Top_10, Val:  recall: 0.112326, ndcg: 0.084287
2026-06-16 15:22:48, Top_10, Test: recall: 0.112990, ndcg: 0.113290
--------------------
2026-06-16 15:22:48, Top_20, Val:  recall: 0.154651, ndcg: 0.098305
2026-06-16 15:22:48, Top_20, Test: recall: 0.155860, ndcg: 0.130505
--------------------
2026-06-16 15:22:48, Top_40, Val:  recall: 0.204715, ndcg: 0.111897
2026-06-16 15:22:48, Top_40, Test: recall: 0.206122, ndcg: 0.148218
--------------------
2026-06-16 15:22:48, Top_80, Val:  recall: 0.262553, ndcg: 0.125070
2026-06-16 15:22:48, Top_80, Test: recall: 0.263901, ndcg: 0.165490
--------------------
top20 as the final evaluation standard
褰撳墠缃戞牸鍙傛暟: 0.00 + 0.00
2026-06-16 15:22:49, Best in epoch 29, TOP 10: REC_V=0.11233, NDCG_V=0.08429
2026-06-16 15:22:49, Best in epoch 29, TOP 10: REC_T=0.11299, NDCG_T=0.11329
2026-06-16 15:22:49, Best in epoch 29, TOP 20: REC_V=0.15465, NDCG_V=0.09831
2026-06-16 15:22:49, Best in epoch 29, TOP 20: REC_T=0.15586, NDCG_T=0.13051
2026-06-16 15:22:49, Best in epoch 29, TOP 40: REC_V=0.20471, NDCG_V=0.11190
2026-06-16 15:22:49, Best in epoch 29, TOP 40: REC_T=0.20612, NDCG_T=0.14822
2026-06-16 15:22:49, Best in epoch 29, TOP 80: REC_V=0.26255, NDCG_V=0.12507
2026-06-16 15:22:49, Best in epoch 29, TOP 80: REC_T=0.26390, NDCG_T=0.16549
