load config file done!
Global random seed set to: 2026
>>>>>>>>>>B-I statistics>>>>>>>>>>
Average interactions 3.86061954498291
Non-zero rows 1.0
Non-zero columns 1.0
Matrix density 9.070365408454437e-05
>>>>>>>>>>U-I statistics>>>>>>>>>>
Average interactions 42.50041580200195
Non-zero rows 0.9989980889474368
Non-zero columns 0.9486643328712732
Matrix density 0.0009985296492948938
>>>>>>>>>>U-B statistics in train>>>>>>>>>>
Average interactions 22.5184326171875
Non-zero rows 1.0
Non-zero columns 1.0
Matrix density 0.0008131159568128954
>>>>>>>>>>U-B statistics in tune>>>>>>>>>>
Average interactions 2.764662265777588
Non-zero rows 1.0
Non-zero columns 0.8580558965840976
Matrix density 9.98289241748367e-05
>>>>>>>>>>U-B statistics in test>>>>>>>>>>
Average interactions 5.882052898406982
Non-zero rows 1.0
Non-zero columns 0.9736043908427818
Matrix density 0.00021239448271911793
{'data_path': './datasets', 'train_style': 'dwt', 'batch_size_train': 2048, 'batch_size_test': 2048, 'topk': [10, 20, 40, 80], 'neg_num': 1, 'seed': 2026, 'aug_type': 'Noise', 'ed_interval': 1, 'embedding_sizes': [64], 'num_layerss': [2], 'UB_ratios': [0.05], 'UI_ratios': [0.0], 'BI_ratios': [0.2], 'fusion_weights': {'modal_weight': [0.0, 0.5, 0.5], 'UB_layer': [0.5, 0.5, 0.0], 'UI_layer': [0.3, 0.4, 0.3], 'BI_layer': [0.5, 0.5, 0.0]}, 'lrs': [0.001], 'l2_regs': [1e-05], 'c_lambdas': [0.1], 'c_temps': [0.2], 'epochs': 30, 'test_interval': 5, 'dwt': {'rebuild_strategy': 'raw', 'use_latent_diffusion_rebuild': True, 'rebuild_k': 3, 'latent_diffusion_user_embedding_path': './datasets/iFashion_UB_emb/iFashion_UB-user-04261842.pt', 'latent_diffusion_bundle_embedding_path': './datasets/iFashion_UB_emb/iFashion_UB-bundle-04261842.pt', 'latent_diffusion_hidden_dim': 128, 'latent_diffusion_time_dim': 16, 'latent_diffusion_denoiser_layers': 2, 'latent_diffusion_dropout': 0.1, 'latent_diffusion_num_steps': 12, 'latent_diffusion_beta_start': 0.0001, 'latent_diffusion_beta_end': 0.02, 'latent_diffusion_set_loss_weight': 0.05, 'latent_diffusion_lr': 0.001, 'latent_diffusion_weight_decay': 1e-05, 'latent_diffusion_batch_size': 1024, 'latent_diffusion_infer_batch_size': 256, 'latent_diffusion_reset_after_epoch': -1, 'latent_diffusion_reset_optimizer': False, 'gamma_1': 0.3, 'gamma_2': 0.2, 'tau': 0.08, 'lambda_1': 0.3, 'lambda_2': 1e-06}, 'anchor_cl': {'enabled': False, 'anchor_cl_lambda': 0.07, 'temp': 0.2, 'user_cl': True, 'bundle_cl': True, 'ub_ui_user_weight': 1.0, 'ub_bi_user_weight': 1.0, 'ub_ui_bundle_weight': 1.0, 'ub_bi_bundle_weight': 1.0}, 'ui_bundle_user_agg_beta': 0, 'bi_user_bundle_agg_beta': 0, 'dataset': 'iFashion', 'model': 'AnchorViewBundleNet', 'gpu': '0', 'info': 'M1Raw', 'num_users': 53897, 'num_bundles': 27694, 'num_items': 42563, 'device': device(type='cuda', index=0)}
train_style: dwt
==================== DWT Module1 experiment: dataset=iFashion strategy=raw k=all info=M1Raw ====================
[Module1 Ablation] diffusion_rebuilder=disabled; ub_rebuild_schedule=raw train UB graph, built once
>>>>>>>>>>U-B statistics from raw train UB>>>>>>>>>>
Average interactions 22.5184326171875
Non-zero rows 1.0
Non-zero columns 1.0
Matrix density 0.0008131159568128954
[ub_rebuild/raw] epoch=1 dataset=iFashion rebuilt_edges=1213676 avg_user_edges=22.518433 user_coverage=1.000000 bundle_coverage=1.000000 density=0.0008131160
[Module1 Ablation] experiment=M1Raw strategy=raw k=all epoch=1/30
[Module1 Ablation] experiment=M1Raw strategy=raw k=all epoch=2/30
[Module1 Ablation] experiment=M1Raw strategy=raw k=all epoch=3/30
[Module1 Ablation] experiment=M1Raw strategy=raw k=all epoch=4/30
[Module1 Ablation] experiment=M1Raw strategy=raw k=all epoch=5/30
2026-06-16 03:00:31, Top_10, Val:  recall: 0.100719, ndcg: 0.077586
2026-06-16 03:00:31, Top_10, Test: recall: 0.101662, ndcg: 0.104159
--------------------
2026-06-16 03:00:31, Top_20, Val:  recall: 0.137230, ndcg: 0.089633
2026-06-16 03:00:31, Top_20, Test: recall: 0.137626, ndcg: 0.118642
--------------------
2026-06-16 03:00:31, Top_40, Val:  recall: 0.180292, ndcg: 0.101309
2026-06-16 03:00:31, Top_40, Test: recall: 0.180574, ndcg: 0.133744
--------------------
2026-06-16 03:00:31, Top_80, Val:  recall: 0.229985, ndcg: 0.112618
2026-06-16 03:00:31, Top_80, Test: recall: 0.230947, ndcg: 0.148751
--------------------
top20 as the final evaluation standard
褰撳墠缃戞牸鍙傛暟: 0.00 + 0.00
2026-06-16 03:00:31, Best in epoch 4, TOP 10: REC_V=0.10072, NDCG_V=0.07759
2026-06-16 03:00:31, Best in epoch 4, TOP 10: REC_T=0.10166, NDCG_T=0.10416
2026-06-16 03:00:31, Best in epoch 4, TOP 20: REC_V=0.13723, NDCG_V=0.08963
2026-06-16 03:00:31, Best in epoch 4, TOP 20: REC_T=0.13763, NDCG_T=0.11864
2026-06-16 03:00:31, Best in epoch 4, TOP 40: REC_V=0.18029, NDCG_V=0.10131
2026-06-16 03:00:31, Best in epoch 4, TOP 40: REC_T=0.18057, NDCG_T=0.13374
2026-06-16 03:00:31, Best in epoch 4, TOP 80: REC_V=0.22998, NDCG_V=0.11262
2026-06-16 03:00:31, Best in epoch 4, TOP 80: REC_T=0.23095, NDCG_T=0.14875
[Module1 Ablation] experiment=M1Raw strategy=raw k=all epoch=6/30
[Module1 Ablation] experiment=M1Raw strategy=raw k=all epoch=7/30
[Module1 Ablation] experiment=M1Raw strategy=raw k=all epoch=8/30
[Module1 Ablation] experiment=M1Raw strategy=raw k=all epoch=9/30
[Module1 Ablation] experiment=M1Raw strategy=raw k=all epoch=10/30
2026-06-16 03:06:34, Top_10, Val:  recall: 0.106565, ndcg: 0.079787
2026-06-16 03:06:34, Top_10, Test: recall: 0.108070, ndcg: 0.107520
--------------------
2026-06-16 03:06:34, Top_20, Val:  recall: 0.149065, ndcg: 0.093821
2026-06-16 03:06:34, Top_20, Test: recall: 0.150014, ndcg: 0.124432
--------------------
2026-06-16 03:06:34, Top_40, Val:  recall: 0.199418, ndcg: 0.107480
2026-06-16 03:06:34, Top_40, Test: recall: 0.200651, ndcg: 0.142265
--------------------
2026-06-16 03:06:34, Top_80, Val:  recall: 0.257999, ndcg: 0.120853
2026-06-16 03:06:34, Top_80, Test: recall: 0.259341, ndcg: 0.159788
--------------------
top20 as the final evaluation standard
褰撳墠缃戞牸鍙傛暟: 0.00 + 0.00
2026-06-16 03:06:34, Best in epoch 9, TOP 10: REC_V=0.10657, NDCG_V=0.07979
2026-06-16 03:06:34, Best in epoch 9, TOP 10: REC_T=0.10807, NDCG_T=0.10752
2026-06-16 03:06:34, Best in epoch 9, TOP 20: REC_V=0.14907, NDCG_V=0.09382
2026-06-16 03:06:34, Best in epoch 9, TOP 20: REC_T=0.15001, NDCG_T=0.12443
2026-06-16 03:06:34, Best in epoch 9, TOP 40: REC_V=0.19942, NDCG_V=0.10748
2026-06-16 03:06:34, Best in epoch 9, TOP 40: REC_T=0.20065, NDCG_T=0.14226
2026-06-16 03:06:34, Best in epoch 9, TOP 80: REC_V=0.25800, NDCG_V=0.12085
2026-06-16 03:06:34, Best in epoch 9, TOP 80: REC_T=0.25934, NDCG_T=0.15979
[Module1 Ablation] experiment=M1Raw strategy=raw k=all epoch=11/30
[Module1 Ablation] experiment=M1Raw strategy=raw k=all epoch=12/30
[Module1 Ablation] experiment=M1Raw strategy=raw k=all epoch=13/30
[Module1 Ablation] experiment=M1Raw strategy=raw k=all epoch=14/30
[Module1 Ablation] experiment=M1Raw strategy=raw k=all epoch=15/30
2026-06-16 03:12:34, Top_10, Val:  recall: 0.104606, ndcg: 0.077526
2026-06-16 03:12:34, Top_10, Test: recall: 0.106002, ndcg: 0.104488
--------------------
2026-06-16 03:12:34, Top_20, Val:  recall: 0.148864, ndcg: 0.092190
2026-06-16 03:12:34, Top_20, Test: recall: 0.150350, ndcg: 0.122432
--------------------
2026-06-16 03:12:34, Top_40, Val:  recall: 0.203040, ndcg: 0.106891
2026-06-16 03:12:34, Top_40, Test: recall: 0.204003, ndcg: 0.141300
--------------------
2026-06-16 03:12:34, Top_80, Val:  recall: 0.265017, ndcg: 0.121011
2026-06-16 03:12:34, Top_80, Test: recall: 0.266467, ndcg: 0.159946
--------------------
top20 as the final evaluation standard
褰撳墠缃戞牸鍙傛暟: 0.00 + 0.00
2026-06-16 03:12:34, Best in epoch 14, TOP 10: REC_V=0.10461, NDCG_V=0.07753
2026-06-16 03:12:34, Best in epoch 14, TOP 10: REC_T=0.10600, NDCG_T=0.10449
2026-06-16 03:12:34, Best in epoch 14, TOP 20: REC_V=0.14886, NDCG_V=0.09219
2026-06-16 03:12:34, Best in epoch 14, TOP 20: REC_T=0.15035, NDCG_T=0.12243
2026-06-16 03:12:34, Best in epoch 14, TOP 40: REC_V=0.20304, NDCG_V=0.10689
2026-06-16 03:12:34, Best in epoch 14, TOP 40: REC_T=0.20400, NDCG_T=0.14130
2026-06-16 03:12:34, Best in epoch 14, TOP 80: REC_V=0.26502, NDCG_V=0.12101
2026-06-16 03:12:34, Best in epoch 14, TOP 80: REC_T=0.26647, NDCG_T=0.15995
[Module1 Ablation] experiment=M1Raw strategy=raw k=all epoch=16/30
[Module1 Ablation] experiment=M1Raw strategy=raw k=all epoch=17/30
[Module1 Ablation] experiment=M1Raw strategy=raw k=all epoch=18/30
[Module1 Ablation] experiment=M1Raw strategy=raw k=all epoch=19/30
[Module1 Ablation] experiment=M1Raw strategy=raw k=all epoch=20/30
2026-06-16 03:18:21, Top_10, Val:  recall: 0.104100, ndcg: 0.077042
2026-06-16 03:18:21, Top_10, Test: recall: 0.105230, ndcg: 0.103707
--------------------
2026-06-16 03:18:21, Top_20, Val:  recall: 0.148702, ndcg: 0.091794
2026-06-16 03:18:21, Top_20, Test: recall: 0.149870, ndcg: 0.121794
--------------------
2026-06-16 03:18:21, Top_40, Val:  recall: 0.203445, ndcg: 0.106644
2026-06-16 03:18:21, Top_40, Test: recall: 0.204381, ndcg: 0.141018
--------------------
2026-06-16 03:18:21, Top_80, Val:  recall: 0.267281, ndcg: 0.121187
2026-06-16 03:18:21, Top_80, Test: recall: 0.268068, ndcg: 0.160021
--------------------
top20 as the final evaluation standard
[Module1 Ablation] experiment=M1Raw strategy=raw k=all epoch=21/30
[Module1 Ablation] experiment=M1Raw strategy=raw k=all epoch=22/30
[Module1 Ablation] experiment=M1Raw strategy=raw k=all epoch=23/30
[Module1 Ablation] experiment=M1Raw strategy=raw k=all epoch=24/30
[Module1 Ablation] experiment=M1Raw strategy=raw k=all epoch=25/30
2026-06-16 03:23:41, Top_10, Val:  recall: 0.103247, ndcg: 0.076347
2026-06-16 03:23:41, Top_10, Test: recall: 0.104692, ndcg: 0.103131
--------------------
2026-06-16 03:23:41, Top_20, Val:  recall: 0.147972, ndcg: 0.091146
2026-06-16 03:23:41, Top_20, Test: recall: 0.149206, ndcg: 0.121187
--------------------
2026-06-16 03:23:41, Top_40, Val:  recall: 0.203492, ndcg: 0.106194
2026-06-16 03:23:41, Top_40, Test: recall: 0.204599, ndcg: 0.140680
--------------------
2026-06-16 03:23:41, Top_80, Val:  recall: 0.267448, ndcg: 0.120799
2026-06-16 03:23:41, Top_80, Test: recall: 0.268191, ndcg: 0.159664
--------------------
top20 as the final evaluation standard
[Module1 Ablation] experiment=M1Raw strategy=raw k=all epoch=26/30
[Module1 Ablation] experiment=M1Raw strategy=raw k=all epoch=27/30
[Module1 Ablation] experiment=M1Raw strategy=raw k=all epoch=28/30
[Module1 Ablation] experiment=M1Raw strategy=raw k=all epoch=29/30
[Module1 Ablation] experiment=M1Raw strategy=raw k=all epoch=30/30
2026-06-16 03:29:02, Top_10, Val:  recall: 0.104213, ndcg: 0.076794
2026-06-16 03:29:02, Top_10, Test: recall: 0.104829, ndcg: 0.103252
--------------------
2026-06-16 03:29:02, Top_20, Val:  recall: 0.148416, ndcg: 0.091402
2026-06-16 03:29:02, Top_20, Test: recall: 0.149452, ndcg: 0.121335
--------------------
2026-06-16 03:29:02, Top_40, Val:  recall: 0.204393, ndcg: 0.106572
2026-06-16 03:29:02, Top_40, Test: recall: 0.204609, ndcg: 0.140735
--------------------
2026-06-16 03:29:02, Top_80, Val:  recall: 0.268500, ndcg: 0.121195
2026-06-16 03:29:02, Top_80, Test: recall: 0.268244, ndcg: 0.159753
--------------------
top20 as the final evaluation standard
